<?xml version="1.0" encoding="ISO-8859-1" ?>
<link_info>
   <banner>TI ARM Linker Unix v20.2.7.LTS</banner>
   <copyright>Copyright (c) 1996-2018 Texas Instruments Incorporated</copyright>
   <link_time>0x680a8d86</link_time>
   <link_errors>0x0</link_errors>
   <output_file>Project2.out</output_file>
   <entry_point>
      <name>_c_int00_noargs</name>
      <address>0x73d5</address>
   </entry_point>
   <input_file_list>
      <input_file id="fl-1">
         <path>./</path>
         <kind>object</kind>
         <file>arp.obj</file>
         <name>arp.obj</name>
      </input_file>
      <input_file id="fl-2">
         <path>./</path>
         <kind>object</kind>
         <file>clock.obj</file>
         <name>clock.obj</name>
      </input_file>
      <input_file id="fl-3">
         <path>./</path>
         <kind>object</kind>
         <file>eeprom.obj</file>
         <name>eeprom.obj</name>
      </input_file>
      <input_file id="fl-4">
         <path>./</path>
         <kind>object</kind>
         <file>eth0.obj</file>
         <name>eth0.obj</name>
      </input_file>
      <input_file id="fl-5">
         <path>./</path>
         <kind>object</kind>
         <file>ethernet.obj</file>
         <name>ethernet.obj</name>
      </input_file>
      <input_file id="fl-6">
         <path>./</path>
         <kind>object</kind>
         <file>gpio.obj</file>
         <name>gpio.obj</name>
      </input_file>
      <input_file id="fl-7">
         <path>./</path>
         <kind>object</kind>
         <file>icmp.obj</file>
         <name>icmp.obj</name>
      </input_file>
      <input_file id="fl-8">
         <path>./</path>
         <kind>object</kind>
         <file>ip.obj</file>
         <name>ip.obj</name>
      </input_file>
      <input_file id="fl-9">
         <path>./</path>
         <kind>object</kind>
         <file>motor.obj</file>
         <name>motor.obj</name>
      </input_file>
      <input_file id="fl-a">
         <path>./</path>
         <kind>object</kind>
         <file>mqtt.obj</file>
         <name>mqtt.obj</name>
      </input_file>
      <input_file id="fl-b">
         <path>./</path>
         <kind>object</kind>
         <file>socket.obj</file>
         <name>socket.obj</name>
      </input_file>
      <input_file id="fl-c">
         <path>./</path>
         <kind>object</kind>
         <file>spi0.obj</file>
         <name>spi0.obj</name>
      </input_file>
      <input_file id="fl-d">
         <path>./</path>
         <kind>object</kind>
         <file>tcp.obj</file>
         <name>tcp.obj</name>
      </input_file>
      <input_file id="fl-e">
         <path>./</path>
         <kind>object</kind>
         <file>timer.obj</file>
         <name>timer.obj</name>
      </input_file>
      <input_file id="fl-f">
         <path>./</path>
         <kind>object</kind>
         <file>tm4c123gh6pm_startup_ccs.obj</file>
         <name>tm4c123gh6pm_startup_ccs.obj</name>
      </input_file>
      <input_file id="fl-10">
         <path>./</path>
         <kind>object</kind>
         <file>uart0.obj</file>
         <name>uart0.obj</name>
      </input_file>
      <input_file id="fl-11">
         <path>./</path>
         <kind>object</kind>
         <file>udp.obj</file>
         <name>udp.obj</name>
      </input_file>
      <input_file id="fl-12">
         <path>./</path>
         <kind>object</kind>
         <file>wait.obj</file>
         <name>wait.obj</name>
      </input_file>
      <input_file id="fl-16">
         <kind>object</kind>
         <file>&lt;internal&gt;</file>
         <name>&lt;internal&gt;</name>
      </input_file>
      <input_file id="fl-cc">
         <path>/Users/sanket/CodeComposerFiles/ccs/tools/compiler/ti-cgt-arm_20.2.7.LTS/lib/</path>
         <kind>archive</kind>
         <file>rtsv7M4_T_le_v4SPD16_eabi.lib</file>
         <name>snprintf.c.obj</name>
      </input_file>
      <input_file id="fl-cd">
         <path>/Users/sanket/CodeComposerFiles/ccs/tools/compiler/ti-cgt-arm_20.2.7.LTS/lib/</path>
         <kind>archive</kind>
         <file>rtsv7M4_T_le_v4SPD16_eabi.lib</file>
         <name>sscanf.c.obj</name>
      </input_file>
      <input_file id="fl-ce">
         <path>/Users/sanket/CodeComposerFiles/ccs/tools/compiler/ti-cgt-arm_20.2.7.LTS/lib/</path>
         <kind>archive</kind>
         <file>rtsv7M4_T_le_v4SPD16_eabi.lib</file>
         <name>memcpy_t2.asm.obj</name>
      </input_file>
      <input_file id="fl-cf">
         <path>/Users/sanket/CodeComposerFiles/ccs/tools/compiler/ti-cgt-arm_20.2.7.LTS/lib/</path>
         <kind>archive</kind>
         <file>rtsv7M4_T_le_v4SPD16_eabi.lib</file>
         <name>memset_t2.asm.obj</name>
      </input_file>
      <input_file id="fl-d0">
         <path>/Users/sanket/CodeComposerFiles/ccs/tools/compiler/ti-cgt-arm_20.2.7.LTS/lib/</path>
         <kind>archive</kind>
         <file>rtsv7M4_T_le_v4SPD16_eabi.lib</file>
         <name>copy_zero_init.c.obj</name>
      </input_file>
      <input_file id="fl-d1">
         <path>/Users/sanket/CodeComposerFiles/ccs/tools/compiler/ti-cgt-arm_20.2.7.LTS/lib/</path>
         <kind>archive</kind>
         <file>rtsv7M4_T_le_v4SPD16_eabi.lib</file>
         <name>copy_decompress_none.c.obj</name>
      </input_file>
      <input_file id="fl-d2">
         <path>/Users/sanket/CodeComposerFiles/ccs/tools/compiler/ti-cgt-arm_20.2.7.LTS/lib/</path>
         <kind>archive</kind>
         <file>rtsv7M4_T_le_v4SPD16_eabi.lib</file>
         <name>copy_decompress_lzss.c.obj</name>
      </input_file>
      <input_file id="fl-d3">
         <path>/Users/sanket/CodeComposerFiles/ccs/tools/compiler/ti-cgt-arm_20.2.7.LTS/lib/</path>
         <kind>archive</kind>
         <file>rtsv7M4_T_le_v4SPD16_eabi.lib</file>
         <name>ctype.c.obj</name>
      </input_file>
      <input_file id="fl-d4">
         <path>/Users/sanket/CodeComposerFiles/ccs/tools/compiler/ti-cgt-arm_20.2.7.LTS/lib/</path>
         <kind>archive</kind>
         <file>rtsv7M4_T_le_v4SPD16_eabi.lib</file>
         <name>memcmp.c.obj</name>
      </input_file>
      <input_file id="fl-d5">
         <path>/Users/sanket/CodeComposerFiles/ccs/tools/compiler/ti-cgt-arm_20.2.7.LTS/lib/</path>
         <kind>archive</kind>
         <file>rtsv7M4_T_le_v4SPD16_eabi.lib</file>
         <name>strcmp.c.obj</name>
      </input_file>
      <input_file id="fl-d6">
         <path>/Users/sanket/CodeComposerFiles/ccs/tools/compiler/ti-cgt-arm_20.2.7.LTS/lib/</path>
         <kind>archive</kind>
         <file>rtsv7M4_T_le_v4SPD16_eabi.lib</file>
         <name>strlen.c.obj</name>
      </input_file>
      <input_file id="fl-d7">
         <path>/Users/sanket/CodeComposerFiles/ccs/tools/compiler/ti-cgt-arm_20.2.7.LTS/lib/</path>
         <kind>archive</kind>
         <file>rtsv7M4_T_le_v4SPD16_eabi.lib</file>
         <name>strtok.c.obj</name>
      </input_file>
      <input_file id="fl-d8">
         <path>/Users/sanket/CodeComposerFiles/ccs/tools/compiler/ti-cgt-arm_20.2.7.LTS/lib/</path>
         <kind>archive</kind>
         <file>rtsv7M4_T_le_v4SPD16_eabi.lib</file>
         <name>tolower.c.obj</name>
      </input_file>
      <input_file id="fl-d9">
         <path>/Users/sanket/CodeComposerFiles/ccs/tools/compiler/ti-cgt-arm_20.2.7.LTS/lib/</path>
         <kind>archive</kind>
         <file>rtsv7M4_T_le_v4SPD16_eabi.lib</file>
         <name>boot_cortex_m.c.obj</name>
      </input_file>
      <input_file id="fl-da">
         <path>/Users/sanket/CodeComposerFiles/ccs/tools/compiler/ti-cgt-arm_20.2.7.LTS/lib/</path>
         <kind>archive</kind>
         <file>rtsv7M4_T_le_v4SPD16_eabi.lib</file>
         <name>_printfi.c.obj</name>
      </input_file>
      <input_file id="fl-db">
         <path>/Users/sanket/CodeComposerFiles/ccs/tools/compiler/ti-cgt-arm_20.2.7.LTS/lib/</path>
         <kind>archive</kind>
         <file>rtsv7M4_T_le_v4SPD16_eabi.lib</file>
         <name>_scanfi.c.obj</name>
      </input_file>
      <input_file id="fl-dc">
         <path>/Users/sanket/CodeComposerFiles/ccs/tools/compiler/ti-cgt-arm_20.2.7.LTS/lib/</path>
         <kind>archive</kind>
         <file>rtsv7M4_T_le_v4SPD16_eabi.lib</file>
         <name>fd_add_t2.asm.obj</name>
      </input_file>
      <input_file id="fl-dd">
         <path>/Users/sanket/CodeComposerFiles/ccs/tools/compiler/ti-cgt-arm_20.2.7.LTS/lib/</path>
         <kind>archive</kind>
         <file>rtsv7M4_T_le_v4SPD16_eabi.lib</file>
         <name>fd_cmp_t2.asm.obj</name>
      </input_file>
      <input_file id="fl-de">
         <path>/Users/sanket/CodeComposerFiles/ccs/tools/compiler/ti-cgt-arm_20.2.7.LTS/lib/</path>
         <kind>archive</kind>
         <file>rtsv7M4_T_le_v4SPD16_eabi.lib</file>
         <name>fd_div_t2.asm.obj</name>
      </input_file>
      <input_file id="fl-df">
         <path>/Users/sanket/CodeComposerFiles/ccs/tools/compiler/ti-cgt-arm_20.2.7.LTS/lib/</path>
         <kind>archive</kind>
         <file>rtsv7M4_T_le_v4SPD16_eabi.lib</file>
         <name>fd_mul_t2.asm.obj</name>
      </input_file>
      <input_file id="fl-e0">
         <path>/Users/sanket/CodeComposerFiles/ccs/tools/compiler/ti-cgt-arm_20.2.7.LTS/lib/</path>
         <kind>archive</kind>
         <file>rtsv7M4_T_le_v4SPD16_eabi.lib</file>
         <name>fd_toi_t2.asm.obj</name>
      </input_file>
      <input_file id="fl-e1">
         <path>/Users/sanket/CodeComposerFiles/ccs/tools/compiler/ti-cgt-arm_20.2.7.LTS/lib/</path>
         <kind>archive</kind>
         <file>rtsv7M4_T_le_v4SPD16_eabi.lib</file>
         <name>fd_tos_t2.asm.obj</name>
      </input_file>
      <input_file id="fl-e2">
         <path>/Users/sanket/CodeComposerFiles/ccs/tools/compiler/ti-cgt-arm_20.2.7.LTS/lib/</path>
         <kind>archive</kind>
         <file>rtsv7M4_T_le_v4SPD16_eabi.lib</file>
         <name>i_tofd_t2.asm.obj</name>
      </input_file>
      <input_file id="fl-e3">
         <path>/Users/sanket/CodeComposerFiles/ccs/tools/compiler/ti-cgt-arm_20.2.7.LTS/lib/</path>
         <kind>archive</kind>
         <file>rtsv7M4_T_le_v4SPD16_eabi.lib</file>
         <name>ull_div_t2.asm.obj</name>
      </input_file>
      <input_file id="fl-e4">
         <path>/Users/sanket/CodeComposerFiles/ccs/tools/compiler/ti-cgt-arm_20.2.7.LTS/lib/</path>
         <kind>archive</kind>
         <file>rtsv7M4_T_le_v4SPD16_eabi.lib</file>
         <name>autoinit.c.obj</name>
      </input_file>
      <input_file id="fl-e5">
         <path>/Users/sanket/CodeComposerFiles/ccs/tools/compiler/ti-cgt-arm_20.2.7.LTS/lib/</path>
         <kind>archive</kind>
         <file>rtsv7M4_T_le_v4SPD16_eabi.lib</file>
         <name>pre_init.c.obj</name>
      </input_file>
      <input_file id="fl-e6">
         <path>/Users/sanket/CodeComposerFiles/ccs/tools/compiler/ti-cgt-arm_20.2.7.LTS/lib/</path>
         <kind>archive</kind>
         <file>rtsv7M4_T_le_v4SPD16_eabi.lib</file>
         <name>cpy_tbl.c.obj</name>
      </input_file>
      <input_file id="fl-e7">
         <path>/Users/sanket/CodeComposerFiles/ccs/tools/compiler/ti-cgt-arm_20.2.7.LTS/lib/</path>
         <kind>archive</kind>
         <file>rtsv7M4_T_le_v4SPD16_eabi.lib</file>
         <name>exit.c.obj</name>
      </input_file>
      <input_file id="fl-e8">
         <path>/Users/sanket/CodeComposerFiles/ccs/tools/compiler/ti-cgt-arm_20.2.7.LTS/lib/</path>
         <kind>archive</kind>
         <file>rtsv7M4_T_le_v4SPD16_eabi.lib</file>
         <name>_lock.c.obj</name>
      </input_file>
      <input_file id="fl-e9">
         <path>/Users/sanket/CodeComposerFiles/ccs/tools/compiler/ti-cgt-arm_20.2.7.LTS/lib/</path>
         <kind>archive</kind>
         <file>rtsv7M4_T_le_v4SPD16_eabi.lib</file>
         <name>_ltoa.c.obj</name>
      </input_file>
      <input_file id="fl-ea">
         <path>/Users/sanket/CodeComposerFiles/ccs/tools/compiler/ti-cgt-arm_20.2.7.LTS/lib/</path>
         <kind>archive</kind>
         <file>rtsv7M4_T_le_v4SPD16_eabi.lib</file>
         <name>args_main.c.obj</name>
      </input_file>
      <input_file id="fl-eb">
         <path>/Users/sanket/CodeComposerFiles/ccs/tools/compiler/ti-cgt-arm_20.2.7.LTS/lib/</path>
         <kind>archive</kind>
         <file>rtsv7M4_T_le_v4SPD16_eabi.lib</file>
         <name>atoi.c.obj</name>
      </input_file>
      <input_file id="fl-ec">
         <path>/Users/sanket/CodeComposerFiles/ccs/tools/compiler/ti-cgt-arm_20.2.7.LTS/lib/</path>
         <kind>archive</kind>
         <file>rtsv7M4_T_le_v4SPD16_eabi.lib</file>
         <name>memccpy.c.obj</name>
      </input_file>
      <input_file id="fl-ed">
         <path>/Users/sanket/CodeComposerFiles/ccs/tools/compiler/ti-cgt-arm_20.2.7.LTS/lib/</path>
         <kind>archive</kind>
         <file>rtsv7M4_T_le_v4SPD16_eabi.lib</file>
         <name>strchr.c.obj</name>
      </input_file>
      <input_file id="fl-ee">
         <path>/Users/sanket/CodeComposerFiles/ccs/tools/compiler/ti-cgt-arm_20.2.7.LTS/lib/</path>
         <kind>archive</kind>
         <file>rtsv7M4_T_le_v4SPD16_eabi.lib</file>
         <name>strcpy.c.obj</name>
      </input_file>
      <input_file id="fl-ef">
         <path>/Users/sanket/CodeComposerFiles/ccs/tools/compiler/ti-cgt-arm_20.2.7.LTS/lib/</path>
         <kind>archive</kind>
         <file>rtsv7M4_T_le_v4SPD16_eabi.lib</file>
         <name>strcspn.c.obj</name>
      </input_file>
      <input_file id="fl-f0">
         <path>/Users/sanket/CodeComposerFiles/ccs/tools/compiler/ti-cgt-arm_20.2.7.LTS/lib/</path>
         <kind>archive</kind>
         <file>rtsv7M4_T_le_v4SPD16_eabi.lib</file>
         <name>strrchr.c.obj</name>
      </input_file>
      <input_file id="fl-f1">
         <path>/Users/sanket/CodeComposerFiles/ccs/tools/compiler/ti-cgt-arm_20.2.7.LTS/lib/</path>
         <kind>archive</kind>
         <file>rtsv7M4_T_le_v4SPD16_eabi.lib</file>
         <name>strspn.c.obj</name>
      </input_file>
      <input_file id="fl-f2">
         <path>/Users/sanket/CodeComposerFiles/ccs/tools/compiler/ti-cgt-arm_20.2.7.LTS/lib/</path>
         <kind>archive</kind>
         <file>rtsv7M4_T_le_v4SPD16_eabi.lib</file>
         <name>strtod.c.obj</name>
      </input_file>
      <input_file id="fl-f3">
         <path>/Users/sanket/CodeComposerFiles/ccs/tools/compiler/ti-cgt-arm_20.2.7.LTS/lib/</path>
         <kind>archive</kind>
         <file>rtsv7M4_T_le_v4SPD16_eabi.lib</file>
         <name>strtol.c.obj</name>
      </input_file>
      <input_file id="fl-f4">
         <path>/Users/sanket/CodeComposerFiles/ccs/tools/compiler/ti-cgt-arm_20.2.7.LTS/lib/</path>
         <kind>archive</kind>
         <file>rtsv7M4_T_le_v4SPD16_eabi.lib</file>
         <name>strtoll.c.obj</name>
      </input_file>
      <input_file id="fl-f5">
         <path>/Users/sanket/CodeComposerFiles/ccs/tools/compiler/ti-cgt-arm_20.2.7.LTS/lib/</path>
         <kind>archive</kind>
         <file>rtsv7M4_T_le_v4SPD16_eabi.lib</file>
         <name>strtoul.c.obj</name>
      </input_file>
      <input_file id="fl-f6">
         <path>/Users/sanket/CodeComposerFiles/ccs/tools/compiler/ti-cgt-arm_20.2.7.LTS/lib/</path>
         <kind>archive</kind>
         <file>rtsv7M4_T_le_v4SPD16_eabi.lib</file>
         <name>strtoull.c.obj</name>
      </input_file>
      <input_file id="fl-f7">
         <path>/Users/sanket/CodeComposerFiles/ccs/tools/compiler/ti-cgt-arm_20.2.7.LTS/lib/</path>
         <kind>archive</kind>
         <file>rtsv7M4_T_le_v4SPD16_eabi.lib</file>
         <name>errno.c.obj</name>
      </input_file>
      <input_file id="fl-f8">
         <path>/Users/sanket/CodeComposerFiles/ccs/tools/compiler/ti-cgt-arm_20.2.7.LTS/lib/</path>
         <kind>archive</kind>
         <file>rtsv7M4_T_le_v4SPD16_eabi.lib</file>
         <name>wcslen.c.obj</name>
      </input_file>
      <input_file id="fl-f9">
         <path>/Users/sanket/CodeComposerFiles/ccs/tools/compiler/ti-cgt-arm_20.2.7.LTS/lib/</path>
         <kind>archive</kind>
         <file>rtsv7M4_T_le_v4SPD16_eabi.lib</file>
         <name>s_frexp.c.obj</name>
      </input_file>
      <input_file id="fl-fa">
         <path>/Users/sanket/CodeComposerFiles/ccs/tools/compiler/ti-cgt-arm_20.2.7.LTS/lib/</path>
         <kind>archive</kind>
         <file>rtsv7M4_T_le_v4SPD16_eabi.lib</file>
         <name>s_scalbn.c.obj</name>
      </input_file>
      <input_file id="fl-fb">
         <path>/Users/sanket/CodeComposerFiles/ccs/tools/compiler/ti-cgt-arm_20.2.7.LTS/lib/</path>
         <kind>archive</kind>
         <file>rtsv7M4_T_le_v4SPD16_eabi.lib</file>
         <name>div0.asm.obj</name>
      </input_file>
      <input_file id="fl-fc">
         <path>/Users/sanket/CodeComposerFiles/ccs/tools/compiler/ti-cgt-arm_20.2.7.LTS/lib/</path>
         <kind>archive</kind>
         <file>rtsv7M4_T_le_v4SPD16_eabi.lib</file>
         <name>ll_mul_t2.asm.obj</name>
      </input_file>
      <input_file id="fl-fd">
         <path>/Users/sanket/CodeComposerFiles/ccs/tools/compiler/ti-cgt-arm_20.2.7.LTS/lib/</path>
         <kind>archive</kind>
         <file>rtsv7M4_T_le_v4SPD16_eabi.lib</file>
         <name>s_copysign.c.obj</name>
      </input_file>
   </input_file_list>
   <object_component_list>
      <object_component id="oc-12">
         <name>.intvecs</name>
         <load_address>0x0</load_address>
         <run_address>0x0</run_address>
         <size>0x26c</size>
         <input_file_ref idref="fl-f"/>
      </object_component>
      <object_component id="oc-13d">
         <name>.text</name>
         <load_address>0x26c</load_address>
         <run_address>0x26c</run_address>
         <size>0xcdc</size>
         <input_file_ref idref="fl-d"/>
      </object_component>
      <object_component id="oc-b2">
         <name>.text</name>
         <load_address>0xf48</load_address>
         <run_address>0xf48</run_address>
         <size>0xbfc</size>
         <input_file_ref idref="fl-5"/>
      </object_component>
      <object_component id="oc-1fc">
         <name>.text:__TI_scanfi</name>
         <load_address>0x1b44</load_address>
         <run_address>0x1b44</run_address>
         <size>0xb14</size>
         <input_file_ref idref="fl-db"/>
      </object_component>
      <object_component id="oc-1bd">
         <name>.text:__TI_printfi</name>
         <load_address>0x2658</load_address>
         <run_address>0x2658</run_address>
         <size>0xa4e</size>
         <input_file_ref idref="fl-da"/>
      </object_component>
      <object_component id="oc-426">
         <name>.text</name>
         <load_address>0x30a6</load_address>
         <run_address>0x30a6</run_address>
         <size>0x2</size>
         <input_file_ref idref="fl-fb"/>
      </object_component>
      <object_component id="oc-e4">
         <name>.text</name>
         <load_address>0x30a8</load_address>
         <run_address>0x30a8</run_address>
         <size>0x808</size>
         <input_file_ref idref="fl-6"/>
      </object_component>
      <object_component id="oc-ea">
         <name>.text</name>
         <load_address>0x38b0</load_address>
         <run_address>0x38b0</run_address>
         <size>0x714</size>
         <input_file_ref idref="fl-4"/>
      </object_component>
      <object_component id="oc-fc">
         <name>.text</name>
         <load_address>0x3fc4</load_address>
         <run_address>0x3fc4</run_address>
         <size>0x4b0</size>
         <input_file_ref idref="fl-8"/>
      </object_component>
      <object_component id="oc-2f8">
         <name>.text:strtod</name>
         <load_address>0x4474</load_address>
         <run_address>0x4474</run_address>
         <size>0x460</size>
         <input_file_ref idref="fl-f2"/>
      </object_component>
      <object_component id="oc-123">
         <name>.text</name>
         <load_address>0x48d4</load_address>
         <run_address>0x48d4</run_address>
         <size>0x408</size>
         <input_file_ref idref="fl-a"/>
      </object_component>
      <object_component id="oc-2d">
         <name>.text</name>
         <load_address>0x4cdc</load_address>
         <run_address>0x4cdc</run_address>
         <size>0x338</size>
         <input_file_ref idref="fl-e"/>
      </object_component>
      <object_component id="oc-129">
         <name>.text</name>
         <load_address>0x5014</load_address>
         <run_address>0x5014</run_address>
         <size>0x2f8</size>
         <input_file_ref idref="fl-b"/>
      </object_component>
      <object_component id="oc-137">
         <name>.text</name>
         <load_address>0x530c</load_address>
         <run_address>0x530c</run_address>
         <size>0x2f4</size>
         <input_file_ref idref="fl-1"/>
      </object_component>
      <object_component id="oc-2a6">
         <name>.text:_pconv_a</name>
         <load_address>0x5600</load_address>
         <run_address>0x5600</run_address>
         <size>0x270</size>
         <input_file_ref idref="fl-da"/>
      </object_component>
      <object_component id="oc-309">
         <name>.text:strtoll</name>
         <load_address>0x5870</load_address>
         <run_address>0x5870</run_address>
         <size>0x1dc</size>
         <input_file_ref idref="fl-f4"/>
      </object_component>
      <object_component id="oc-294">
         <name>.text:_pconv_g</name>
         <load_address>0x5a4c</load_address>
         <run_address>0x5a4c</run_address>
         <size>0x1d0</size>
         <input_file_ref idref="fl-da"/>
      </object_component>
      <object_component id="oc-3a8">
         <name>.text</name>
         <load_address>0x5c1c</load_address>
         <run_address>0x5c1c</run_address>
         <size>0x1b6</size>
         <input_file_ref idref="fl-dc"/>
      </object_component>
      <object_component id="oc-143">
         <name>.text</name>
         <load_address>0x5dd2</load_address>
         <run_address>0x5dd2</run_address>
         <size>0x160</size>
         <input_file_ref idref="fl-7"/>
      </object_component>
      <object_component id="oc-1ad">
         <name>.text</name>
         <load_address>0x5f34</load_address>
         <run_address>0x5f34</run_address>
         <size>0x160</size>
         <input_file_ref idref="fl-c"/>
      </object_component>
      <object_component id="oc-2ec">
         <name>.text:strtoull</name>
         <load_address>0x6094</load_address>
         <run_address>0x6094</run_address>
         <size>0x15c</size>
         <input_file_ref idref="fl-f6"/>
      </object_component>
      <object_component id="oc-2a0">
         <name>.text:_pconv_e</name>
         <load_address>0x61f0</load_address>
         <run_address>0x61f0</run_address>
         <size>0x13c</size>
         <input_file_ref idref="fl-da"/>
      </object_component>
      <object_component id="oc-38e">
         <name>.text</name>
         <load_address>0x632c</load_address>
         <run_address>0x632c</run_address>
         <size>0x136</size>
         <input_file_ref idref="fl-de"/>
      </object_component>
      <object_component id="oc-303">
         <name>.text:strtol</name>
         <load_address>0x6464</load_address>
         <run_address>0x6464</run_address>
         <size>0x130</size>
         <input_file_ref idref="fl-f3"/>
      </object_component>
      <object_component id="oc-f0">
         <name>.text</name>
         <load_address>0x6594</load_address>
         <run_address>0x6594</run_address>
         <size>0x128</size>
         <input_file_ref idref="fl-10"/>
      </object_component>
      <object_component id="oc-3ba">
         <name>.text:fcvt</name>
         <load_address>0x66bc</load_address>
         <run_address>0x66bc</run_address>
         <size>0x124</size>
         <input_file_ref idref="fl-da"/>
      </object_component>
      <object_component id="oc-3ce">
         <name>.text:scalbn</name>
         <load_address>0x67e0</load_address>
         <run_address>0x67e0</run_address>
         <size>0x110</size>
         <input_file_ref idref="fl-fa"/>
      </object_component>
      <object_component id="oc-2f2">
         <name>.text:strtoul</name>
         <load_address>0x68f0</load_address>
         <run_address>0x68f0</run_address>
         <size>0x110</size>
         <input_file_ref idref="fl-f5"/>
      </object_component>
      <object_component id="oc-389">
         <name>.text</name>
         <load_address>0x6a00</load_address>
         <run_address>0x6a00</run_address>
         <size>0xfc</size>
         <input_file_ref idref="fl-df"/>
      </object_component>
      <object_component id="oc-289">
         <name>.text:_ltostr</name>
         <load_address>0x6afc</load_address>
         <run_address>0x6afc</run_address>
         <size>0xb1</size>
         <input_file_ref idref="fl-da"/>
      </object_component>
      <object_component id="oc-41">
         <name>.text</name>
         <load_address>0x6bae</load_address>
         <run_address>0x6bae</run_address>
         <size>0x9c</size>
         <input_file_ref idref="fl-ce"/>
      </object_component>
      <object_component id="oc-382">
         <name>.text</name>
         <load_address>0x6c4a</load_address>
         <run_address>0x6c4a</run_address>
         <size>0x96</size>
         <input_file_ref idref="fl-e3"/>
      </object_component>
      <object_component id="oc-28f">
         <name>.text:__aeabi_cdcmple</name>
         <load_address>0x6ce0</load_address>
         <run_address>0x6ce0</run_address>
         <size>0x86</size>
         <input_file_ref idref="fl-dd"/>
      </object_component>
      <object_component id="oc-393">
         <name>.text:__aeabi_cdrcmple</name>
         <load_address>0x6d66</load_address>
         <run_address>0x6d66</run_address>
         <size>0x86</size>
         <input_file_ref idref="fl-dd"/>
      </object_component>
      <object_component id="oc-105">
         <name>.text</name>
         <load_address>0x6dec</load_address>
         <run_address>0x6dec</run_address>
         <size>0x84</size>
         <input_file_ref idref="fl-3"/>
      </object_component>
      <object_component id="oc-a6">
         <name>.text</name>
         <load_address>0x6e70</load_address>
         <run_address>0x6e70</run_address>
         <size>0x7a</size>
         <input_file_ref idref="fl-cf"/>
      </object_component>
      <object_component id="oc-3b3">
         <name>.text:_mcpy</name>
         <load_address>0x6eea</load_address>
         <run_address>0x6eea</run_address>
         <size>0x6e</size>
         <input_file_ref idref="fl-da"/>
      </object_component>
      <object_component id="oc-2fe">
         <name>.text</name>
         <load_address>0x6f58</load_address>
         <run_address>0x6f58</run_address>
         <size>0x6e</size>
         <input_file_ref idref="fl-e1"/>
      </object_component>
      <object_component id="oc-20e">
         <name>.text:_chkmbc</name>
         <load_address>0x6fc8</load_address>
         <run_address>0x6fc8</run_address>
         <size>0x68</size>
         <input_file_ref idref="fl-cd"/>
      </object_component>
      <object_component id="oc-15">
         <name>.text:decompress:lzss:__TI_decompress_lzss</name>
         <load_address>0x7030</load_address>
         <run_address>0x7030</run_address>
         <size>0x68</size>
         <input_file_ref idref="fl-d2"/>
      </object_component>
      <object_component id="oc-3c8">
         <name>.text:frexp</name>
         <load_address>0x7098</load_address>
         <run_address>0x7098</run_address>
         <size>0x64</size>
         <input_file_ref idref="fl-f9"/>
      </object_component>
      <object_component id="oc-29a">
         <name>.text:_pconv_f</name>
         <load_address>0x70fc</load_address>
         <run_address>0x70fc</run_address>
         <size>0x56</size>
         <input_file_ref idref="fl-da"/>
      </object_component>
      <object_component id="oc-39d">
         <name>.text:__TI_ltoa</name>
         <load_address>0x7152</load_address>
         <run_address>0x7152</run_address>
         <size>0x54</size>
         <input_file_ref idref="fl-e9"/>
      </object_component>
      <object_component id="oc-3ad">
         <name>.text:_ecpy</name>
         <load_address>0x71a6</load_address>
         <run_address>0x71a6</run_address>
         <size>0x52</size>
         <input_file_ref idref="fl-da"/>
      </object_component>
      <object_component id="oc-283">
         <name>.text:atoi</name>
         <load_address>0x71f8</load_address>
         <run_address>0x71f8</run_address>
         <size>0x4c</size>
         <input_file_ref idref="fl-eb"/>
      </object_component>
      <object_component id="oc-f6">
         <name>.text:snprintf</name>
         <load_address>0x7244</load_address>
         <run_address>0x7244</run_address>
         <size>0x4c</size>
         <input_file_ref idref="fl-cc"/>
      </object_component>
      <object_component id="oc-398">
         <name>.text</name>
         <load_address>0x7290</load_address>
         <run_address>0x7290</run_address>
         <size>0x48</size>
         <input_file_ref idref="fl-e0"/>
      </object_component>
      <object_component id="oc-15b">
         <name>.text:__TI_auto_init_nobinit_nopinit:__TI_auto_init_nobinit_nopinit</name>
         <load_address>0x72d8</load_address>
         <run_address>0x72d8</run_address>
         <size>0x44</size>
         <input_file_ref idref="fl-e4"/>
      </object_component>
      <object_component id="oc-117">
         <name>.text:strtok</name>
         <load_address>0x731c</load_address>
         <run_address>0x731c</run_address>
         <size>0x40</size>
         <input_file_ref idref="fl-d7"/>
      </object_component>
      <object_component id="oc-3c0">
         <name>.text:_fcpy</name>
         <load_address>0x735c</load_address>
         <run_address>0x735c</run_address>
         <size>0x3e</size>
         <input_file_ref idref="fl-da"/>
      </object_component>
      <object_component id="oc-111">
         <name>.text:sscanf</name>
         <load_address>0x739c</load_address>
         <run_address>0x739c</run_address>
         <size>0x38</size>
         <input_file_ref idref="fl-cd"/>
      </object_component>
      <object_component id="oc-5f">
         <name>.text:_c_int00_noargs:_c_int00_noargs</name>
         <load_address>0x73d4</load_address>
         <run_address>0x73d4</run_address>
         <size>0x34</size>
         <input_file_ref idref="fl-d9"/>
      </object_component>
      <object_component id="oc-1c3">
         <name>.text:_outs</name>
         <load_address>0x7408</load_address>
         <run_address>0x7408</run_address>
         <size>0x30</size>
         <input_file_ref idref="fl-cc"/>
      </object_component>
      <object_component id="oc-3a3">
         <name>.text</name>
         <load_address>0x7438</load_address>
         <run_address>0x7438</run_address>
         <size>0x2e</size>
         <input_file_ref idref="fl-e2"/>
      </object_component>
      <object_component id="oc-216">
         <name>.text:strspn</name>
         <load_address>0x7466</load_address>
         <run_address>0x7466</run_address>
         <size>0x2a</size>
         <input_file_ref idref="fl-f1"/>
      </object_component>
      <object_component id="oc-243">
         <name>.text:memcmp</name>
         <load_address>0x7490</load_address>
         <run_address>0x7490</run_address>
         <size>0x24</size>
         <input_file_ref idref="fl-d4"/>
      </object_component>
      <object_component id="oc-21c">
         <name>.text:strcspn</name>
         <load_address>0x74b4</load_address>
         <run_address>0x74b4</run_address>
         <size>0x24</size>
         <input_file_ref idref="fl-ef"/>
      </object_component>
      <object_component id="oc-131">
         <name>.text</name>
         <load_address>0x74d8</load_address>
         <run_address>0x74d8</run_address>
         <size>0x24</size>
         <input_file_ref idref="fl-12"/>
      </object_component>
      <object_component id="oc-4d">
         <name>.text:decompress:ZI:__TI_zero_init_nomemset:__TI_zero_init_nomemset</name>
         <load_address>0x74fc</load_address>
         <run_address>0x74fc</run_address>
         <size>0x1c</size>
         <input_file_ref idref="fl-d0"/>
      </object_component>
      <object_component id="oc-2ac">
         <name>.text:memccpy</name>
         <load_address>0x7518</load_address>
         <run_address>0x7518</run_address>
         <size>0x1c</size>
         <input_file_ref idref="fl-ec"/>
      </object_component>
      <object_component id="oc-43f">
         <name>.text:copysign</name>
         <load_address>0x7534</load_address>
         <run_address>0x7534</run_address>
         <size>0x1a</size>
         <input_file_ref idref="fl-fd"/>
      </object_component>
      <object_component id="oc-1c9">
         <name>.text:_outc</name>
         <load_address>0x754e</load_address>
         <run_address>0x754e</run_address>
         <size>0x18</size>
         <input_file_ref idref="fl-cc"/>
      </object_component>
      <object_component id="oc-3f3">
         <name>.text</name>
         <load_address>0x7566</load_address>
         <run_address>0x7566</run_address>
         <size>0x18</size>
         <input_file_ref idref="fl-fc"/>
      </object_component>
      <object_component id="oc-11d">
         <name>.text:strcmp</name>
         <load_address>0x757e</load_address>
         <run_address>0x757e</run_address>
         <size>0x18</size>
         <input_file_ref idref="fl-d5"/>
      </object_component>
      <object_component id="oc-30f">
         <name>.text:strrchr</name>
         <load_address>0x7596</load_address>
         <run_address>0x7596</run_address>
         <size>0x18</size>
         <input_file_ref idref="fl-f0"/>
      </object_component>
      <object_component id="oc-315">
         <name>.text:strchr</name>
         <load_address>0x75ae</load_address>
         <run_address>0x75ae</run_address>
         <size>0x16</size>
         <input_file_ref idref="fl-ed"/>
      </object_component>
      <object_component id="oc-2e6">
         <name>.text:strcpy</name>
         <load_address>0x75c4</load_address>
         <run_address>0x75c4</run_address>
         <size>0x14</size>
         <input_file_ref idref="fl-ee"/>
      </object_component>
      <object_component id="oc-229">
         <name>.text:strlen</name>
         <load_address>0x75d8</load_address>
         <run_address>0x75d8</run_address>
         <size>0x14</size>
         <input_file_ref idref="fl-d6"/>
      </object_component>
      <object_component id="oc-202">
         <name>.text:_inpchar</name>
         <load_address>0x75ec</load_address>
         <run_address>0x75ec</run_address>
         <size>0x12</size>
         <input_file_ref idref="fl-cd"/>
      </object_component>
      <object_component id="oc-2b2">
         <name>.text:wcslen</name>
         <load_address>0x75fe</load_address>
         <run_address>0x75fe</run_address>
         <size>0x12</size>
         <input_file_ref idref="fl-f8"/>
      </object_component>
      <object_component id="oc-de">
         <name>.text</name>
         <load_address>0x7610</load_address>
         <run_address>0x7610</run_address>
         <size>0x10</size>
         <input_file_ref idref="fl-2"/>
      </object_component>
      <object_component id="oc-10b">
         <name>.text:tolower</name>
         <load_address>0x7620</load_address>
         <run_address>0x7620</run_address>
         <size>0x10</size>
         <input_file_ref idref="fl-d8"/>
      </object_component>
      <object_component id="oc-1b">
         <name>.text:decompress:none:__TI_decompress_none</name>
         <load_address>0x7630</load_address>
         <run_address>0x7630</run_address>
         <size>0xe</size>
         <input_file_ref idref="fl-d1"/>
      </object_component>
      <object_component id="oc-27">
         <name>.text</name>
         <load_address>0x763e</load_address>
         <run_address>0x763e</run_address>
         <size>0xc</size>
         <input_file_ref idref="fl-f"/>
      </object_component>
      <object_component id="oc-2b8">
         <name>.text:__aeabi_errno_addr</name>
         <load_address>0x764c</load_address>
         <run_address>0x764c</run_address>
         <size>0x8</size>
         <input_file_ref idref="fl-f7"/>
      </object_component>
      <object_component id="oc-208">
         <name>.text:_uninpchar</name>
         <load_address>0x7654</load_address>
         <run_address>0x7654</run_address>
         <size>0x8</size>
         <input_file_ref idref="fl-cd"/>
      </object_component>
      <object_component id="oc-ac">
         <name>.text:_system_pre_init</name>
         <load_address>0x765c</load_address>
         <run_address>0x765c</run_address>
         <size>0x4</size>
         <input_file_ref idref="fl-e5"/>
      </object_component>
      <object_component id="oc-14f">
         <name>.text:abort:abort</name>
         <load_address>0x7660</load_address>
         <run_address>0x7660</run_address>
         <size>0x4</size>
         <input_file_ref idref="fl-e7"/>
      </object_component>
      <object_component id="oc-1f7">
         <name>.const:.string:_ctypes_</name>
         <load_address>0x7668</load_address>
         <run_address>0x7668</run_address>
         <size>0x101</size>
         <input_file_ref idref="fl-d3"/>
      </object_component>
      <object_component id="oc-249">
         <name>.const:.string:$P$T0$1</name>
         <load_address>0x7769</load_address>
         <run_address>0x7769</run_address>
         <size>0x7</size>
         <input_file_ref idref="fl-d"/>
      </object_component>
      <object_component id="oc-3fc">
         <name>.const:$O1$$</name>
         <load_address>0x7770</load_address>
         <run_address>0x7770</run_address>
         <size>0xc8</size>
         <input_file_ref idref="fl-f2"/>
      </object_component>
      <object_component id="oc-31b">
         <name>.const:$O1$$</name>
         <load_address>0x7838</load_address>
         <run_address>0x7838</run_address>
         <size>0x10</size>
         <input_file_ref idref="fl-db"/>
      </object_component>
      <object_component id="oc-232">
         <name>.const:.string:$P$T0$1</name>
         <load_address>0x7848</load_address>
         <run_address>0x7848</run_address>
         <size>0xb</size>
         <input_file_ref idref="fl-a"/>
      </object_component>
      <object_component id="oc-252">
         <name>.const:.string:$P$T3$4</name>
         <load_address>0x7853</load_address>
         <run_address>0x7853</run_address>
         <size>0x7</size>
         <input_file_ref idref="fl-d"/>
      </object_component>
      <object_component id="oc-24f">
         <name>.const:.string:$P$T2$3</name>
         <load_address>0x785a</load_address>
         <run_address>0x785a</run_address>
         <size>0x4</size>
         <input_file_ref idref="fl-d"/>
      </object_component>
      <object_component id="oc-24c">
         <name>.const:.string:$P$T1$2</name>
         <load_address>0x785e</load_address>
         <run_address>0x785e</run_address>
         <size>0x3</size>
         <input_file_ref idref="fl-d"/>
      </object_component>
      <object_component id="oc-4a4">
         <name>.cinit..data.load</name>
         <load_address>0x7868</load_address>
         <run_address>0x7868</run_address>
         <size>0x10</size>
      </object_component>
      <object_component id="oc-4a2">
         <name>__TI_handler_table</name>
         <load_address>0x7878</load_address>
         <run_address>0x7878</run_address>
         <size>0xc</size>
      </object_component>
      <object_component id="oc-4a5">
         <name>.cinit..bss.load</name>
         <load_address>0x7888</load_address>
         <run_address>0x7888</run_address>
         <size>0x8</size>
      </object_component>
      <object_component id="oc-4a3">
         <name>__TI_cinit_table</name>
         <load_address>0x7890</load_address>
         <run_address>0x7890</run_address>
         <size>0x10</size>
      </object_component>
      <object_component id="oc-1b3">
         <name>.data</name>
         <load_address>0x20001280</load_address>
         <run_address>0x20001280</run_address>
         <size>0x3</size>
         <input_file_ref idref="fl-4"/>
      </object_component>
      <object_component id="oc-1b6">
         <name>.data:hwAddress</name>
         <load_address>0x20001254</load_address>
         <run_address>0x20001254</run_address>
         <size>0x6</size>
         <input_file_ref idref="fl-4"/>
      </object_component>
      <object_component id="oc-102">
         <name>.data</name>
         <load_address>0x2000125a</load_address>
         <run_address>0x2000125a</run_address>
         <size>0x4</size>
         <input_file_ref idref="fl-5"/>
      </object_component>
      <object_component id="oc-1e0">
         <name>.data:ipAddress</name>
         <load_address>0x2000125e</load_address>
         <run_address>0x2000125e</run_address>
         <size>0x4</size>
         <input_file_ref idref="fl-8"/>
      </object_component>
      <object_component id="oc-1e3">
         <name>.data:ipSubnetMask</name>
         <load_address>0x2000126e</load_address>
         <run_address>0x2000126e</run_address>
         <size>0x4</size>
         <input_file_ref idref="fl-8"/>
      </object_component>
      <object_component id="oc-1e6">
         <name>.data:ipGwAddress</name>
         <load_address>0x20001266</load_address>
         <run_address>0x20001266</run_address>
         <size>0x4</size>
         <input_file_ref idref="fl-8"/>
      </object_component>
      <object_component id="oc-1e9">
         <name>.data:ipDnsAddress</name>
         <load_address>0x20001262</load_address>
         <run_address>0x20001262</run_address>
         <size>0x4</size>
         <input_file_ref idref="fl-8"/>
      </object_component>
      <object_component id="oc-1ec">
         <name>.data:ipTimeServerAddress</name>
         <load_address>0x20001272</load_address>
         <run_address>0x20001272</run_address>
         <size>0x4</size>
         <input_file_ref idref="fl-8"/>
      </object_component>
      <object_component id="oc-1ef">
         <name>.data:ipMqttBrokerAddress</name>
         <load_address>0x2000126a</load_address>
         <run_address>0x2000126a</run_address>
         <size>0x4</size>
         <input_file_ref idref="fl-8"/>
      </object_component>
      <object_component id="oc-240">
         <name>.data</name>
         <load_address>0x20001276</load_address>
         <run_address>0x20001276</run_address>
         <size>0x1</size>
         <input_file_ref idref="fl-d"/>
      </object_component>
      <object_component id="oc-222">
         <name>.data</name>
         <load_address>0x2000127c</load_address>
         <run_address>0x2000127c</run_address>
         <size>0x4</size>
         <input_file_ref idref="fl-d7"/>
      </object_component>
      <object_component id="oc-3de">
         <name>.data</name>
         <load_address>0x20001278</load_address>
         <run_address>0x20001278</run_address>
         <size>0x4</size>
         <input_file_ref idref="fl-f7"/>
      </object_component>
      <object_component id="oc-12f">
         <name>.common:strInput</name>
         <uninitialized>true</uninitialized>
         <run_address>0x20001168</run_address>
         <size>0x54</size>
      </object_component>
      <object_component id="oc-130">
         <name>.common:token</name>
         <uninitialized>true</uninitialized>
         <run_address>0x2000124c</run_address>
         <size>0x4</size>
      </object_component>
      <object_component id="oc-22f">
         <name>.common:KEEP_ALIVE</name>
         <uninitialized>true</uninitialized>
         <run_address>0x20001250</run_address>
         <size>0x1</size>
      </object_component>
      <object_component id="oc-236">
         <name>.common:sockets</name>
         <uninitialized>true</uninitialized>
         <run_address>0x20001000</run_address>
         <size>0x168</size>
      </object_component>
      <object_component id="oc-23f">
         <name>.common:tcpPorts</name>
         <uninitialized>true</uninitialized>
         <run_address>0x20001240</run_address>
         <size>0x8</size>
      </object_component>
      <object_component id="oc-23c">
         <name>.common:tcpState</name>
         <uninitialized>true</uninitialized>
         <run_address>0x20001248</run_address>
         <size>0x4</size>
      </object_component>
      <object_component id="oc-78">
         <name>.common:fn</name>
         <uninitialized>true</uninitialized>
         <run_address>0x200011bc</run_address>
         <size>0x28</size>
      </object_component>
      <object_component id="oc-74">
         <name>.common:period</name>
         <uninitialized>true</uninitialized>
         <run_address>0x200011e4</run_address>
         <size>0x28</size>
      </object_component>
      <object_component id="oc-77">
         <name>.common:ticks</name>
         <uninitialized>true</uninitialized>
         <run_address>0x2000120c</run_address>
         <size>0x28</size>
      </object_component>
      <object_component id="oc-79">
         <name>.common:reload</name>
         <uninitialized>true</uninitialized>
         <run_address>0x20001234</run_address>
         <size>0xc</size>
      </object_component>
      <object_component id="oc-24">
         <name>.stack</name>
         <uninitialized>true</uninitialized>
         <run_address>0x20000000</run_address>
         <size>0x4</size>
         <input_file_ref idref="fl-d9"/>
      </object_component>
      <object_component id="oc-4a7">
         <name>.stack</name>
         <uninitialized>true</uninitialized>
         <run_address>0x20000000</run_address>
         <size>0x0</size>
      </object_component>
      <object_component id="oc-cd">
         <name>.debug_info</name>
         <load_address>0x0</load_address>
         <run_address>0x0</run_address>
         <size>0x349</size>
         <input_file_ref idref="fl-1"/>
      </object_component>
      <object_component id="oc-138">
         <name>.debug_info</name>
         <load_address>0x349</load_address>
         <run_address>0x349</run_address>
         <size>0x4ad</size>
         <input_file_ref idref="fl-1"/>
      </object_component>
      <object_component id="oc-8c">
         <name>.debug_info</name>
         <load_address>0x7f6</load_address>
         <run_address>0x7f6</run_address>
         <size>0x26b</size>
         <input_file_ref idref="fl-1"/>
      </object_component>
      <object_component id="oc-80">
         <name>.debug_info</name>
         <load_address>0xa61</load_address>
         <run_address>0xa61</run_address>
         <size>0x8b</size>
         <input_file_ref idref="fl-1"/>
      </object_component>
      <object_component id="oc-c6">
         <name>.debug_info</name>
         <load_address>0xaec</load_address>
         <run_address>0xaec</run_address>
         <size>0x2a4</size>
         <input_file_ref idref="fl-1"/>
      </object_component>
      <object_component id="oc-7b">
         <name>.debug_info</name>
         <load_address>0xd90</load_address>
         <run_address>0xd90</run_address>
         <size>0xbb</size>
         <input_file_ref idref="fl-1"/>
      </object_component>
      <object_component id="oc-19e">
         <name>.debug_info</name>
         <load_address>0xe4b</load_address>
         <run_address>0xe4b</run_address>
         <size>0xcc</size>
         <input_file_ref idref="fl-1"/>
      </object_component>
      <object_component id="oc-1db">
         <name>.debug_info</name>
         <load_address>0xf17</load_address>
         <run_address>0xf17</run_address>
         <size>0x2c</size>
         <input_file_ref idref="fl-1"/>
      </object_component>
      <object_component id="oc-1a5">
         <name>.debug_info</name>
         <load_address>0xf43</load_address>
         <run_address>0xf43</run_address>
         <size>0xee</size>
         <input_file_ref idref="fl-1"/>
      </object_component>
      <object_component id="oc-18f">
         <name>.debug_info</name>
         <load_address>0x1031</load_address>
         <run_address>0x1031</run_address>
         <size>0xe1</size>
         <input_file_ref idref="fl-1"/>
      </object_component>
      <object_component id="oc-2dc">
         <name>.debug_info</name>
         <load_address>0x1112</load_address>
         <run_address>0x1112</run_address>
         <size>0x12e</size>
         <input_file_ref idref="fl-1"/>
      </object_component>
      <object_component id="oc-df">
         <name>.debug_info</name>
         <load_address>0x1240</load_address>
         <run_address>0x1240</run_address>
         <size>0x111</size>
         <input_file_ref idref="fl-2"/>
      </object_component>
      <object_component id="oc-3c">
         <name>.debug_info</name>
         <load_address>0x1351</load_address>
         <run_address>0x1351</run_address>
         <size>0x84</size>
         <input_file_ref idref="fl-2"/>
      </object_component>
      <object_component id="oc-106">
         <name>.debug_info</name>
         <load_address>0x13d5</load_address>
         <run_address>0x13d5</run_address>
         <size>0x1f9</size>
         <input_file_ref idref="fl-3"/>
      </object_component>
      <object_component id="oc-1ba">
         <name>.debug_info</name>
         <load_address>0x15ce</load_address>
         <run_address>0x15ce</run_address>
         <size>0x45b</size>
         <input_file_ref idref="fl-4"/>
      </object_component>
      <object_component id="oc-1b4">
         <name>.debug_info</name>
         <load_address>0x1a29</load_address>
         <run_address>0x1a29</run_address>
         <size>0x122</size>
         <input_file_ref idref="fl-4"/>
      </object_component>
      <object_component id="oc-1b7">
         <name>.debug_info</name>
         <load_address>0x1b4b</load_address>
         <run_address>0x1b4b</run_address>
         <size>0xca</size>
         <input_file_ref idref="fl-4"/>
      </object_component>
      <object_component id="oc-ec">
         <name>.debug_info</name>
         <load_address>0x1c15</load_address>
         <run_address>0x1c15</run_address>
         <size>0x187b</size>
         <input_file_ref idref="fl-4"/>
      </object_component>
      <object_component id="oc-199">
         <name>.debug_info</name>
         <load_address>0x3490</load_address>
         <run_address>0x3490</run_address>
         <size>0x88</size>
         <input_file_ref idref="fl-4"/>
      </object_component>
      <object_component id="oc-cb">
         <name>.debug_info</name>
         <load_address>0x3518</load_address>
         <run_address>0x3518</run_address>
         <size>0xee1</size>
         <input_file_ref idref="fl-5"/>
      </object_component>
      <object_component id="oc-103">
         <name>.debug_info</name>
         <load_address>0x43f9</load_address>
         <run_address>0x43f9</run_address>
         <size>0x13b</size>
         <input_file_ref idref="fl-5"/>
      </object_component>
      <object_component id="oc-b3">
         <name>.debug_info</name>
         <load_address>0x4534</load_address>
         <run_address>0x4534</run_address>
         <size>0x115e</size>
         <input_file_ref idref="fl-5"/>
      </object_component>
      <object_component id="oc-85">
         <name>.debug_info</name>
         <load_address>0x5692</load_address>
         <run_address>0x5692</run_address>
         <size>0x2c</size>
         <input_file_ref idref="fl-5"/>
      </object_component>
      <object_component id="oc-35a">
         <name>.debug_info</name>
         <load_address>0x56be</load_address>
         <run_address>0x56be</run_address>
         <size>0xb2</size>
         <input_file_ref idref="fl-5"/>
      </object_component>
      <object_component id="oc-337">
         <name>.debug_info</name>
         <load_address>0x5770</load_address>
         <run_address>0x5770</run_address>
         <size>0x25e</size>
         <input_file_ref idref="fl-5"/>
      </object_component>
      <object_component id="oc-14a">
         <name>.debug_info</name>
         <load_address>0x59ce</load_address>
         <run_address>0x59ce</run_address>
         <size>0x1a2</size>
         <input_file_ref idref="fl-5"/>
      </object_component>
      <object_component id="oc-340">
         <name>.debug_info</name>
         <load_address>0x5b70</load_address>
         <run_address>0x5b70</run_address>
         <size>0xee</size>
         <input_file_ref idref="fl-5"/>
      </object_component>
      <object_component id="oc-345">
         <name>.debug_info</name>
         <load_address>0x5c5e</load_address>
         <run_address>0x5c5e</run_address>
         <size>0x9e</size>
         <input_file_ref idref="fl-5"/>
      </object_component>
      <object_component id="oc-194">
         <name>.debug_info</name>
         <load_address>0x5cfc</load_address>
         <run_address>0x5cfc</run_address>
         <size>0x35</size>
         <input_file_ref idref="fl-5"/>
      </object_component>
      <object_component id="oc-1ac">
         <name>.debug_info</name>
         <load_address>0x5d31</load_address>
         <run_address>0x5d31</run_address>
         <size>0x25e</size>
         <input_file_ref idref="fl-6"/>
      </object_component>
      <object_component id="oc-e6">
         <name>.debug_info</name>
         <load_address>0x5f8f</load_address>
         <run_address>0x5f8f</run_address>
         <size>0x10de</size>
         <input_file_ref idref="fl-6"/>
      </object_component>
      <object_component id="oc-257">
         <name>.debug_info</name>
         <load_address>0x706d</load_address>
         <run_address>0x706d</run_address>
         <size>0x356</size>
         <input_file_ref idref="fl-7"/>
      </object_component>
      <object_component id="oc-146">
         <name>.debug_info</name>
         <load_address>0x73c3</load_address>
         <run_address>0x73c3</run_address>
         <size>0x366</size>
         <input_file_ref idref="fl-7"/>
      </object_component>
      <object_component id="oc-1f3">
         <name>.debug_info</name>
         <load_address>0x7729</load_address>
         <run_address>0x7729</run_address>
         <size>0x2c2</size>
         <input_file_ref idref="fl-8"/>
      </object_component>
      <object_component id="oc-1e1">
         <name>.debug_info</name>
         <load_address>0x79eb</load_address>
         <run_address>0x79eb</run_address>
         <size>0xc8</size>
         <input_file_ref idref="fl-8"/>
      </object_component>
      <object_component id="oc-1e4">
         <name>.debug_info</name>
         <load_address>0x7ab3</load_address>
         <run_address>0x7ab3</run_address>
         <size>0xce</size>
         <input_file_ref idref="fl-8"/>
      </object_component>
      <object_component id="oc-1e7">
         <name>.debug_info</name>
         <load_address>0x7b81</load_address>
         <run_address>0x7b81</run_address>
         <size>0xcc</size>
         <input_file_ref idref="fl-8"/>
      </object_component>
      <object_component id="oc-1ea">
         <name>.debug_info</name>
         <load_address>0x7c4d</load_address>
         <run_address>0x7c4d</run_address>
         <size>0xce</size>
         <input_file_ref idref="fl-8"/>
      </object_component>
      <object_component id="oc-1ed">
         <name>.debug_info</name>
         <load_address>0x7d1b</load_address>
         <run_address>0x7d1b</run_address>
         <size>0xdc</size>
         <input_file_ref idref="fl-8"/>
      </object_component>
      <object_component id="oc-1f0">
         <name>.debug_info</name>
         <load_address>0x7df7</load_address>
         <run_address>0x7df7</run_address>
         <size>0xdc</size>
         <input_file_ref idref="fl-8"/>
      </object_component>
      <object_component id="oc-fe">
         <name>.debug_info</name>
         <load_address>0x7ed3</load_address>
         <run_address>0x7ed3</run_address>
         <size>0xa8a</size>
         <input_file_ref idref="fl-8"/>
      </object_component>
      <object_component id="oc-230">
         <name>.debug_info</name>
         <load_address>0x895d</load_address>
         <run_address>0x895d</run_address>
         <size>0x4b9</size>
         <input_file_ref idref="fl-a"/>
      </object_component>
      <object_component id="oc-233">
         <name>.debug_info</name>
         <load_address>0x8e16</load_address>
         <run_address>0x8e16</run_address>
         <size>0xc5</size>
         <input_file_ref idref="fl-a"/>
      </object_component>
      <object_component id="oc-125">
         <name>.debug_info</name>
         <load_address>0x8edb</load_address>
         <run_address>0x8edb</run_address>
         <size>0x95f</size>
         <input_file_ref idref="fl-a"/>
      </object_component>
      <object_component id="oc-237">
         <name>.debug_info</name>
         <load_address>0x983a</load_address>
         <run_address>0x983a</run_address>
         <size>0x2f5</size>
         <input_file_ref idref="fl-b"/>
      </object_component>
      <object_component id="oc-12c">
         <name>.debug_info</name>
         <load_address>0x9b2f</load_address>
         <run_address>0x9b2f</run_address>
         <size>0x57e</size>
         <input_file_ref idref="fl-b"/>
      </object_component>
      <object_component id="oc-1ae">
         <name>.debug_info</name>
         <load_address>0xa0ad</load_address>
         <run_address>0xa0ad</run_address>
         <size>0x44b</size>
         <input_file_ref idref="fl-c"/>
      </object_component>
      <object_component id="oc-23d">
         <name>.debug_info</name>
         <load_address>0xa4f8</load_address>
         <run_address>0xa4f8</run_address>
         <size>0x86a</size>
         <input_file_ref idref="fl-d"/>
      </object_component>
      <object_component id="oc-241">
         <name>.debug_info</name>
         <load_address>0xad62</load_address>
         <run_address>0xad62</run_address>
         <size>0xcf</size>
         <input_file_ref idref="fl-d"/>
      </object_component>
      <object_component id="oc-24a">
         <name>.debug_info</name>
         <load_address>0xae31</load_address>
         <run_address>0xae31</run_address>
         <size>0xc5</size>
         <input_file_ref idref="fl-d"/>
      </object_component>
      <object_component id="oc-24d">
         <name>.debug_info</name>
         <load_address>0xaef6</load_address>
         <run_address>0xaef6</run_address>
         <size>0xc5</size>
         <input_file_ref idref="fl-d"/>
      </object_component>
      <object_component id="oc-250">
         <name>.debug_info</name>
         <load_address>0xafbb</load_address>
         <run_address>0xafbb</run_address>
         <size>0xc5</size>
         <input_file_ref idref="fl-d"/>
      </object_component>
      <object_component id="oc-253">
         <name>.debug_info</name>
         <load_address>0xb080</load_address>
         <run_address>0xb080</run_address>
         <size>0xc5</size>
         <input_file_ref idref="fl-d"/>
      </object_component>
      <object_component id="oc-141">
         <name>.debug_info</name>
         <load_address>0xb145</load_address>
         <run_address>0xb145</run_address>
         <size>0x14e5</size>
         <input_file_ref idref="fl-d"/>
      </object_component>
      <object_component id="oc-75">
         <name>.debug_info</name>
         <load_address>0xc62a</load_address>
         <run_address>0xc62a</run_address>
         <size>0x31e</size>
         <input_file_ref idref="fl-e"/>
      </object_component>
      <object_component id="oc-2e">
         <name>.debug_info</name>
         <load_address>0xc948</load_address>
         <run_address>0xc948</run_address>
         <size>0x4a0</size>
         <input_file_ref idref="fl-e"/>
      </object_component>
      <object_component id="oc-35">
         <name>.debug_info</name>
         <load_address>0xcde8</load_address>
         <run_address>0xcde8</run_address>
         <size>0x2bb</size>
         <input_file_ref idref="fl-f"/>
      </object_component>
      <object_component id="oc-13">
         <name>.debug_info</name>
         <load_address>0xd0a3</load_address>
         <run_address>0xd0a3</run_address>
         <size>0xe4</size>
         <input_file_ref idref="fl-f"/>
      </object_component>
      <object_component id="oc-28">
         <name>.debug_info</name>
         <load_address>0xd187</load_address>
         <run_address>0xd187</run_address>
         <size>0x260</size>
         <input_file_ref idref="fl-f"/>
      </object_component>
      <object_component id="oc-1bc">
         <name>.debug_info</name>
         <load_address>0xd3e7</load_address>
         <run_address>0xd3e7</run_address>
         <size>0x344</size>
         <input_file_ref idref="fl-10"/>
      </object_component>
      <object_component id="oc-f2">
         <name>.debug_info</name>
         <load_address>0xd72b</load_address>
         <run_address>0xd72b</run_address>
         <size>0x3bd</size>
         <input_file_ref idref="fl-10"/>
      </object_component>
      <object_component id="oc-132">
         <name>.debug_info</name>
         <load_address>0xdae8</load_address>
         <run_address>0xdae8</run_address>
         <size>0x11b</size>
         <input_file_ref idref="fl-12"/>
      </object_component>
      <object_component id="oc-1d0">
         <name>.debug_info</name>
         <load_address>0xdc03</load_address>
         <run_address>0xdc03</run_address>
         <size>0x33a</size>
         <input_file_ref idref="fl-cc"/>
      </object_component>
      <object_component id="oc-f9">
         <name>.debug_info</name>
         <load_address>0xdf3d</load_address>
         <run_address>0xdf3d</run_address>
         <size>0x1ee</size>
         <input_file_ref idref="fl-cc"/>
      </object_component>
      <object_component id="oc-1c5">
         <name>.debug_info</name>
         <load_address>0xe12b</load_address>
         <run_address>0xe12b</run_address>
         <size>0x1c3</size>
         <input_file_ref idref="fl-cc"/>
      </object_component>
      <object_component id="oc-1cb">
         <name>.debug_info</name>
         <load_address>0xe2ee</load_address>
         <run_address>0xe2ee</run_address>
         <size>0x176</size>
         <input_file_ref idref="fl-cc"/>
      </object_component>
      <object_component id="oc-1d1">
         <name>.debug_info</name>
         <load_address>0xe464</load_address>
         <run_address>0xe464</run_address>
         <size>0x2c</size>
         <input_file_ref idref="fl-cc"/>
      </object_component>
      <object_component id="oc-1d6">
         <name>.debug_info</name>
         <load_address>0xe490</load_address>
         <run_address>0xe490</run_address>
         <size>0x69</size>
         <input_file_ref idref="fl-cc"/>
      </object_component>
      <object_component id="oc-215">
         <name>.debug_info</name>
         <load_address>0xe4f9</load_address>
         <run_address>0xe4f9</run_address>
         <size>0x37a</size>
         <input_file_ref idref="fl-cd"/>
      </object_component>
      <object_component id="oc-114">
         <name>.debug_info</name>
         <load_address>0xe873</load_address>
         <run_address>0xe873</run_address>
         <size>0x17e</size>
         <input_file_ref idref="fl-cd"/>
      </object_component>
      <object_component id="oc-209">
         <name>.debug_info</name>
         <load_address>0xe9f1</load_address>
         <run_address>0xe9f1</run_address>
         <size>0x171</size>
         <input_file_ref idref="fl-cd"/>
      </object_component>
      <object_component id="oc-204">
         <name>.debug_info</name>
         <load_address>0xeb62</load_address>
         <run_address>0xeb62</run_address>
         <size>0x17e</size>
         <input_file_ref idref="fl-cd"/>
      </object_component>
      <object_component id="oc-210">
         <name>.debug_info</name>
         <load_address>0xece0</load_address>
         <run_address>0xece0</run_address>
         <size>0x1de</size>
         <input_file_ref idref="fl-cd"/>
      </object_component>
      <object_component id="oc-43">
         <name>.debug_info</name>
         <load_address>0xeebe</load_address>
         <run_address>0xeebe</run_address>
         <size>0x119</size>
         <input_file_ref idref="fl-ce"/>
      </object_component>
      <object_component id="oc-a9">
         <name>.debug_info</name>
         <load_address>0xefd7</load_address>
         <run_address>0xefd7</run_address>
         <size>0x147</size>
         <input_file_ref idref="fl-cf"/>
      </object_component>
      <object_component id="oc-a5">
         <name>.debug_info</name>
         <load_address>0xf11e</load_address>
         <run_address>0xf11e</run_address>
         <size>0x2d4</size>
         <input_file_ref idref="fl-d0"/>
      </object_component>
      <object_component id="oc-51">
         <name>.debug_info</name>
         <load_address>0xf3f2</load_address>
         <run_address>0xf3f2</run_address>
         <size>0x1d2</size>
         <input_file_ref idref="fl-d0"/>
      </object_component>
      <object_component id="oc-a0">
         <name>.debug_info</name>
         <load_address>0xf5c4</load_address>
         <run_address>0xf5c4</run_address>
         <size>0x46</size>
         <input_file_ref idref="fl-d0"/>
      </object_component>
      <object_component id="oc-d5">
         <name>.debug_info</name>
         <load_address>0xf60a</load_address>
         <run_address>0xf60a</run_address>
         <size>0x2c</size>
         <input_file_ref idref="fl-d0"/>
      </object_component>
      <object_component id="oc-4c">
         <name>.debug_info</name>
         <load_address>0xf636</load_address>
         <run_address>0xf636</run_address>
         <size>0x2a8</size>
         <input_file_ref idref="fl-d1"/>
      </object_component>
      <object_component id="oc-1e">
         <name>.debug_info</name>
         <load_address>0xf8de</load_address>
         <run_address>0xf8de</run_address>
         <size>0x1ea</size>
         <input_file_ref idref="fl-d1"/>
      </object_component>
      <object_component id="oc-47">
         <name>.debug_info</name>
         <load_address>0xfac8</load_address>
         <run_address>0xfac8</run_address>
         <size>0x46</size>
         <input_file_ref idref="fl-d1"/>
      </object_component>
      <object_component id="oc-98">
         <name>.debug_info</name>
         <load_address>0xfb0e</load_address>
         <run_address>0xfb0e</run_address>
         <size>0x2c</size>
         <input_file_ref idref="fl-d1"/>
      </object_component>
      <object_component id="oc-96">
         <name>.debug_info</name>
         <load_address>0xfb3a</load_address>
         <run_address>0xfb3a</run_address>
         <size>0x29e</size>
         <input_file_ref idref="fl-d2"/>
      </object_component>
      <object_component id="oc-19">
         <name>.debug_info</name>
         <load_address>0xfdd8</load_address>
         <run_address>0xfdd8</run_address>
         <size>0x250</size>
         <input_file_ref idref="fl-d2"/>
      </object_component>
      <object_component id="oc-37">
         <name>.debug_info</name>
         <load_address>0x10028</load_address>
         <run_address>0x10028</run_address>
         <size>0x60</size>
         <input_file_ref idref="fl-d2"/>
      </object_component>
      <object_component id="oc-ce">
         <name>.debug_info</name>
         <load_address>0x10088</load_address>
         <run_address>0x10088</run_address>
         <size>0x46</size>
         <input_file_ref idref="fl-d2"/>
      </object_component>
      <object_component id="oc-91">
         <name>.debug_info</name>
         <load_address>0x100ce</load_address>
         <run_address>0x100ce</run_address>
         <size>0x39</size>
         <input_file_ref idref="fl-d2"/>
      </object_component>
      <object_component id="oc-2e3">
         <name>.debug_info</name>
         <load_address>0x10107</load_address>
         <run_address>0x10107</run_address>
         <size>0xf9</size>
         <input_file_ref idref="fl-d3"/>
      </object_component>
      <object_component id="oc-1f8">
         <name>.debug_info</name>
         <load_address>0x10200</load_address>
         <run_address>0x10200</run_address>
         <size>0x105</size>
         <input_file_ref idref="fl-d3"/>
      </object_component>
      <object_component id="oc-34f">
         <name>.debug_info</name>
         <load_address>0x10305</load_address>
         <run_address>0x10305</run_address>
         <size>0x29a</size>
         <input_file_ref idref="fl-d4"/>
      </object_component>
      <object_component id="oc-244">
         <name>.debug_info</name>
         <load_address>0x1059f</load_address>
         <run_address>0x1059f</run_address>
         <size>0x292</size>
         <input_file_ref idref="fl-d4"/>
      </object_component>
      <object_component id="oc-228">
         <name>.debug_info</name>
         <load_address>0x10831</load_address>
         <run_address>0x10831</run_address>
         <size>0x28a</size>
         <input_file_ref idref="fl-d5"/>
      </object_component>
      <object_component id="oc-121">
         <name>.debug_info</name>
         <load_address>0x10abb</load_address>
         <run_address>0x10abb</run_address>
         <size>0x273</size>
         <input_file_ref idref="fl-d5"/>
      </object_component>
      <object_component id="oc-334">
         <name>.debug_info</name>
         <load_address>0x10d2e</load_address>
         <run_address>0x10d2e</run_address>
         <size>0x28f</size>
         <input_file_ref idref="fl-d6"/>
      </object_component>
      <object_component id="oc-22a">
         <name>.debug_info</name>
         <load_address>0x10fbd</load_address>
         <run_address>0x10fbd</run_address>
         <size>0x245</size>
         <input_file_ref idref="fl-d6"/>
      </object_component>
      <object_component id="oc-226">
         <name>.debug_info</name>
         <load_address>0x11202</load_address>
         <run_address>0x11202</run_address>
         <size>0x2fe</size>
         <input_file_ref idref="fl-d7"/>
      </object_component>
      <object_component id="oc-223">
         <name>.debug_info</name>
         <load_address>0x11500</load_address>
         <run_address>0x11500</run_address>
         <size>0x105</size>
         <input_file_ref idref="fl-d7"/>
      </object_component>
      <object_component id="oc-11b">
         <name>.debug_info</name>
         <load_address>0x11605</load_address>
         <run_address>0x11605</run_address>
         <size>0x1ab</size>
         <input_file_ref idref="fl-d7"/>
      </object_component>
      <object_component id="oc-1fb">
         <name>.debug_info</name>
         <load_address>0x117b0</load_address>
         <run_address>0x117b0</run_address>
         <size>0x2b6</size>
         <input_file_ref idref="fl-d8"/>
      </object_component>
      <object_component id="oc-10d">
         <name>.debug_info</name>
         <load_address>0x11a66</load_address>
         <run_address>0x11a66</run_address>
         <size>0x154</size>
         <input_file_ref idref="fl-d8"/>
      </object_component>
      <object_component id="oc-25">
         <name>.debug_info</name>
         <load_address>0x11bba</load_address>
         <run_address>0x11bba</run_address>
         <size>0x10b</size>
         <input_file_ref idref="fl-d9"/>
      </object_component>
      <object_component id="oc-60">
         <name>.debug_info</name>
         <load_address>0x11cc5</load_address>
         <run_address>0x11cc5</run_address>
         <size>0x1a9</size>
         <input_file_ref idref="fl-d9"/>
      </object_component>
      <object_component id="oc-2bf">
         <name>.debug_info</name>
         <load_address>0x11e6e</load_address>
         <run_address>0x11e6e</run_address>
         <size>0x590</size>
         <input_file_ref idref="fl-da"/>
      </object_component>
      <object_component id="oc-28a">
         <name>.debug_info</name>
         <load_address>0x123fe</load_address>
         <run_address>0x123fe</run_address>
         <size>0x21e</size>
         <input_file_ref idref="fl-da"/>
      </object_component>
      <object_component id="oc-3ae">
         <name>.debug_info</name>
         <load_address>0x1261c</load_address>
         <run_address>0x1261c</run_address>
         <size>0x1b3</size>
         <input_file_ref idref="fl-da"/>
      </object_component>
      <object_component id="oc-3b4">
         <name>.debug_info</name>
         <load_address>0x127cf</load_address>
         <run_address>0x127cf</run_address>
         <size>0x21b</size>
         <input_file_ref idref="fl-da"/>
      </object_component>
      <object_component id="oc-295">
         <name>.debug_info</name>
         <load_address>0x129ea</load_address>
         <run_address>0x129ea</run_address>
         <size>0x3c0</size>
         <input_file_ref idref="fl-da"/>
      </object_component>
      <object_component id="oc-3bb">
         <name>.debug_info</name>
         <load_address>0x12daa</load_address>
         <run_address>0x12daa</run_address>
         <size>0x30a</size>
         <input_file_ref idref="fl-da"/>
      </object_component>
      <object_component id="oc-3c1">
         <name>.debug_info</name>
         <load_address>0x130b4</load_address>
         <run_address>0x130b4</run_address>
         <size>0x215</size>
         <input_file_ref idref="fl-da"/>
      </object_component>
      <object_component id="oc-29b">
         <name>.debug_info</name>
         <load_address>0x132c9</load_address>
         <run_address>0x132c9</run_address>
         <size>0x215</size>
         <input_file_ref idref="fl-da"/>
      </object_component>
      <object_component id="oc-2a1">
         <name>.debug_info</name>
         <load_address>0x134de</load_address>
         <run_address>0x134de</run_address>
         <size>0x304</size>
         <input_file_ref idref="fl-da"/>
      </object_component>
      <object_component id="oc-2a7">
         <name>.debug_info</name>
         <load_address>0x137e2</load_address>
         <run_address>0x137e2</run_address>
         <size>0x4b5</size>
         <input_file_ref idref="fl-da"/>
      </object_component>
      <object_component id="oc-1be">
         <name>.debug_info</name>
         <load_address>0x13c97</load_address>
         <run_address>0x13c97</run_address>
         <size>0x5f4</size>
         <input_file_ref idref="fl-da"/>
      </object_component>
      <object_component id="oc-2c0">
         <name>.debug_info</name>
         <load_address>0x1428b</load_address>
         <run_address>0x1428b</run_address>
         <size>0x86</size>
         <input_file_ref idref="fl-da"/>
      </object_component>
      <object_component id="oc-3e5">
         <name>.debug_info</name>
         <load_address>0x14311</load_address>
         <run_address>0x14311</run_address>
         <size>0x39</size>
         <input_file_ref idref="fl-da"/>
      </object_component>
      <object_component id="oc-454">
         <name>.debug_info</name>
         <load_address>0x1434a</load_address>
         <run_address>0x1434a</run_address>
         <size>0xb6</size>
         <input_file_ref idref="fl-da"/>
      </object_component>
      <object_component id="oc-3ea">
         <name>.debug_info</name>
         <load_address>0x14400</load_address>
         <run_address>0x14400</run_address>
         <size>0x46</size>
         <input_file_ref idref="fl-da"/>
      </object_component>
      <object_component id="oc-2c5">
         <name>.debug_info</name>
         <load_address>0x14446</load_address>
         <run_address>0x14446</run_address>
         <size>0x46</size>
         <input_file_ref idref="fl-da"/>
      </object_component>
      <object_component id="oc-31d">
         <name>.debug_info</name>
         <load_address>0x1448c</load_address>
         <run_address>0x1448c</run_address>
         <size>0x5ce</size>
         <input_file_ref idref="fl-db"/>
      </object_component>
      <object_component id="oc-1ff">
         <name>.debug_info</name>
         <load_address>0x14a5a</load_address>
         <run_address>0x14a5a</run_address>
         <size>0xa45</size>
         <input_file_ref idref="fl-db"/>
      </object_component>
      <object_component id="oc-31f">
         <name>.debug_info</name>
         <load_address>0x1549f</load_address>
         <run_address>0x1549f</run_address>
         <size>0x9a</size>
         <input_file_ref idref="fl-db"/>
      </object_component>
      <object_component id="oc-3a9">
         <name>.debug_info</name>
         <load_address>0x15539</load_address>
         <run_address>0x15539</run_address>
         <size>0x14c</size>
         <input_file_ref idref="fl-dc"/>
      </object_component>
      <object_component id="oc-291">
         <name>.debug_info</name>
         <load_address>0x15685</load_address>
         <run_address>0x15685</run_address>
         <size>0x128</size>
         <input_file_ref idref="fl-dd"/>
      </object_component>
      <object_component id="oc-394">
         <name>.debug_info</name>
         <load_address>0x157ad</load_address>
         <run_address>0x157ad</run_address>
         <size>0x12a</size>
         <input_file_ref idref="fl-dd"/>
      </object_component>
      <object_component id="oc-38f">
         <name>.debug_info</name>
         <load_address>0x158d7</load_address>
         <run_address>0x158d7</run_address>
         <size>0x13a</size>
         <input_file_ref idref="fl-de"/>
      </object_component>
      <object_component id="oc-38a">
         <name>.debug_info</name>
         <load_address>0x15a11</load_address>
         <run_address>0x15a11</run_address>
         <size>0x13a</size>
         <input_file_ref idref="fl-df"/>
      </object_component>
      <object_component id="oc-399">
         <name>.debug_info</name>
         <load_address>0x15b4b</load_address>
         <run_address>0x15b4b</run_address>
         <size>0x12e</size>
         <input_file_ref idref="fl-e0"/>
      </object_component>
      <object_component id="oc-2ff">
         <name>.debug_info</name>
         <load_address>0x15c79</load_address>
         <run_address>0x15c79</run_address>
         <size>0x13e</size>
         <input_file_ref idref="fl-e1"/>
      </object_component>
      <object_component id="oc-3a4">
         <name>.debug_info</name>
         <load_address>0x15db7</load_address>
         <run_address>0x15db7</run_address>
         <size>0x12c</size>
         <input_file_ref idref="fl-e2"/>
      </object_component>
      <object_component id="oc-383">
         <name>.debug_info</name>
         <load_address>0x15ee3</load_address>
         <run_address>0x15ee3</run_address>
         <size>0x134</size>
         <input_file_ref idref="fl-e3"/>
      </object_component>
      <object_component id="oc-263">
         <name>.debug_info</name>
         <load_address>0x16017</load_address>
         <run_address>0x16017</run_address>
         <size>0x4b3</size>
         <input_file_ref idref="fl-e4"/>
      </object_component>
      <object_component id="oc-15c">
         <name>.debug_info</name>
         <load_address>0x164ca</load_address>
         <run_address>0x164ca</run_address>
         <size>0x1a6</size>
         <input_file_ref idref="fl-e4"/>
      </object_component>
      <object_component id="oc-36f">
         <name>.debug_info</name>
         <load_address>0x16670</load_address>
         <run_address>0x16670</run_address>
         <size>0x39</size>
         <input_file_ref idref="fl-e4"/>
      </object_component>
      <object_component id="oc-418">
         <name>.debug_info</name>
         <load_address>0x166a9</load_address>
         <run_address>0x166a9</run_address>
         <size>0x39</size>
         <input_file_ref idref="fl-e4"/>
      </object_component>
[...]
      <symbol id="sm-341">
         <name>setIpAddress</name>
         <value>0x40bb</value>
         <object_component_ref idref="oc-fc"/>
      </symbol>
      <symbol id="sm-342">
         <name>getIpDnsAddress</name>
         <value>0x4251</value>
         <object_component_ref idref="oc-fc"/>
      </symbol>
      <symbol id="sm-343">
         <name>setIpDnsAddress</name>
         <value>0x4217</value>
         <object_component_ref idref="oc-fc"/>
      </symbol>
      <symbol id="sm-371">
         <name>KEEP_ALIVE</name>
         <value>0x20001250</value>
      </symbol>
      <symbol id="sm-372">
         <name>connectMqtt</name>
         <value>0x48d5</value>
         <object_component_ref idref="oc-123"/>
      </symbol>
      <symbol id="sm-373">
         <name>mqttPing</name>
         <value>0x4cab</value>
         <object_component_ref idref="oc-123"/>
      </symbol>
      <symbol id="sm-374">
         <name>publishMqtt</name>
         <value>0x4a71</value>
         <object_component_ref idref="oc-123"/>
      </symbol>
      <symbol id="sm-375">
         <name>subscribeMqtt</name>
         <value>0x4b4f</value>
         <object_component_ref idref="oc-123"/>
      </symbol>
      <symbol id="sm-376">
         <name>unsubscribeMqtt</name>
         <value>0x4c1d</value>
         <object_component_ref idref="oc-123"/>
      </symbol>
      <symbol id="sm-377">
         <name>disconnectMqtt</name>
         <value>0x4a13</value>
         <object_component_ref idref="oc-123"/>
      </symbol>
      <symbol id="sm-3a8">
         <name>sockets</name>
         <value>0x20001000</value>
      </symbol>
      <symbol id="sm-3a9">
         <name>getSocketInfoFromArpResponse</name>
         <value>0x511f</value>
         <object_component_ref idref="oc-129"/>
      </symbol>
      <symbol id="sm-3aa">
         <name>getSocket</name>
         <value>0x52eb</value>
         <object_component_ref idref="oc-129"/>
      </symbol>
      <symbol id="sm-3ab">
         <name>initSockets</name>
         <value>0x5015</value>
         <object_component_ref idref="oc-129"/>
      </symbol>
      <symbol id="sm-3ac">
         <name>newSocket</name>
         <value>0x504d</value>
         <object_component_ref idref="oc-129"/>
      </symbol>
      <symbol id="sm-3ad">
         <name>deleteSocket</name>
         <value>0x50b7</value>
         <object_component_ref idref="oc-129"/>
      </symbol>
      <symbol id="sm-3ae">
         <name>getSocketInfoFromTcpPacket</name>
         <value>0x5241</value>
         <object_component_ref idref="oc-129"/>
      </symbol>
      <symbol id="sm-3af">
         <name>getSocketInfoFromUdpPacket</name>
         <value>0x5197</value>
         <object_component_ref idref="oc-129"/>
      </symbol>
      <symbol id="sm-3cb">
         <name>setSpi0Mode</name>
         <value>0x6007</value>
         <object_component_ref idref="oc-1ad"/>
      </symbol>
      <symbol id="sm-3cc">
         <name>readSpi0Data</name>
         <value>0x606d</value>
         <object_component_ref idref="oc-1ad"/>
      </symbol>
      <symbol id="sm-3cd">
         <name>writeSpi0Data</name>
         <value>0x6055</value>
         <object_component_ref idref="oc-1ad"/>
      </symbol>
      <symbol id="sm-3ce">
         <name>initSpi0</name>
         <value>0x5f35</value>
         <object_component_ref idref="oc-1ad"/>
      </symbol>
      <symbol id="sm-3cf">
         <name>setSpi0BaudRate</name>
         <value>0x5fd1</value>
         <object_component_ref idref="oc-1ad"/>
      </symbol>
      <symbol id="sm-480">
         <name>tcpPorts</name>
         <value>0x20001240</value>
      </symbol>
      <symbol id="sm-481">
         <name>tcpState</name>
         <value>0x20001248</value>
      </symbol>
      <symbol id="sm-482">
         <name>isTcp</name>
         <value>0x29d</value>
         <object_component_ref idref="oc-13d"/>
      </symbol>
      <symbol id="sm-483">
         <name>tcpPortCount</name>
         <value>0x20001276</value>
         <object_component_ref idref="oc-240"/>
      </symbol>
      <symbol id="sm-484">
         <name>sendTcpResponse</name>
         <value>0xc15</value>
         <object_component_ref idref="oc-13d"/>
      </symbol>
      <symbol id="sm-485">
         <name>setTcpPortList</name>
         <value>0xb4b</value>
         <object_component_ref idref="oc-13d"/>
      </symbol>
      <symbol id="sm-486">
         <name>isTcpSyn</name>
         <value>0x363</value>
         <object_component_ref idref="oc-13d"/>
      </symbol>
      <symbol id="sm-487">
         <name>processTcpArpResponse</name>
         <value>0xa91</value>
         <object_component_ref idref="oc-13d"/>
      </symbol>
      <symbol id="sm-488">
         <name>getTcpState</name>
         <value>0x289</value>
         <object_component_ref idref="oc-13d"/>
      </symbol>
      <symbol id="sm-489">
         <name>sendTcpPendingMessages</name>
         <value>0x401</value>
         <object_component_ref idref="oc-13d"/>
      </symbol>
      <symbol id="sm-48a">
         <name>isTcpAck</name>
         <value>0x3af</value>
         <object_component_ref idref="oc-13d"/>
      </symbol>
      <symbol id="sm-48b">
         <name>setTcpState</name>
         <value>0x26d</value>
         <object_component_ref idref="oc-13d"/>
      </symbol>
      <symbol id="sm-48c">
         <name>tcpSynTimeout</name>
         <value>0xeff</value>
         <object_component_ref idref="oc-13d"/>
      </symbol>
      <symbol id="sm-48d">
         <name>sendTcpMessage</name>
         <value>0xc45</value>
         <object_component_ref idref="oc-13d"/>
      </symbol>
      <symbol id="sm-48e">
         <name>processTcpResponse</name>
         <value>0x7bd</value>
         <object_component_ref idref="oc-13d"/>
      </symbol>
      <symbol id="sm-48f">
         <name>isTcpPortOpen</name>
         <value>0xb99</value>
         <object_component_ref idref="oc-13d"/>
      </symbol>
      <symbol id="sm-4d0">
         <name>fn</name>
         <value>0x200011bc</value>
      </symbol>
      <symbol id="sm-4d1">
         <name>period</name>
         <value>0x200011e4</value>
      </symbol>
      <symbol id="sm-4d2">
         <name>ticks</name>
         <value>0x2000120c</value>
      </symbol>
      <symbol id="sm-4d3">
         <name>reload</name>
         <value>0x20001234</value>
      </symbol>
      <symbol id="sm-4d4">
         <name>initTimer</name>
         <value>0x4cdd</value>
         <object_component_ref idref="oc-2d"/>
      </symbol>
      <symbol id="sm-4d5">
         <name>stopTimer</name>
         <value>0x4e89</value>
         <object_component_ref idref="oc-2d"/>
      </symbol>
      <symbol id="sm-4d6">
         <name>startOneshotTimer</name>
         <value>0x4d7d</value>
         <object_component_ref idref="oc-2d"/>
      </symbol>
      <symbol id="sm-4d7">
         <name>restartTimer</name>
         <value>0x4eef</value>
         <object_component_ref idref="oc-2d"/>
      </symbol>
      <symbol id="sm-4d8">
         <name>random32</name>
         <value>0x4fd7</value>
         <object_component_ref idref="oc-2d"/>
      </symbol>
      <symbol id="sm-4d9">
         <name>tickIsr</name>
         <value>0x4f5d</value>
         <object_component_ref idref="oc-2d"/>
      </symbol>
      <symbol id="sm-4da">
         <name>startPeriodicTimer</name>
         <value>0x4e03</value>
         <object_component_ref idref="oc-2d"/>
      </symbol>
      <symbol id="sm-4f6">
         <name>ResetISR</name>
         <value>0x763f</value>
         <object_component_ref idref="oc-27"/>
      </symbol>
      <symbol id="sm-4f7">
         <name>g_pfnVectors</name>
         <value>0x0</value>
         <object_component_ref idref="oc-12"/>
      </symbol>
      <symbol id="sm-51a">
         <name>getcUart0</name>
         <value>0x666b</value>
         <object_component_ref idref="oc-f0"/>
      </symbol>
      <symbol id="sm-51b">
         <name>kbhitUart0</name>
         <value>0x667f</value>
         <object_component_ref idref="oc-f0"/>
      </symbol>
      <symbol id="sm-51c">
         <name>setUart0BaudRate</name>
         <value>0x65df</value>
         <object_component_ref idref="oc-f0"/>
      </symbol>
      <symbol id="sm-51d">
         <name>putsUart0</name>
         <value>0x663f</value>
         <object_component_ref idref="oc-f0"/>
      </symbol>
      <symbol id="sm-51e">
         <name>initUart0</name>
         <value>0x6595</value>
         <object_component_ref idref="oc-f0"/>
      </symbol>
      <symbol id="sm-51f">
         <name>putcUart0</name>
         <value>0x6623</value>
         <object_component_ref idref="oc-f0"/>
      </symbol>
      <symbol id="sm-52e">
         <name>waitMicrosecond</name>
         <value>0x74d9</value>
         <object_component_ref idref="oc-131"/>
      </symbol>
      <symbol id="sm-55d">
         <name>snprintf</name>
         <value>0x7245</value>
         <object_component_ref idref="oc-f6"/>
      </symbol>
      <symbol id="sm-594">
         <name>sscanf</name>
         <value>0x739d</value>
         <object_component_ref idref="oc-111"/>
      </symbol>
      <symbol id="sm-5af">
         <name>memcpy</name>
         <value>0x6baf</value>
         <object_component_ref idref="oc-41"/>
      </symbol>
      <symbol id="sm-5b0">
         <name>__aeabi_memcpy</name>
         <value>0x6baf</value>
         <object_component_ref idref="oc-41"/>
      </symbol>
      <symbol id="sm-5b1">
         <name>__aeabi_memcpy8</name>
         <value>0x6baf</value>
         <object_component_ref idref="oc-41"/>
      </symbol>
      <symbol id="sm-5b2">
         <name>__aeabi_memcpy4</name>
         <value>0x6baf</value>
         <object_component_ref idref="oc-41"/>
      </symbol>
      <symbol id="sm-5c1">
         <name>__aeabi_memset</name>
         <value>0x6e73</value>
         <object_component_ref idref="oc-a6"/>
      </symbol>
      <symbol id="sm-5c2">
         <name>memset</name>
         <value>0x6e79</value>
         <object_component_ref idref="oc-a6"/>
      </symbol>
      <symbol id="sm-5c3">
         <name>__aeabi_memset8</name>
         <value>0x6e73</value>
         <object_component_ref idref="oc-a6"/>
      </symbol>
      <symbol id="sm-5c4">
         <name>__aeabi_memset4</name>
         <value>0x6e73</value>
         <object_component_ref idref="oc-a6"/>
      </symbol>
      <symbol id="sm-5c5">
         <name>__aeabi_memclr8</name>
         <value>0x6e71</value>
         <object_component_ref idref="oc-a6"/>
      </symbol>
      <symbol id="sm-5c6">
         <name>__aeabi_memclr4</name>
         <value>0x6e71</value>
         <object_component_ref idref="oc-a6"/>
      </symbol>
      <symbol id="sm-5c7">
         <name>__aeabi_memclr</name>
         <value>0x6e71</value>
         <object_component_ref idref="oc-a6"/>
      </symbol>
      <symbol id="sm-5e0">
         <name>__TI_zero_init_nomemset</name>
         <value>0x74fd</value>
         <object_component_ref idref="oc-4d"/>
      </symbol>
      <symbol id="sm-5f7">
         <name>__TI_decompress_none</name>
         <value>0x7631</value>
         <object_component_ref idref="oc-1b"/>
      </symbol>
      <symbol id="sm-61a">
         <name>__TI_decompress_lzss</name>
         <value>0x7031</value>
         <object_component_ref idref="oc-15"/>
      </symbol>
      <symbol id="sm-625">
         <name>_ctypes_</name>
         <value>0x7668</value>
         <object_component_ref idref="oc-1f7"/>
      </symbol>
      <symbol id="sm-635">
         <name>memcmp</name>
         <value>0x7491</value>
         <object_component_ref idref="oc-243"/>
      </symbol>
      <symbol id="sm-644">
         <name>strcmp</name>
         <value>0x757f</value>
         <object_component_ref idref="oc-11d"/>
      </symbol>
      <symbol id="sm-652">
         <name>strlen</name>
         <value>0x75d9</value>
         <object_component_ref idref="oc-229"/>
      </symbol>
      <symbol id="sm-66a">
         <name>strtok</name>
         <value>0x731d</value>
         <object_component_ref idref="oc-117"/>
      </symbol>
      <symbol id="sm-679">
         <name>tolower</name>
         <value>0x7621</value>
         <object_component_ref idref="oc-10b"/>
      </symbol>
      <symbol id="sm-68c">
         <name>__stack</name>
         <value>0x20000000</value>
         <object_component_ref idref="oc-24"/>
      </symbol>
      <symbol id="sm-68d">
         <name>_c_int00_noargs</name>
         <value>0x73d5</value>
         <object_component_ref idref="oc-5f"/>
      </symbol>
      <symbol id="sm-7f2">
         <name>__TI_printfi</name>
         <value>0x2659</value>
         <object_component_ref idref="oc-1bd"/>
      </symbol>
      <symbol id="sm-8a8">
         <name>__TI_scanfi</name>
         <value>0x1b45</value>
         <object_component_ref idref="oc-1fc"/>
      </symbol>
      <symbol id="sm-8bf">
         <name>__aeabi_dsub</name>
         <value>0x5c1d</value>
         <object_component_ref idref="oc-3a8"/>
      </symbol>
      <symbol id="sm-8c0">
         <name>__aeabi_dadd</name>
         <value>0x5c27</value>
         <object_component_ref idref="oc-3a8"/>
      </symbol>
      <symbol id="sm-8e2">
         <name>__aeabi_cdcmpeq</name>
         <value>0x6ce1</value>
         <object_component_ref idref="oc-28f"/>
      </symbol>
      <symbol id="sm-8e3">
         <name>__aeabi_cdcmple</name>
         <value>0x6ce1</value>
         <object_component_ref idref="oc-28f"/>
      </symbol>
      <symbol id="sm-8e4">
         <name>__aeabi_cdrcmple</name>
         <value>0x6d67</value>
         <object_component_ref idref="oc-393"/>
      </symbol>
      <symbol id="sm-8f8">
         <name>__aeabi_ddiv</name>
         <value>0x632d</value>
         <object_component_ref idref="oc-38e"/>
      </symbol>
      <symbol id="sm-903">
         <name>__aeabi_dmul</name>
         <value>0x6a01</value>
         <object_component_ref idref="oc-389"/>
      </symbol>
      <symbol id="sm-90d">
         <name>__aeabi_d2iz</name>
         <value>0x7291</value>
         <object_component_ref idref="oc-398"/>
      </symbol>
      <symbol id="sm-919">
         <name>__aeabi_d2f</name>
         <value>0x6f59</value>
         <object_component_ref idref="oc-2fe"/>
      </symbol>
      <symbol id="sm-923">
         <name>__aeabi_i2d</name>
         <value>0x7439</value>
         <object_component_ref idref="oc-3a3"/>
      </symbol>
      <symbol id="sm-930">
         <name>__aeabi_uldivmod</name>
         <value>0x6c4b</value>
         <object_component_ref idref="oc-382"/>
      </symbol>
      <symbol id="sm-958">
         <name>__TI_auto_init_nobinit_nopinit</name>
         <value>0x72d9</value>
         <object_component_ref idref="oc-15b"/>
      </symbol>
      <symbol id="sm-962">
         <name>_system_pre_init</name>
         <value>0x765d</value>
         <object_component_ref idref="oc-ac"/>
      </symbol>
      <symbol id="sm-96e">
         <name>C$$EXIT</name>
         <value>0x7661</value>
         <object_component_ref idref="oc-14f"/>
      </symbol>
      <symbol id="sm-96f">
         <name>abort</name>
         <value>0x7661</value>
         <object_component_ref idref="oc-14f"/>
      </symbol>
      <symbol id="sm-97f">
         <name>__TI_ltoa</name>
         <value>0x7153</value>
         <object_component_ref idref="oc-39d"/>
      </symbol>
      <symbol id="sm-996">
         <name>atoi</name>
         <value>0x71f9</value>
         <object_component_ref idref="oc-283"/>
      </symbol>
      <symbol id="sm-9a6">
         <name>memccpy</name>
         <value>0x7519</value>
         <object_component_ref idref="oc-2ac"/>
      </symbol>
      <symbol id="sm-9b6">
         <name>strchr</name>
         <value>0x75af</value>
         <object_component_ref idref="oc-315"/>
      </symbol>
      <symbol id="sm-9c4">
         <name>strcpy</name>
         <value>0x75c5</value>
         <object_component_ref idref="oc-2e6"/>
      </symbol>
      <symbol id="sm-9d5">
         <name>strcspn</name>
         <value>0x74b5</value>
         <object_component_ref idref="oc-21c"/>
      </symbol>
      <symbol id="sm-9e4">
         <name>strrchr</name>
         <value>0x7597</value>
         <object_component_ref idref="oc-30f"/>
      </symbol>
      <symbol id="sm-9f6">
         <name>strspn</name>
         <value>0x7467</value>
         <object_component_ref idref="oc-216"/>
      </symbol>
      <symbol id="sm-a56">
         <name>strtold</name>
         <value>0x4475</value>
         <object_component_ref idref="oc-2f8"/>
      </symbol>
      <symbol id="sm-a57">
         <name>strtod</name>
         <value>0x4475</value>
         <object_component_ref idref="oc-2f8"/>
      </symbol>
      <symbol id="sm-a7b">
         <name>strtol</name>
         <value>0x6465</value>
         <object_component_ref idref="oc-303"/>
      </symbol>
      <symbol id="sm-aa1">
         <name>strtoll</name>
         <value>0x5871</value>
         <object_component_ref idref="oc-309"/>
      </symbol>
      <symbol id="sm-ac1">
         <name>strtoul</name>
         <value>0x68f1</value>
         <object_component_ref idref="oc-2f2"/>
      </symbol>
      <symbol id="sm-ae4">
         <name>strtoull</name>
         <value>0x6095</value>
         <object_component_ref idref="oc-2ec"/>
      </symbol>
      <symbol id="sm-afa">
         <name>__aeabi_errno_addr</name>
         <value>0x764d</value>
         <object_component_ref idref="oc-2b8"/>
      </symbol>
      <symbol id="sm-afb">
         <name>errno</name>
         <value>0x20001278</value>
         <object_component_ref idref="oc-3de"/>
      </symbol>
      <symbol id="sm-b14">
         <name>wcslen</name>
         <value>0x75ff</value>
         <object_component_ref idref="oc-2b2"/>
      </symbol>
      <symbol id="sm-b34">
         <name>frexpl</name>
         <value>0x7099</value>
         <object_component_ref idref="oc-3c8"/>
      </symbol>
      <symbol id="sm-b35">
         <name>frexp</name>
         <value>0x7099</value>
         <object_component_ref idref="oc-3c8"/>
      </symbol>
      <symbol id="sm-b52">
         <name>scalbn</name>
         <value>0x67e1</value>
         <object_component_ref idref="oc-3ce"/>
      </symbol>
      <symbol id="sm-b53">
         <name>scalbnl</name>
         <value>0x67e1</value>
         <object_component_ref idref="oc-3ce"/>
      </symbol>
      <symbol id="sm-b54">
         <name>ldexpl</name>
         <value>0x67e1</value>
         <object_component_ref idref="oc-3ce"/>
      </symbol>
      <symbol id="sm-b55">
         <name>ldexp</name>
         <value>0x67e1</value>
         <object_component_ref idref="oc-3ce"/>
      </symbol>
      <symbol id="sm-b5f">
         <name>__aeabi_idiv0</name>
         <value>0x30a7</value>
         <object_component_ref idref="oc-426"/>
      </symbol>
      <symbol id="sm-b60">
         <name>__aeabi_ldiv0</name>
         <value>0x30a7</value>
         <object_component_ref idref="oc-426"/>
      </symbol>
      <symbol id="sm-b69">
         <name>__aeabi_lmul</name>
         <value>0x7567</value>
         <object_component_ref idref="oc-3f3"/>
      </symbol>
      <symbol id="sm-b73">
         <name>copysign</name>
         <value>0x7535</value>
         <object_component_ref idref="oc-43f"/>
      </symbol>
      <symbol id="sm-b74">
         <name>copysignl</name>
         <value>0x7535</value>
         <object_component_ref idref="oc-43f"/>
      </symbol>
      <symbol id="sm-b75">
         <name>__TI_static_base__</name>
         <value>0x0</value>
      </symbol>
      <symbol id="sm-b78">
         <name>__mpu_init</name>
         <value>0x0</value>
      </symbol>
      <symbol id="sm-b79">
         <name>_system_post_cinit</name>
         <value>0x0</value>
      </symbol>
   </symbol_table>
   <title>Link successful</title>
</link_info>
