******************************************************************************
                  TI ARM Linker Unix v20.2.7                   
******************************************************************************
>> Linked Mon Apr 28 18:13:35 2025

OUTPUT FILE NAME:   <Project2.out>
ENTRY POINT SYMBOL: "_c_int00_noargs"  address: 00008ca1


MEMORY CONFIGURATION

         name            origin    length      used     unused   attr    fill
----------------------  --------  ---------  --------  --------  ----  --------
  FLASH                 00000000   00040000  00009273  00036d8d  R  X
  SRAM                  20000000   00008000  000012f1  00006d0f  RW X


SEGMENT ALLOCATION MAP

run origin  load origin   length   init length attrs members
----------  ----------- ---------- ----------- ----- -------
00000000    00000000    00009278   00009278    r-x
  00000000    00000000    0000026c   0000026c    r-- .intvecs
  0000026c    0000026c    00008d24   00008d24    r-x .text
  00008f90    00008f90    0000029b   0000029b    r-- .const
  00009230    00009230    00000048   00000048    r-- .cinit
20000000    20000000    000012f4   00000000    rw-
  20000000    20000000    00001000   00000000    rw- .stack
  20001000    20001000    000002b5   00000000    rw- .bss
  200012b8    200012b8    0000003c   00000000    rw- .data


SECTION ALLOCATION MAP

 output                                  attributes/
section   page    origin      length       input sections
--------  ----  ----------  ----------   ----------------
.intvecs   0    00000000    0000026c     
                  00000000    0000026c     tm4c123gh6pm_startup_ccs.obj (.intvecs)

.text      0    0000026c    00008d24     
                  0000026c    00000eb8     bme680.obj (.text)
                  00001124    00000d3c     tcp.obj (.text)
                  00001e60    00000c44     ethernet.obj (.text)
                  00002aa4    00000b14     rtsv7M4_T_le_v4SPD16_eabi.lib : _scanfi.c.obj (.text:__TI_scanfi)
                  000035b8    00000a4e                                   : _printfi.c.obj (.text:__TI_printfi)
                  00004006    00000002                                   : div0.asm.obj (.text)
                  00004008    00000808     gpio.obj (.text)
                  00004810    00000714     eth0.obj (.text)
                  00004f24    0000058c     rtsv7M4_T_le_v4SPD16_eabi.lib : e_powf.c.obj (.text:powf)
                  000054b0    000004bc     mqtt.obj (.text)
                  0000596c    000004b0     ip.obj (.text)
                  00005e1c    00000460     rtsv7M4_T_le_v4SPD16_eabi.lib : strtod.c.obj (.text:strtod)
                  0000627c    00000338     timer.obj (.text)
                  000065b4    000002f8     socket.obj (.text)
                  000068ac    000002f4     arp.obj (.text)
                  00006ba0    00000270     rtsv7M4_T_le_v4SPD16_eabi.lib : _printfi.c.obj (.text:_pconv_a)
                  00006e10    000001dc                                   : strtoll.c.obj (.text:strtoll)
                  00006fec    000001d0                                   : _printfi.c.obj (.text:_pconv_g)
                  000071bc    000001b6                                   : fd_add_t2.asm.obj (.text)
                  00007372    00000002     --HOLE-- [fill = 0]
                  00007374    00000174     I2C3.obj (.text)
                  000074e8    00000160     icmp.obj (.text)
                  00007648    00000160     spi0.obj (.text)
                  000077a8    0000015c     rtsv7M4_T_le_v4SPD16_eabi.lib : strtoull.c.obj (.text:strtoull)
                  00007904    0000013c                                   : _printfi.c.obj (.text:_pconv_e)
                  00007a40    00000136                                   : fd_div_t2.asm.obj (.text)
                  00007b76    00000002     --HOLE-- [fill = 0]
                  00007b78    00000130                                   : strtol.c.obj (.text:strtol)
                  00007ca8    00000128     uart0.obj (.text)
                  00007dd0    00000124     rtsv7M4_T_le_v4SPD16_eabi.lib : _printfi.c.obj (.text:fcvt)
                  00007ef4    00000110                                   : s_scalbn.c.obj (.text:scalbn)
                  00008004    00000110                                   : strtoul.c.obj (.text:strtoul)
                  00008114    000000fc                                   : fd_mul_t2.asm.obj (.text)
                  00008210    000000d0                                   : s_scalbnf.c.obj (.text:scalbnf)
                  000082e0    000000b1                                   : _printfi.c.obj (.text:_ltostr)
                  00008391    00000001     --HOLE-- [fill = 0]
                  00008392    0000009c                                   : memcpy_t2.asm.obj (.text)
                  0000842e    00000096                                   : ull_div_t2.asm.obj (.text)
                  000084c4    00000086                                   : fd_cmp_t2.asm.obj (.text:__aeabi_cdcmple)
                  0000854a    00000086                                   : fd_cmp_t2.asm.obj (.text:__aeabi_cdrcmple)
                  000085d0    00000084     eeprom.obj (.text)
                  00008654    0000007a     rtsv7M4_T_le_v4SPD16_eabi.lib : memset_t2.asm.obj (.text)
                  000086ce    0000006e                                   : _printfi.c.obj (.text:_mcpy)
                  0000873c    0000006e                                   : fd_tos_t2.asm.obj (.text)
                  000087aa    0000006e                                   : ll_div_t2.asm.obj (.text)
                  00008818    00000068                                   : sscanf.c.obj (.text:_chkmbc)
                  00008880    00000068                                   : copy_decompress_lzss.c.obj (.text:decompress:lzss:__TI_decompress_lzss)
                  000088e8    00000064                                   : s_frexp.c.obj (.text:frexp)
                  0000894c    00000056                                   : _printfi.c.obj (.text:_pconv_f)
                  000089a2    00000054                                   : _ltoa.c.obj (.text:__TI_ltoa)
                  000089f6    00000052                                   : _printfi.c.obj (.text:_ecpy)
                  00008a48    0000004c                                   : atoi.c.obj (.text:atoi)
                  00008a94    0000004c                                   : snprintf.c.obj (.text:snprintf)
                  00008ae0    00000048                                   : fd_toi_t2.asm.obj (.text)
                  00008b28    00000044                                   : autoinit.c.obj (.text:__TI_auto_init_nobinit_nopinit:__TI_auto_init_nobinit_nopinit)
                  00008b6c    00000044                                   : fd_tou_t2.asm.obj (.text)
                  00008bb0    00000040                                   : strtok.c.obj (.text:strtok)
                  00008bf0    0000003e                                   : _printfi.c.obj (.text:_fcpy)
                  00008c2e    00000038                                   : fs_tod_t2.asm.obj (.text)
                  00008c66    00000002     --HOLE-- [fill = 0]
                  00008c68    00000038                                   : sscanf.c.obj (.text:sscanf)
                  00008ca0    00000034                                   : boot_cortex_m.c.obj (.text:_c_int00_noargs:_c_int00_noargs)
                  00008cd4    00000030                                   : snprintf.c.obj (.text:_outs)
                  00008d04    0000002e                                   : i_tofd_t2.asm.obj (.text)
                  00008d32    0000002a                                   : strspn.c.obj (.text:strspn)
                  00008d5c    00000028                                   : e_sqrtf.c.obj (.text:sqrtf)
                  00008d84    00000024                                   : memcmp.c.obj (.text:memcmp)
                  00008da8    00000024                                   : strcspn.c.obj (.text:strcspn)
                  00008dcc    00000024     wait.obj (.text)
                  00008df0    00000020     rtsv7M4_T_le_v4SPD16_eabi.lib : u_tofd_t2.asm.obj (.text)
                  00008e10    0000001c                                   : copy_zero_init.c.obj (.text:decompress:ZI:__TI_zero_init_nomemset:__TI_zero_init_nomemset)
                  00008e2c    0000001c                                   : memccpy.c.obj (.text:memccpy)
                  00008e48    0000001a                                   : s_copysign.c.obj (.text:copysign)
                  00008e62    00000018                                   : snprintf.c.obj (.text:_outc)
                  00008e7a    00000018                                   : s_copysignf.c.obj (.text:copysignf)
                  00008e92    00000018                                   : ll_mul_t2.asm.obj (.text)
                  00008eaa    00000018                                   : strcmp.c.obj (.text:strcmp)
                  00008ec2    00000018                                   : strrchr.c.obj (.text:strrchr)
                  00008eda    00000016                                   : strchr.c.obj (.text:strchr)
                  00008ef0    00000014                                   : strcpy.c.obj (.text:strcpy)
                  00008f04    00000014                                   : strlen.c.obj (.text:strlen)
                  00008f18    00000012                                   : sscanf.c.obj (.text:_inpchar)
                  00008f2a    00000012                                   : wcslen.c.obj (.text:wcslen)
                  00008f3c    00000010     clock.obj (.text)
                  00008f4c    00000010     rtsv7M4_T_le_v4SPD16_eabi.lib : tolower.c.obj (.text:tolower)
                  00008f5c    0000000e                                   : copy_decompress_none.c.obj (.text:decompress:none:__TI_decompress_none)
                  00008f6a    0000000c     tm4c123gh6pm_startup_ccs.obj (.text)
                  00008f76    00000002     --HOLE-- [fill = 0]
                  00008f78    00000008     rtsv7M4_T_le_v4SPD16_eabi.lib : errno.c.obj (.text:__aeabi_errno_addr)
                  00008f80    00000008                                   : sscanf.c.obj (.text:_uninpchar)
                  00008f88    00000004                                   : pre_init.c.obj (.text:_system_pre_init)
                  00008f8c    00000004                                   : exit.c.obj (.text:abort:abort)

.const     0    00008f90    0000029b     
                  00008f90    00000101     rtsv7M4_T_le_v4SPD16_eabi.lib : ctype.c.obj (.const:.string:_ctypes_)
                  00009091    00000007     tcp.obj (.const:.string:$P$T0$1)
                  00009098    000000c8     rtsv7M4_T_le_v4SPD16_eabi.lib : strtod.c.obj (.const:$O1$$)
                  00009160    00000040     bme680.obj (.const:$P$T0$1)
                  000091a0    00000040     bme680.obj (.const:$P$T1$2)
                  000091e0    00000018     rtsv7M4_T_le_v4SPD16_eabi.lib : e_powf.c.obj (.const:$O1$$)
                  000091f8    00000010                                   : _scanfi.c.obj (.const:$O1$$)
                  00009208    0000000b     mqtt.obj (.const:.string:$P$T0$1)
                  00009213    0000000a     tcp.obj (.const:.string:$P$T1$2)
                  0000921d    00000007     tcp.obj (.const:.string:$P$T4$5)
                  00009224    00000004     tcp.obj (.const:.string:$P$T3$4)
                  00009228    00000003     tcp.obj (.const:.string:$P$T2$3)

.cinit     0    00009230    00000048     
                  00009230    0000001d     (.cinit..data.load) [load image, compression = lzss]
                  0000924d    00000003     --HOLE-- [fill = 0]
                  00009250    0000000c     (__TI_handler_table)
                  0000925c    00000004     --HOLE-- [fill = 0]
                  00009260    00000008     (.cinit..bss.load) [load image, compression = zero_init]
                  00009268    00000010     (__TI_cinit_table)

.init_array 
*          0    00000000    00000000     UNINITIALIZED

.bss       0    20001000    000002b5     UNINITIALIZED
                  20001000    00000168     (.common:sockets)
                  20001168    00000054     (.common:strInput)
                  200011bc    00000028     (.common:bmeCalSpace)
                  200011e4    00000028     (.common:fn)
                  2000120c    00000028     (.common:period)
                  20001234    00000028     (.common:ticks)
                  2000125c    00000014     (.common:bmeDataSpace)
                  20001270    00000014     (.common:bmeSpace)
                  20001284    00000014     (.common:sub_list)
                  20001298    0000000c     (.common:reload)
                  200012a4    00000008     (.common:tcpPorts)
                  200012ac    00000004     (.common:tcpState)
                  200012b0    00000004     (.common:token)
                  200012b4    00000001     (.common:KEEP_ALIVE)

.data      0    200012b8    0000003c     UNINITIALIZED
                  200012b8    0000000c     bme680.obj (.data)
                  200012c4    00000006     eth0.obj (.data:hwAddress)
                  200012ca    00000005     ethernet.obj (.data)
                  200012cf    00000004     ip.obj (.data:ipAddress)
                  200012d3    00000004     ip.obj (.data:ipDnsAddress)
                  200012d7    00000004     ip.obj (.data:ipGwAddress)
                  200012db    00000004     ip.obj (.data:ipMqttBrokerAddress)
                  200012df    00000004     ip.obj (.data:ipSubnetMask)
                  200012e3    00000004     ip.obj (.data:ipTimeServerAddress)
                  200012e7    00000001     mqtt.obj (.data)
                  200012e8    00000004     rtsv7M4_T_le_v4SPD16_eabi.lib : errno.c.obj (.data)
                  200012ec    00000004                                   : strtok.c.obj (.data)
                  200012f0    00000003     eth0.obj (.data)
                  200012f3    00000001     tcp.obj (.data)

.stack     0    20000000    00001000     UNINITIALIZED
                  20000000    00000004     rtsv7M4_T_le_v4SPD16_eabi.lib : boot_cortex_m.c.obj (.stack)
                  20000004    00000ffc     --HOLE--

__llvm_prf_cnts 
*          0    20000000    00000000     UNINITIALIZED

MODULE SUMMARY

       Module                         code    ro data   rw data
       ------                         ----    -------   -------
    ./
       bme680.obj                     3768    128       92     
       tcp.obj                        3388    31        13     
       ethernet.obj                   3140    0         93     
       gpio.obj                       2056    0         0      
       eth0.obj                       1812    0         9      
       mqtt.obj                       1212    11        22     
       ip.obj                         1200    0         24     
       socket.obj                     760     0         360    
       timer.obj                      824     0         132    
       arp.obj                        756     0         0      
       tm4c123gh6pm_startup_ccs.obj   12      620       0      
       I2C3.obj                       372     0         0      
       icmp.obj                       352     0         0      
       spi0.obj                       352     0         0      
       uart0.obj                      296     0         0      
       eeprom.obj                     132     0         0      
       wait.obj                       36      0         0      
       clock.obj                      16      0         0      
    +--+------------------------------+-------+---------+---------+
       Total:                         20484   790       745    
                                                               
    /Users/sanket/CodeComposerFiles/ccs/tools/compiler/ti-cgt-arm_20.2.7.LTS/lib/rtsv7M4_T_le_v4SPD16_eabi.lib
       _printfi.c.obj                 4851    0         0      
       _scanfi.c.obj                  2836    16        0      
       e_powf.c.obj                   1420    24        0      
       strtod.c.obj                   1120    200       0      
       strtoll.c.obj                  476     0         0      
       fd_add_t2.asm.obj              438     0         0      
       strtoull.c.obj                 348     0         0      
       fd_div_t2.asm.obj              310     0         0      
       strtol.c.obj                   304     0         0      
       s_scalbn.c.obj                 272     0         0      
       strtoul.c.obj                  272     0         0      
       fd_cmp_t2.asm.obj              268     0         0      
       ctype.c.obj                    0       257       0      
       fd_mul_t2.asm.obj              252     0         0      
       s_scalbnf.c.obj                208     0         0      
       sscanf.c.obj                   186     0         0      
       memcpy_t2.asm.obj              156     0         0      
       ull_div_t2.asm.obj             150     0         0      
       snprintf.c.obj                 148     0         0      
       memset_t2.asm.obj              122     0         0      
       fd_tos_t2.asm.obj              110     0         0      
       ll_div_t2.asm.obj              110     0         0      
       copy_decompress_lzss.c.obj     104     0         0      
       s_frexp.c.obj                  100     0         0      
       _ltoa.c.obj                    84      0         0      
       atoi.c.obj                     76      0         0      
       fd_toi_t2.asm.obj              72      0         0      
       autoinit.c.obj                 68      0         0      
       fd_tou_t2.asm.obj              68      0         0      
       strtok.c.obj                   64      0         4      
       fs_tod_t2.asm.obj              56      0         0      
       boot_cortex_m.c.obj            52      0         0      
       i_tofd_t2.asm.obj              46      0         0      
       strspn.c.obj                   42      0         0      
       e_sqrtf.c.obj                  40      0         0      
       memcmp.c.obj                   36      0         0      
       strcspn.c.obj                  36      0         0      
       u_tofd_t2.asm.obj              32      0         0      
       copy_zero_init.c.obj           28      0         0      
       memccpy.c.obj                  28      0         0      
       s_copysign.c.obj               26      0         0      
       ll_mul_t2.asm.obj              24      0         0      
       s_copysignf.c.obj              24      0         0      
       strcmp.c.obj                   24      0         0      
       strrchr.c.obj                  24      0         0      
       strchr.c.obj                   22      0         0      
       strcpy.c.obj                   20      0         0      
       strlen.c.obj                   20      0         0      
       wcslen.c.obj                   18      0         0      
       tolower.c.obj                  16      0         0      
       copy_decompress_none.c.obj     14      0         0      
       errno.c.obj                    8       0         4      
       exit.c.obj                     4       0         0      
       pre_init.c.obj                 4       0         0      
       div0.asm.obj                   2       0         0      
    +--+------------------------------+-------+---------+---------+
       Total:                         15639   497       8      
                                                               
       Stack:                         0       0         4096   
       Linker Generated:              0       65        0      
    +--+------------------------------+-------+---------+---------+
       Grand Total:                   36123   1352      4849   


LINKER GENERATED COPY TABLES

__TI_cinit_table @ 00009268 records: 2, size/record: 8, table size: 16
	.data: load addr=00009230, load size=0000001d bytes, run addr=200012b8, run size=0000003c bytes, compression=lzss
	.bss: load addr=00009260, load size=00000008 bytes, run addr=20001000, run size=000002b5 bytes, compression=zero_init


LINKER GENERATED HANDLER TABLE

__TI_handler_table @ 00009250 records: 3, size/record: 4, table size: 12
	index: 0, handler: __TI_decompress_lzss
	index: 1, handler: __TI_decompress_none
	index: 2, handler: __TI_zero_init


GLOBAL SYMBOLS: SORTED ALPHABETICALLY BY Name 

address   name                          
-------   ----                          
200012ca  ARP_SENT                      
00008f8d  C$$EXIT                       
200012b4  KEEP_ALIVE                    
200012cd  PUBLISH_MESSAGE               
00008f6b  ResetISR                      
200012cb  SYN_NEEDED                    
20001000  __STACK_END                   
00001000  __STACK_SIZE                  
20000200  __STACK_TOP                   
00009268  __TI_CINIT_Base               
00009278  __TI_CINIT_Limit              
00009250  __TI_Handler_Table_Base       
0000925c  __TI_Handler_Table_Limit      
00008b29  __TI_auto_init_nobinit_nopinit
00008881  __TI_decompress_lzss          
00008f5d  __TI_decompress_none          
000089a3  __TI_ltoa                     
ffffffff  __TI_pprof_out_hndl           
000035b9  __TI_printfi                  
ffffffff  __TI_prof_data_size           
ffffffff  __TI_prof_data_start          
00002aa5  __TI_scanfi                   
00000000  __TI_static_base__            
00008e11  __TI_zero_init_nomemset       
000084c5  __aeabi_cdcmpeq               
000084c5  __aeabi_cdcmple               
0000854b  __aeabi_cdrcmple              
0000873d  __aeabi_d2f                   
00008ae1  __aeabi_d2iz                  
00008b6d  __aeabi_d2uiz                 
000071c7  __aeabi_dadd                  
00007a41  __aeabi_ddiv                  
00008115  __aeabi_dmul                  
000071bd  __aeabi_dsub                  
00008f79  __aeabi_errno_addr            
00008c2f  __aeabi_f2d                   
00008d05  __aeabi_i2d                   
00004007  __aeabi_idiv0                 
00004007  __aeabi_ldiv0                 
000087ab  __aeabi_ldivmod               
00008e93  __aeabi_lmul                  
00008655  __aeabi_memclr                
00008655  __aeabi_memclr4               
00008655  __aeabi_memclr8               
00008393  __aeabi_memcpy                
00008393  __aeabi_memcpy4               
00008393  __aeabi_memcpy8               
00008657  __aeabi_memset                
00008657  __aeabi_memset4               
00008657  __aeabi_memset8               
00008df1  __aeabi_ui2d                  
0000842f  __aeabi_uldivmod              
ffffffff  __binit__                     
ffffffff  __c_args__                    
UNDEFED   __mpu_init                    
20000000  __stack                       
20000000  __start___llvm_prf_cnts       
20000000  __stop___llvm_prf_cnts        
00008ca1  _c_int00_noargs               
00008f90  _ctypes_                      
UNDEFED   _system_post_cinit            
00008f89  _system_pre_init              
00008f8d  abort                         
000021f9  asciiToUint8                  
00008a49  atoi                          
ffffffff  binit                         
200012c0  bmeCal                        
200011bc  bmeCalSpace                   
200012bc  bmeData                       
2000125c  bmeDataSpace                  
200012b8  bmeRaw                        
20001270  bmeSpace                      
00005dd3  calcIpChecksum                
00000685  calculateAQI                  
000005c1  calculateGasResistance        
000004bf  calculateHumidity             
000002dd  calculatePress                
0000026d  calculateTemp                 
000048cf  clearEtherReg                 
0000465d  clearPinInterrupt             
000054b1  connectMqtt                   
00008e49  copysign                      
00008e7b  copysignf                     
00008e49  copysignl                     
200012ce  count                         
00006657  deleteSocket                  
00004827  disableEtherCs                
00004639  disablePinInterrupt           
00004371  disablePinPulldown            
00004329  disablePinPullup              
000040c5  disablePort                   
00005603  disconnectMqtt                
00001eb3  displayConnectionInfo         
00004811  enableEtherCs                 
00004615  enablePinInterrupt            
0000434d  enablePinPulldown             
000042fb  enablePinPullup               
00004009  enablePort                    
200012e8  errno                         
200011e4  fn                            
000088e9  frexp                         
000088e9  frexpl                        
00000000  g_pfnVectors                  
00001029  getBmeCalData                 
00001023  getBmeData                    
0000101d  getBmeDataRaw                 
00004e2b  getEtherId                    
00004ec5  getEtherMacAddress            
00004c05  getEtherPacket                
00005a9d  getIpAddress                  
00005da1  getIpChecksum                 
00005bf9  getIpDnsAddress               
00005b85  getIpGatewayAddress           
00005ce5  getIpMqttBrokerAddress        
00005b11  getIpSubnetMask               
00005c6d  getIpTimeServerAddress        
000046cb  getPinValue                   
00004781  getPortValue                  
0000688b  getSocket                     
000066bf  getSocketInfoFromArpResponse  
000067e1  getSocketInfoFromTcpPacket    
00006737  getSocketInfoFromUdpPacket    
00001141  getTcpState                   
00007d7f  getcUart0                     
00004dff  htonl                         
00004ddb  htons                         
200012c4  hwAddress                     
00004e37  incEtherId                    
000085d1  initEeprom                    
00004a1b  initEther                     
00001e69  initHw                        
00007375  initI2C3                      
000065b5  initSockets                   
00007649  initSpi0                      
00008f3d  initSystemClockTo40Mhz        
0000627d  initTimer                     
00007ca9  initUart0                     
200012cf  ipAddress                     
200012d3  ipDnsAddress                  
200012d7  ipGwAddress                   
200012db  ipMqttBrokerAddress           
200012df  ipSubnetMask                  
200012e3  ipTimeServerAddress           
000068ad  isArpRequest                  
00006951  isArpResponse                 
00004bbb  isEtherDataAvailable          
00005a3d  isEtherIpValid                
00004ba1  isEtherLinkUp                 
00004bd5  isEtherOverflow               
0000596d  isIp                          
000059dd  isIpUnicast                   
000074e9  isPingRequest                 
00001155  isTcp                         
00001267  isTcpAck                      
00001ab5  isTcpPortOpen                 
0000121b  isTcpSyn                      
00007d93  kbhitUart0                    
00007ef5  ldexp                         
00008211  ldexpf                        
00007ef5  ldexpl                        
000027b9  main                          
00008e2d  memccpy                       
00008d85  memcmp                        
00008393  memcpy                        
0000865d  memset                        
00005931  mqttPing                      
000065ed  newSocket                     
200012f0  nextPacketLsb                 
200012f1  nextPacketMsb                 
2000120c  period                        
00004f25  powf                          
200012cc  printAirData                  
00000ee9  printData                     
000022a3  processShell                  
000019af  processTcpArpResponse         
000016c1  processTcpResponse            
00001e61  publishMessageCallback        
00005661  publishMqtt                   
00004cf5  putEtherPacket                
00007d37  putcUart0                     
00007d53  putsUart0                     
00006577  random32                      
00000bfd  readBmeCalibrationData        
000009c9  readBmeRaw                    
00002145  readConfiguration             
0000744f  readDataFromRegI2C3           
00008619  readEeprom                    
00004a03  readEtherMem                  
00004957  readEtherPhy                  
00004869  readEtherReg                  
00007781  readSpi0Data                  
20001298  reload                        
0000648f  restartTimer                  
00007ef5  scalbn                        
00008211  scalbnf                       
00007ef5  scalbnl                       
0000422f  selectPinAnalogInput          
000041e1  selectPinDigitalInput         
0000454b  selectPinInterruptBothEdges   
000044fb  selectPinInterruptFallingEdge 
000045a1  selectPinInterruptHighLevel   
000045db  selectPinInterruptLowLevel    
000044ab  selectPinInterruptRisingEdge  
00004193  selectPinOpenDrainOutput      
00004145  selectPinPushPullOutput       
00006a83  sendArpRequest                
000069a5  sendArpResponse               
0000752d  sendPingRequest               
00007539  sendPingResponse              
00001b65  sendTcpMessage                
000012b9  sendTcpPendingMessages        
00001b35  sendTcpResponse               
200012f2  sequenceId                    
00004903  setEtherBank                  
00004e41  setEtherMacAddress            
0000489b  setEtherReg                   
00005a63  setIpAddress                  
00005bbf  setIpDnsAddress               
00005b4b  setIpGatewayAddress           
00005ca7  setIpMqttBrokerAddress        
00005ad7  setIpSubnetMask               
00005c33  setIpTimeServerAddress        
00004399  setPinAuxFunction             
0000427f  setPinCommitControl           
00004681  setPinValue                   
00004709  setPortValue                  
000076e5  setSpi0BaudRate               
0000771b  setSpi0Mode                   
00001a69  setTcpPortList                
00001125  setTcpState                   
00007cf3  setUart0BaudRate              
00008a95  snprintf                      
20001000  sockets                       
00008d5d  sqrtf                         
00008c69  sscanf                        
000049f1  startEtherMemRead             
000049c3  startEtherMemWrite            
0000631d  startOneshotTimer             
000063a3  startPeriodicTimer            
00000765  startbme                      
00004a13  stopEtherMemRead              
000049e9  stopEtherMemWrite             
00006429  stopTimer                     
20001168  strInput                      
00008edb  strchr                        
00008eab  strcmp                        
00008ef1  strcpy                        
00008da9  strcspn                       
00008f05  strlen                        
00008ec3  strrchr                       
00008d33  strspn                        
00005e1d  strtod                        
00008bb1  strtok                        
00007b79  strtol                        
00005e1d  strtold                       
00006e11  strtoll                       
00008005  strtoul                       
000077a9  strtoull                      
200012e7  sub_count                     
20001284  sub_list                      
0000574d  subscribeMqtt                 
00005d2d  sumIpWords                    
200012f3  tcpPortCount                  
200012a4  tcpPorts                      
200012ac  tcpState                      
00001e19  tcpSynTimeout                 
000064fd  tickIsr                       
20001234  ticks                         
000046a7  togglePinValue                
200012b0  token                         
00008f4d  tolower                       
00005829  unsubscribeMqtt               
00000b71  updateBmeData                 
00008dcd  waitMicrosecond               
00008f2b  wcslen                        
000073f9  writeDatatoRegI2C3            
000085e7  writeEeprom                   
000049d5  writeEtherMem                 
0000491f  writeEtherPhy                 
00004835  writeEtherReg                 
00007769  writeSpi0Data                 


GLOBAL SYMBOLS: SORTED BY Symbol Address 

address   name                          
-------   ----                          
00000000  __TI_static_base__            
00000000  g_pfnVectors                  
0000026d  calculateTemp                 
000002dd  calculatePress                
000004bf  calculateHumidity             
000005c1  calculateGasResistance        
00000685  calculateAQI                  
00000765  startbme                      
000009c9  readBmeRaw                    
00000b71  updateBmeData                 
00000bfd  readBmeCalibrationData        
00000ee9  printData                     
00001000  __STACK_SIZE                  
0000101d  getBmeDataRaw                 
00001023  getBmeData                    
00001029  getBmeCalData                 
00001125  setTcpState                   
00001141  getTcpState                   
00001155  isTcp                         
0000121b  isTcpSyn                      
00001267  isTcpAck                      
000012b9  sendTcpPendingMessages        
000016c1  processTcpResponse            
000019af  processTcpArpResponse         
00001a69  setTcpPortList                
00001ab5  isTcpPortOpen                 
00001b35  sendTcpResponse               
00001b65  sendTcpMessage                
00001e19  tcpSynTimeout                 
00001e61  publishMessageCallback        
00001e69  initHw                        
00001eb3  displayConnectionInfo         
00002145  readConfiguration             
000021f9  asciiToUint8                  
000022a3  processShell                  
000027b9  main                          
00002aa5  __TI_scanfi                   
000035b9  __TI_printfi                  
00004007  __aeabi_idiv0                 
00004007  __aeabi_ldiv0                 
00004009  enablePort                    
000040c5  disablePort                   
00004145  selectPinPushPullOutput       
00004193  selectPinOpenDrainOutput      
000041e1  selectPinDigitalInput         
0000422f  selectPinAnalogInput          
0000427f  setPinCommitControl           
000042fb  enablePinPullup               
00004329  disablePinPullup              
0000434d  enablePinPulldown             
00004371  disablePinPulldown            
00004399  setPinAuxFunction             
000044ab  selectPinInterruptRisingEdge  
000044fb  selectPinInterruptFallingEdge 
0000454b  selectPinInterruptBothEdges   
000045a1  selectPinInterruptHighLevel   
000045db  selectPinInterruptLowLevel    
00004615  enablePinInterrupt            
00004639  disablePinInterrupt           
0000465d  clearPinInterrupt             
00004681  setPinValue                   
000046a7  togglePinValue                
000046cb  getPinValue                   
00004709  setPortValue                  
00004781  getPortValue                  
00004811  enableEtherCs                 
00004827  disableEtherCs                
00004835  writeEtherReg                 
00004869  readEtherReg                  
0000489b  setEtherReg                   
000048cf  clearEtherReg                 
00004903  setEtherBank                  
0000491f  writeEtherPhy                 
00004957  readEtherPhy                  
000049c3  startEtherMemWrite            
000049d5  writeEtherMem                 
000049e9  stopEtherMemWrite             
000049f1  startEtherMemRead             
00004a03  readEtherMem                  
00004a13  stopEtherMemRead              
00004a1b  initEther                     
00004ba1  isEtherLinkUp                 
00004bbb  isEtherDataAvailable          
00004bd5  isEtherOverflow               
00004c05  getEtherPacket                
00004cf5  putEtherPacket                
00004ddb  htons                         
00004dff  htonl                         
00004e2b  getEtherId                    
00004e37  incEtherId                    
00004e41  setEtherMacAddress            
00004ec5  getEtherMacAddress            
00004f25  powf                          
000054b1  connectMqtt                   
00005603  disconnectMqtt                
00005661  publishMqtt                   
0000574d  subscribeMqtt                 
00005829  unsubscribeMqtt               
00005931  mqttPing                      
0000596d  isIp                          
000059dd  isIpUnicast                   
00005a3d  isEtherIpValid                
00005a63  setIpAddress                  
00005a9d  getIpAddress                  
00005ad7  setIpSubnetMask               
00005b11  getIpSubnetMask               
00005b4b  setIpGatewayAddress           
00005b85  getIpGatewayAddress           
00005bbf  setIpDnsAddress               
00005bf9  getIpDnsAddress               
00005c33  setIpTimeServerAddress        
00005c6d  getIpTimeServerAddress        
00005ca7  setIpMqttBrokerAddress        
00005ce5  getIpMqttBrokerAddress        
00005d2d  sumIpWords                    
00005da1  getIpChecksum                 
00005dd3  calcIpChecksum                
00005e1d  strtod                        
00005e1d  strtold                       
0000627d  initTimer                     
0000631d  startOneshotTimer             
000063a3  startPeriodicTimer            
00006429  stopTimer                     
0000648f  restartTimer                  
000064fd  tickIsr                       
00006577  random32                      
000065b5  initSockets                   
000065ed  newSocket                     
00006657  deleteSocket                  
000066bf  getSocketInfoFromArpResponse  
00006737  getSocketInfoFromUdpPacket    
000067e1  getSocketInfoFromTcpPacket    
0000688b  getSocket                     
000068ad  isArpRequest                  
00006951  isArpResponse                 
000069a5  sendArpResponse               
00006a83  sendArpRequest                
00006e11  strtoll                       
000071bd  __aeabi_dsub                  
000071c7  __aeabi_dadd                  
00007375  initI2C3                      
000073f9  writeDatatoRegI2C3            
0000744f  readDataFromRegI2C3           
000074e9  isPingRequest                 
0000752d  sendPingRequest               
00007539  sendPingResponse              
00007649  initSpi0                      
000076e5  setSpi0BaudRate               
0000771b  setSpi0Mode                   
00007769  writeSpi0Data                 
00007781  readSpi0Data                  
000077a9  strtoull                      
00007a41  __aeabi_ddiv                  
00007b79  strtol                        
00007ca9  initUart0                     
00007cf3  setUart0BaudRate              
00007d37  putcUart0                     
00007d53  putsUart0                     
00007d7f  getcUart0                     
00007d93  kbhitUart0                    
00007ef5  ldexp                         
00007ef5  ldexpl                        
00007ef5  scalbn                        
00007ef5  scalbnl                       
00008005  strtoul                       
00008115  __aeabi_dmul                  
00008211  ldexpf                        
00008211  scalbnf                       
00008393  __aeabi_memcpy                
00008393  __aeabi_memcpy4               
00008393  __aeabi_memcpy8               
00008393  memcpy                        
0000842f  __aeabi_uldivmod              
000084c5  __aeabi_cdcmpeq               
000084c5  __aeabi_cdcmple               
0000854b  __aeabi_cdrcmple              
000085d1  initEeprom                    
000085e7  writeEeprom                   
00008619  readEeprom                    
00008655  __aeabi_memclr                
00008655  __aeabi_memclr4               
00008655  __aeabi_memclr8               
00008657  __aeabi_memset                
00008657  __aeabi_memset4               
00008657  __aeabi_memset8               
0000865d  memset                        
0000873d  __aeabi_d2f                   
000087ab  __aeabi_ldivmod               
00008881  __TI_decompress_lzss          
000088e9  frexp                         
000088e9  frexpl                        
000089a3  __TI_ltoa                     
00008a49  atoi                          
00008a95  snprintf                      
00008ae1  __aeabi_d2iz                  
00008b29  __TI_auto_init_nobinit_nopinit
00008b6d  __aeabi_d2uiz                 
00008bb1  strtok                        
00008c2f  __aeabi_f2d                   
00008c69  sscanf                        
00008ca1  _c_int00_noargs               
00008d05  __aeabi_i2d                   
00008d33  strspn                        
00008d5d  sqrtf                         
00008d85  memcmp                        
00008da9  strcspn                       
00008dcd  waitMicrosecond               
00008df1  __aeabi_ui2d                  
00008e11  __TI_zero_init_nomemset       
00008e2d  memccpy                       
00008e49  copysign                      
00008e49  copysignl                     
00008e7b  copysignf                     
00008e93  __aeabi_lmul                  
00008eab  strcmp                        
00008ec3  strrchr                       
00008edb  strchr                        
00008ef1  strcpy                        
00008f05  strlen                        
00008f2b  wcslen                        
00008f3d  initSystemClockTo40Mhz        
00008f4d  tolower                       
00008f5d  __TI_decompress_none          
00008f6b  ResetISR                      
00008f79  __aeabi_errno_addr            
00008f89  _system_pre_init              
00008f8d  C$$EXIT                       
00008f8d  abort                         
00008f90  _ctypes_                      
00009250  __TI_Handler_Table_Base       
0000925c  __TI_Handler_Table_Limit      
00009268  __TI_CINIT_Base               
00009278  __TI_CINIT_Limit              
20000000  __stack                       
20000000  __start___llvm_prf_cnts       
20000000  __stop___llvm_prf_cnts        
20000200  __STACK_TOP                   
20001000  __STACK_END                   
20001000  sockets                       
20001168  strInput                      
200011bc  bmeCalSpace                   
200011e4  fn                            
2000120c  period                        
20001234  ticks                         
2000125c  bmeDataSpace                  
20001270  bmeSpace                      
20001284  sub_list                      
20001298  reload                        
200012a4  tcpPorts                      
200012ac  tcpState                      
200012b0  token                         
200012b4  KEEP_ALIVE                    
200012b8  bmeRaw                        
200012bc  bmeData                       
200012c0  bmeCal                        
200012c4  hwAddress                     
200012ca  ARP_SENT                      
200012cb  SYN_NEEDED                    
200012cc  printAirData                  
200012cd  PUBLISH_MESSAGE               
200012ce  count                         
200012cf  ipAddress                     
200012d3  ipDnsAddress                  
200012d7  ipGwAddress                   
200012db  ipMqttBrokerAddress           
200012df  ipSubnetMask                  
200012e3  ipTimeServerAddress           
200012e7  sub_count                     
200012e8  errno                         
200012f0  nextPacketLsb                 
200012f1  nextPacketMsb                 
200012f2  sequenceId                    
200012f3  tcpPortCount                  
ffffffff  __TI_pprof_out_hndl           
ffffffff  __TI_prof_data_size           
ffffffff  __TI_prof_data_start          
ffffffff  __binit__                     
ffffffff  __c_args__                    
ffffffff  binit                         
UNDEFED   __mpu_init                    
UNDEFED   _system_post_cinit            

[281 symbols]
