<?xml version="1.0" encoding="ISO-8859-1" ?>
<link_info>
   <banner>TI ARM Linker Unix v20.2.7.LTS</banner>
   <copyright>Copyright (c) 1996-2018 Texas Instruments Incorporated</copyright>
   <link_time>0x68100b9f</link_time>
   <link_errors>0x0</link_errors>
   <output_file>Project2.out</output_file>
   <entry_point>
      <name>_c_int00_noargs</name>
      <address>0x8ca1</address>
   </entry_point>
   <input_file_list>
      <input_file id="fl-1">
         <path>./</path>
         <kind>object</kind>
         <file>I2C3.obj</file>
         <name>I2C3.obj</name>
      </input_file>
      <input_file id="fl-2">
         <path>./</path>
         <kind>object</kind>
         <file>arp.obj</file>
         <name>arp.obj</name>
      </input_file>
      <input_file id="fl-3">
         <path>./</path>
         <kind>object</kind>
         <file>bme680.obj</file>
         <name>bme680.obj</name>
      </input_file>
      <input_file id="fl-4">
         <path>./</path>
         <kind>object</kind>
         <file>clock.obj</file>
         <name>clock.obj</name>
      </input_file>
      <input_file id="fl-5">
         <path>./</path>
         <kind>object</kind>
         <file>eeprom.obj</file>
         <name>eeprom.obj</name>
      </input_file>
      <input_file id="fl-6">
         <path>./</path>
         <kind>object</kind>
         <file>eth0.obj</file>
         <name>eth0.obj</name>
      </input_file>
      <input_file id="fl-7">
         <path>./</path>
         <kind>object</kind>
         <file>ethernet.obj</file>
         <name>ethernet.obj</name>
      </input_file>
      <input_file id="fl-8">
         <path>./</path>
         <kind>object</kind>
         <file>gpio.obj</file>
         <name>gpio.obj</name>
      </input_file>
      <input_file id="fl-9">
         <path>./</path>
         <kind>object</kind>
         <file>icmp.obj</file>
         <name>icmp.obj</name>
      </input_file>
      <input_file id="fl-a">
         <path>./</path>
         <kind>object</kind>
         <file>ip.obj</file>
         <name>ip.obj</name>
      </input_file>
      <input_file id="fl-b">
         <path>./</path>
         <kind>object</kind>
         <file>motor.obj</file>
         <name>motor.obj</name>
      </input_file>
      <input_file id="fl-c">
         <path>./</path>
         <kind>object</kind>
         <file>mqtt.obj</file>
         <name>mqtt.obj</name>
      </input_file>
      <input_file id="fl-d">
         <path>./</path>
         <kind>object</kind>
         <file>socket.obj</file>
         <name>socket.obj</name>
      </input_file>
      <input_file id="fl-e">
         <path>./</path>
         <kind>object</kind>
         <file>spi0.obj</file>
         <name>spi0.obj</name>
      </input_file>
      <input_file id="fl-f">
         <path>./</path>
         <kind>object</kind>
         <file>tcp.obj</file>
         <name>tcp.obj</name>
      </input_file>
      <input_file id="fl-10">
         <path>./</path>
         <kind>object</kind>
         <file>timer.obj</file>
         <name>timer.obj</name>
      </input_file>
      <input_file id="fl-11">
         <path>./</path>
         <kind>object</kind>
         <file>tm4c123gh6pm_startup_ccs.obj</file>
         <name>tm4c123gh6pm_startup_ccs.obj</name>
      </input_file>
      <input_file id="fl-12">
         <path>./</path>
         <kind>object</kind>
         <file>uart0.obj</file>
         <name>uart0.obj</name>
      </input_file>
      <input_file id="fl-13">
         <path>./</path>
         <kind>object</kind>
         <file>udp.obj</file>
         <name>udp.obj</name>
      </input_file>
      <input_file id="fl-14">
         <path>./</path>
         <kind>object</kind>
         <file>wait.obj</file>
         <name>wait.obj</name>
      </input_file>
      <input_file id="fl-18">
         <kind>object</kind>
         <file>&lt;internal&gt;</file>
         <name>&lt;internal&gt;</name>
      </input_file>
      <input_file id="fl-ce">
         <path>/Users/sanket/CodeComposerFiles/ccs/tools/compiler/ti-cgt-arm_20.2.7.LTS/lib/</path>
         <kind>archive</kind>
         <file>rtsv7M4_T_le_v4SPD16_eabi.lib</file>
         <name>e_powf.c.obj</name>
      </input_file>
      <input_file id="fl-cf">
         <path>/Users/sanket/CodeComposerFiles/ccs/tools/compiler/ti-cgt-arm_20.2.7.LTS/lib/</path>
         <kind>archive</kind>
         <file>rtsv7M4_T_le_v4SPD16_eabi.lib</file>
         <name>e_sqrtf.c.obj</name>
      </input_file>
      <input_file id="fl-d0">
         <path>/Users/sanket/CodeComposerFiles/ccs/tools/compiler/ti-cgt-arm_20.2.7.LTS/lib/</path>
         <kind>archive</kind>
         <file>rtsv7M4_T_le_v4SPD16_eabi.lib</file>
         <name>s_scalbnf.c.obj</name>
      </input_file>
      <input_file id="fl-d1">
         <path>/Users/sanket/CodeComposerFiles/ccs/tools/compiler/ti-cgt-arm_20.2.7.LTS/lib/</path>
         <kind>archive</kind>
         <file>rtsv7M4_T_le_v4SPD16_eabi.lib</file>
         <name>snprintf.c.obj</name>
      </input_file>
      <input_file id="fl-d2">
         <path>/Users/sanket/CodeComposerFiles/ccs/tools/compiler/ti-cgt-arm_20.2.7.LTS/lib/</path>
         <kind>archive</kind>
         <file>rtsv7M4_T_le_v4SPD16_eabi.lib</file>
         <name>sscanf.c.obj</name>
      </input_file>
      <input_file id="fl-d3">
         <path>/Users/sanket/CodeComposerFiles/ccs/tools/compiler/ti-cgt-arm_20.2.7.LTS/lib/</path>
         <kind>archive</kind>
         <file>rtsv7M4_T_le_v4SPD16_eabi.lib</file>
         <name>s_copysignf.c.obj</name>
      </input_file>
      <input_file id="fl-d4">
         <path>/Users/sanket/CodeComposerFiles/ccs/tools/compiler/ti-cgt-arm_20.2.7.LTS/lib/</path>
         <kind>archive</kind>
         <file>rtsv7M4_T_le_v4SPD16_eabi.lib</file>
         <name>fd_add_t2.asm.obj</name>
      </input_file>
      <input_file id="fl-d5">
         <path>/Users/sanket/CodeComposerFiles/ccs/tools/compiler/ti-cgt-arm_20.2.7.LTS/lib/</path>
         <kind>archive</kind>
         <file>rtsv7M4_T_le_v4SPD16_eabi.lib</file>
         <name>fd_div_t2.asm.obj</name>
      </input_file>
      <input_file id="fl-d6">
         <path>/Users/sanket/CodeComposerFiles/ccs/tools/compiler/ti-cgt-arm_20.2.7.LTS/lib/</path>
         <kind>archive</kind>
         <file>rtsv7M4_T_le_v4SPD16_eabi.lib</file>
         <name>fd_mul_t2.asm.obj</name>
      </input_file>
      <input_file id="fl-d7">
         <path>/Users/sanket/CodeComposerFiles/ccs/tools/compiler/ti-cgt-arm_20.2.7.LTS/lib/</path>
         <kind>archive</kind>
         <file>rtsv7M4_T_le_v4SPD16_eabi.lib</file>
         <name>fd_toi_t2.asm.obj</name>
      </input_file>
      <input_file id="fl-d8">
         <path>/Users/sanket/CodeComposerFiles/ccs/tools/compiler/ti-cgt-arm_20.2.7.LTS/lib/</path>
         <kind>archive</kind>
         <file>rtsv7M4_T_le_v4SPD16_eabi.lib</file>
         <name>fd_tou_t2.asm.obj</name>
      </input_file>
      <input_file id="fl-d9">
         <path>/Users/sanket/CodeComposerFiles/ccs/tools/compiler/ti-cgt-arm_20.2.7.LTS/lib/</path>
         <kind>archive</kind>
         <file>rtsv7M4_T_le_v4SPD16_eabi.lib</file>
         <name>fs_tod_t2.asm.obj</name>
      </input_file>
      <input_file id="fl-da">
         <path>/Users/sanket/CodeComposerFiles/ccs/tools/compiler/ti-cgt-arm_20.2.7.LTS/lib/</path>
         <kind>archive</kind>
         <file>rtsv7M4_T_le_v4SPD16_eabi.lib</file>
         <name>i_tofd_t2.asm.obj</name>
      </input_file>
      <input_file id="fl-db">
         <path>/Users/sanket/CodeComposerFiles/ccs/tools/compiler/ti-cgt-arm_20.2.7.LTS/lib/</path>
         <kind>archive</kind>
         <file>rtsv7M4_T_le_v4SPD16_eabi.lib</file>
         <name>ll_mul_t2.asm.obj</name>
      </input_file>
      <input_file id="fl-dc">
         <path>/Users/sanket/CodeComposerFiles/ccs/tools/compiler/ti-cgt-arm_20.2.7.LTS/lib/</path>
         <kind>archive</kind>
         <file>rtsv7M4_T_le_v4SPD16_eabi.lib</file>
         <name>memcpy_t2.asm.obj</name>
      </input_file>
      <input_file id="fl-dd">
         <path>/Users/sanket/CodeComposerFiles/ccs/tools/compiler/ti-cgt-arm_20.2.7.LTS/lib/</path>
         <kind>archive</kind>
         <file>rtsv7M4_T_le_v4SPD16_eabi.lib</file>
         <name>u_tofd_t2.asm.obj</name>
      </input_file>
      <input_file id="fl-de">
         <path>/Users/sanket/CodeComposerFiles/ccs/tools/compiler/ti-cgt-arm_20.2.7.LTS/lib/</path>
         <kind>archive</kind>
         <file>rtsv7M4_T_le_v4SPD16_eabi.lib</file>
         <name>memset_t2.asm.obj</name>
      </input_file>
      <input_file id="fl-df">
         <path>/Users/sanket/CodeComposerFiles/ccs/tools/compiler/ti-cgt-arm_20.2.7.LTS/lib/</path>
         <kind>archive</kind>
         <file>rtsv7M4_T_le_v4SPD16_eabi.lib</file>
         <name>ll_div_t2.asm.obj</name>
      </input_file>
      <input_file id="fl-e0">
         <path>/Users/sanket/CodeComposerFiles/ccs/tools/compiler/ti-cgt-arm_20.2.7.LTS/lib/</path>
         <kind>archive</kind>
         <file>rtsv7M4_T_le_v4SPD16_eabi.lib</file>
         <name>ull_div_t2.asm.obj</name>
      </input_file>
      <input_file id="fl-e1">
         <path>/Users/sanket/CodeComposerFiles/ccs/tools/compiler/ti-cgt-arm_20.2.7.LTS/lib/</path>
         <kind>archive</kind>
         <file>rtsv7M4_T_le_v4SPD16_eabi.lib</file>
         <name>copy_zero_init.c.obj</name>
      </input_file>
      <input_file id="fl-e2">
         <path>/Users/sanket/CodeComposerFiles/ccs/tools/compiler/ti-cgt-arm_20.2.7.LTS/lib/</path>
         <kind>archive</kind>
         <file>rtsv7M4_T_le_v4SPD16_eabi.lib</file>
         <name>copy_decompress_none.c.obj</name>
      </input_file>
      <input_file id="fl-e3">
         <path>/Users/sanket/CodeComposerFiles/ccs/tools/compiler/ti-cgt-arm_20.2.7.LTS/lib/</path>
         <kind>archive</kind>
         <file>rtsv7M4_T_le_v4SPD16_eabi.lib</file>
         <name>copy_decompress_lzss.c.obj</name>
      </input_file>
      <input_file id="fl-e4">
         <path>/Users/sanket/CodeComposerFiles/ccs/tools/compiler/ti-cgt-arm_20.2.7.LTS/lib/</path>
         <kind>archive</kind>
         <file>rtsv7M4_T_le_v4SPD16_eabi.lib</file>
         <name>ctype.c.obj</name>
      </input_file>
      <input_file id="fl-e5">
         <path>/Users/sanket/CodeComposerFiles/ccs/tools/compiler/ti-cgt-arm_20.2.7.LTS/lib/</path>
         <kind>archive</kind>
         <file>rtsv7M4_T_le_v4SPD16_eabi.lib</file>
         <name>memcmp.c.obj</name>
      </input_file>
      <input_file id="fl-e6">
         <path>/Users/sanket/CodeComposerFiles/ccs/tools/compiler/ti-cgt-arm_20.2.7.LTS/lib/</path>
         <kind>archive</kind>
         <file>rtsv7M4_T_le_v4SPD16_eabi.lib</file>
         <name>strcmp.c.obj</name>
      </input_file>
      <input_file id="fl-e7">
         <path>/Users/sanket/CodeComposerFiles/ccs/tools/compiler/ti-cgt-arm_20.2.7.LTS/lib/</path>
         <kind>archive</kind>
         <file>rtsv7M4_T_le_v4SPD16_eabi.lib</file>
         <name>strlen.c.obj</name>
      </input_file>
      <input_file id="fl-e8">
         <path>/Users/sanket/CodeComposerFiles/ccs/tools/compiler/ti-cgt-arm_20.2.7.LTS/lib/</path>
         <kind>archive</kind>
         <file>rtsv7M4_T_le_v4SPD16_eabi.lib</file>
         <name>strtok.c.obj</name>
      </input_file>
      <input_file id="fl-e9">
         <path>/Users/sanket/CodeComposerFiles/ccs/tools/compiler/ti-cgt-arm_20.2.7.LTS/lib/</path>
         <kind>archive</kind>
         <file>rtsv7M4_T_le_v4SPD16_eabi.lib</file>
         <name>tolower.c.obj</name>
      </input_file>
      <input_file id="fl-ea">
         <path>/Users/sanket/CodeComposerFiles/ccs/tools/compiler/ti-cgt-arm_20.2.7.LTS/lib/</path>
         <kind>archive</kind>
         <file>rtsv7M4_T_le_v4SPD16_eabi.lib</file>
         <name>boot_cortex_m.c.obj</name>
      </input_file>
      <input_file id="fl-eb">
         <path>/Users/sanket/CodeComposerFiles/ccs/tools/compiler/ti-cgt-arm_20.2.7.LTS/lib/</path>
         <kind>archive</kind>
         <file>rtsv7M4_T_le_v4SPD16_eabi.lib</file>
         <name>errno.c.obj</name>
      </input_file>
      <input_file id="fl-ec">
         <path>/Users/sanket/CodeComposerFiles/ccs/tools/compiler/ti-cgt-arm_20.2.7.LTS/lib/</path>
         <kind>archive</kind>
         <file>rtsv7M4_T_le_v4SPD16_eabi.lib</file>
         <name>_printfi.c.obj</name>
      </input_file>
      <input_file id="fl-ed">
         <path>/Users/sanket/CodeComposerFiles/ccs/tools/compiler/ti-cgt-arm_20.2.7.LTS/lib/</path>
         <kind>archive</kind>
         <file>rtsv7M4_T_le_v4SPD16_eabi.lib</file>
         <name>_scanfi.c.obj</name>
      </input_file>
      <input_file id="fl-ee">
         <path>/Users/sanket/CodeComposerFiles/ccs/tools/compiler/ti-cgt-arm_20.2.7.LTS/lib/</path>
         <kind>archive</kind>
         <file>rtsv7M4_T_le_v4SPD16_eabi.lib</file>
         <name>div0.asm.obj</name>
      </input_file>
      <input_file id="fl-ef">
         <path>/Users/sanket/CodeComposerFiles/ccs/tools/compiler/ti-cgt-arm_20.2.7.LTS/lib/</path>
         <kind>archive</kind>
         <file>rtsv7M4_T_le_v4SPD16_eabi.lib</file>
         <name>fd_cmp_t2.asm.obj</name>
      </input_file>
      <input_file id="fl-f0">
         <path>/Users/sanket/CodeComposerFiles/ccs/tools/compiler/ti-cgt-arm_20.2.7.LTS/lib/</path>
         <kind>archive</kind>
         <file>rtsv7M4_T_le_v4SPD16_eabi.lib</file>
         <name>fd_tos_t2.asm.obj</name>
      </input_file>
      <input_file id="fl-f1">
         <path>/Users/sanket/CodeComposerFiles/ccs/tools/compiler/ti-cgt-arm_20.2.7.LTS/lib/</path>
         <kind>archive</kind>
         <file>rtsv7M4_T_le_v4SPD16_eabi.lib</file>
         <name>autoinit.c.obj</name>
      </input_file>
      <input_file id="fl-f2">
         <path>/Users/sanket/CodeComposerFiles/ccs/tools/compiler/ti-cgt-arm_20.2.7.LTS/lib/</path>
         <kind>archive</kind>
         <file>rtsv7M4_T_le_v4SPD16_eabi.lib</file>
         <name>pre_init.c.obj</name>
      </input_file>
      <input_file id="fl-f3">
         <path>/Users/sanket/CodeComposerFiles/ccs/tools/compiler/ti-cgt-arm_20.2.7.LTS/lib/</path>
         <kind>archive</kind>
         <file>rtsv7M4_T_le_v4SPD16_eabi.lib</file>
         <name>cpy_tbl.c.obj</name>
      </input_file>
      <input_file id="fl-f4">
         <path>/Users/sanket/CodeComposerFiles/ccs/tools/compiler/ti-cgt-arm_20.2.7.LTS/lib/</path>
         <kind>archive</kind>
         <file>rtsv7M4_T_le_v4SPD16_eabi.lib</file>
         <name>exit.c.obj</name>
      </input_file>
      <input_file id="fl-f5">
         <path>/Users/sanket/CodeComposerFiles/ccs/tools/compiler/ti-cgt-arm_20.2.7.LTS/lib/</path>
         <kind>archive</kind>
         <file>rtsv7M4_T_le_v4SPD16_eabi.lib</file>
         <name>_lock.c.obj</name>
      </input_file>
      <input_file id="fl-f6">
         <path>/Users/sanket/CodeComposerFiles/ccs/tools/compiler/ti-cgt-arm_20.2.7.LTS/lib/</path>
         <kind>archive</kind>
         <file>rtsv7M4_T_le_v4SPD16_eabi.lib</file>
         <name>_ltoa.c.obj</name>
      </input_file>
      <input_file id="fl-f7">
         <path>/Users/sanket/CodeComposerFiles/ccs/tools/compiler/ti-cgt-arm_20.2.7.LTS/lib/</path>
         <kind>archive</kind>
         <file>rtsv7M4_T_le_v4SPD16_eabi.lib</file>
         <name>args_main.c.obj</name>
      </input_file>
      <input_file id="fl-f8">
         <path>/Users/sanket/CodeComposerFiles/ccs/tools/compiler/ti-cgt-arm_20.2.7.LTS/lib/</path>
         <kind>archive</kind>
         <file>rtsv7M4_T_le_v4SPD16_eabi.lib</file>
         <name>atoi.c.obj</name>
      </input_file>
      <input_file id="fl-f9">
         <path>/Users/sanket/CodeComposerFiles/ccs/tools/compiler/ti-cgt-arm_20.2.7.LTS/lib/</path>
         <kind>archive</kind>
         <file>rtsv7M4_T_le_v4SPD16_eabi.lib</file>
         <name>memccpy.c.obj</name>
      </input_file>
      <input_file id="fl-fa">
         <path>/Users/sanket/CodeComposerFiles/ccs/tools/compiler/ti-cgt-arm_20.2.7.LTS/lib/</path>
         <kind>archive</kind>
         <file>rtsv7M4_T_le_v4SPD16_eabi.lib</file>
         <name>strchr.c.obj</name>
      </input_file>
      <input_file id="fl-fb">
         <path>/Users/sanket/CodeComposerFiles/ccs/tools/compiler/ti-cgt-arm_20.2.7.LTS/lib/</path>
         <kind>archive</kind>
         <file>rtsv7M4_T_le_v4SPD16_eabi.lib</file>
         <name>strcpy.c.obj</name>
      </input_file>
      <input_file id="fl-fc">
         <path>/Users/sanket/CodeComposerFiles/ccs/tools/compiler/ti-cgt-arm_20.2.7.LTS/lib/</path>
         <kind>archive</kind>
         <file>rtsv7M4_T_le_v4SPD16_eabi.lib</file>
         <name>strcspn.c.obj</name>
      </input_file>
      <input_file id="fl-fd">
         <path>/Users/sanket/CodeComposerFiles/ccs/tools/compiler/ti-cgt-arm_20.2.7.LTS/lib/</path>
         <kind>archive</kind>
         <file>rtsv7M4_T_le_v4SPD16_eabi.lib</file>
         <name>strrchr.c.obj</name>
      </input_file>
      <input_file id="fl-fe">
         <path>/Users/sanket/CodeComposerFiles/ccs/tools/compiler/ti-cgt-arm_20.2.7.LTS/lib/</path>
         <kind>archive</kind>
         <file>rtsv7M4_T_le_v4SPD16_eabi.lib</file>
         <name>strspn.c.obj</name>
      </input_file>
      <input_file id="fl-ff">
         <path>/Users/sanket/CodeComposerFiles/ccs/tools/compiler/ti-cgt-arm_20.2.7.LTS/lib/</path>
         <kind>archive</kind>
         <file>rtsv7M4_T_le_v4SPD16_eabi.lib</file>
         <name>strtod.c.obj</name>
      </input_file>
      <input_file id="fl-100">
         <path>/Users/sanket/CodeComposerFiles/ccs/tools/compiler/ti-cgt-arm_20.2.7.LTS/lib/</path>
         <kind>archive</kind>
         <file>rtsv7M4_T_le_v4SPD16_eabi.lib</file>
         <name>strtol.c.obj</name>
      </input_file>
      <input_file id="fl-101">
         <path>/Users/sanket/CodeComposerFiles/ccs/tools/compiler/ti-cgt-arm_20.2.7.LTS/lib/</path>
         <kind>archive</kind>
         <file>rtsv7M4_T_le_v4SPD16_eabi.lib</file>
         <name>strtoll.c.obj</name>
      </input_file>
      <input_file id="fl-102">
         <path>/Users/sanket/CodeComposerFiles/ccs/tools/compiler/ti-cgt-arm_20.2.7.LTS/lib/</path>
         <kind>archive</kind>
         <file>rtsv7M4_T_le_v4SPD16_eabi.lib</file>
         <name>strtoul.c.obj</name>
      </input_file>
      <input_file id="fl-103">
         <path>/Users/sanket/CodeComposerFiles/ccs/tools/compiler/ti-cgt-arm_20.2.7.LTS/lib/</path>
         <kind>archive</kind>
         <file>rtsv7M4_T_le_v4SPD16_eabi.lib</file>
         <name>strtoull.c.obj</name>
      </input_file>
      <input_file id="fl-104">
         <path>/Users/sanket/CodeComposerFiles/ccs/tools/compiler/ti-cgt-arm_20.2.7.LTS/lib/</path>
         <kind>archive</kind>
         <file>rtsv7M4_T_le_v4SPD16_eabi.lib</file>
         <name>wcslen.c.obj</name>
      </input_file>
      <input_file id="fl-105">
         <path>/Users/sanket/CodeComposerFiles/ccs/tools/compiler/ti-cgt-arm_20.2.7.LTS/lib/</path>
         <kind>archive</kind>
         <file>rtsv7M4_T_le_v4SPD16_eabi.lib</file>
         <name>s_frexp.c.obj</name>
      </input_file>
      <input_file id="fl-106">
         <path>/Users/sanket/CodeComposerFiles/ccs/tools/compiler/ti-cgt-arm_20.2.7.LTS/lib/</path>
         <kind>archive</kind>
         <file>rtsv7M4_T_le_v4SPD16_eabi.lib</file>
         <name>s_scalbn.c.obj</name>
      </input_file>
      <input_file id="fl-107">
         <path>/Users/sanket/CodeComposerFiles/ccs/tools/compiler/ti-cgt-arm_20.2.7.LTS/lib/</path>
         <kind>archive</kind>
         <file>rtsv7M4_T_le_v4SPD16_eabi.lib</file>
         <name>s_copysign.c.obj</name>
      </input_file>
   </input_file_list>
   <object_component_list>
      <object_component id="oc-12">
         <name>.intvecs</name>
         <load_address>0x0</load_address>
         <run_address>0x0</run_address>
         <size>0x26c</size>
         <input_file_ref idref="fl-11"/>
      </object_component>
      <object_component id="oc-137">
         <name>.text</name>
         <load_address>0x26c</load_address>
         <run_address>0x26c</run_address>
         <size>0xeb8</size>
         <input_file_ref idref="fl-3"/>
      </object_component>
      <object_component id="oc-149">
         <name>.text</name>
         <load_address>0x1124</load_address>
         <run_address>0x1124</run_address>
         <size>0xd3c</size>
         <input_file_ref idref="fl-f"/>
      </object_component>
      <object_component id="oc-b2">
         <name>.text</name>
         <load_address>0x1e60</load_address>
         <run_address>0x1e60</run_address>
         <size>0xc44</size>
         <input_file_ref idref="fl-7"/>
      </object_component>
      <object_component id="oc-203">
         <name>.text:__TI_scanfi</name>
         <load_address>0x2aa4</load_address>
         <run_address>0x2aa4</run_address>
         <size>0xb14</size>
         <input_file_ref idref="fl-ed"/>
      </object_component>
      <object_component id="oc-1c4">
         <name>.text:__TI_printfi</name>
         <load_address>0x35b8</load_address>
         <run_address>0x35b8</run_address>
         <size>0xa4e</size>
         <input_file_ref idref="fl-ec"/>
      </object_component>
      <object_component id="oc-3ab">
         <name>.text</name>
         <load_address>0x4006</load_address>
         <run_address>0x4006</run_address>
         <size>0x2</size>
         <input_file_ref idref="fl-ee"/>
      </object_component>
      <object_component id="oc-e4">
         <name>.text</name>
         <load_address>0x4008</load_address>
         <run_address>0x4008</run_address>
         <size>0x808</size>
         <input_file_ref idref="fl-8"/>
      </object_component>
      <object_component id="oc-ea">
         <name>.text</name>
         <load_address>0x4810</load_address>
         <run_address>0x4810</run_address>
         <size>0x714</size>
         <input_file_ref idref="fl-6"/>
      </object_component>
      <object_component id="oc-268">
         <name>.text:powf</name>
         <load_address>0x4f24</load_address>
         <run_address>0x4f24</run_address>
         <size>0x58c</size>
         <input_file_ref idref="fl-ce"/>
      </object_component>
      <object_component id="oc-123">
         <name>.text</name>
         <load_address>0x54b0</load_address>
         <run_address>0x54b0</run_address>
         <size>0x4bc</size>
         <input_file_ref idref="fl-c"/>
      </object_component>
      <object_component id="oc-fc">
         <name>.text</name>
         <load_address>0x596c</load_address>
         <run_address>0x596c</run_address>
         <size>0x4b0</size>
         <input_file_ref idref="fl-a"/>
      </object_component>
      <object_component id="oc-34c">
         <name>.text:strtod</name>
         <load_address>0x5e1c</load_address>
         <run_address>0x5e1c</run_address>
         <size>0x460</size>
         <input_file_ref idref="fl-ff"/>
      </object_component>
      <object_component id="oc-2d">
         <name>.text</name>
         <load_address>0x627c</load_address>
         <run_address>0x627c</run_address>
         <size>0x338</size>
         <input_file_ref idref="fl-10"/>
      </object_component>
      <object_component id="oc-129">
         <name>.text</name>
         <load_address>0x65b4</load_address>
         <run_address>0x65b4</run_address>
         <size>0x2f8</size>
         <input_file_ref idref="fl-d"/>
      </object_component>
      <object_component id="oc-143">
         <name>.text</name>
         <load_address>0x68ac</load_address>
         <run_address>0x68ac</run_address>
         <size>0x2f4</size>
         <input_file_ref idref="fl-2"/>
      </object_component>
      <object_component id="oc-2fa">
         <name>.text:_pconv_a</name>
         <load_address>0x6ba0</load_address>
         <run_address>0x6ba0</run_address>
         <size>0x270</size>
         <input_file_ref idref="fl-ec"/>
      </object_component>
      <object_component id="oc-35d">
         <name>.text:strtoll</name>
         <load_address>0x6e10</load_address>
         <run_address>0x6e10</run_address>
         <size>0x1dc</size>
         <input_file_ref idref="fl-101"/>
      </object_component>
      <object_component id="oc-2e8">
         <name>.text:_pconv_g</name>
         <load_address>0x6fec</load_address>
         <run_address>0x6fec</run_address>
         <size>0x1d0</size>
         <input_file_ref idref="fl-ec"/>
      </object_component>
      <object_component id="oc-279">
         <name>.text</name>
         <load_address>0x71bc</load_address>
         <run_address>0x71bc</run_address>
         <size>0x1b6</size>
         <input_file_ref idref="fl-d4"/>
      </object_component>
      <object_component id="oc-131">
         <name>.text</name>
         <load_address>0x7374</load_address>
         <run_address>0x7374</run_address>
         <size>0x174</size>
         <input_file_ref idref="fl-1"/>
      </object_component>
      <object_component id="oc-14f">
         <name>.text</name>
         <load_address>0x74e8</load_address>
         <run_address>0x74e8</run_address>
         <size>0x160</size>
         <input_file_ref idref="fl-9"/>
      </object_component>
      <object_component id="oc-1b4">
         <name>.text</name>
         <load_address>0x7648</load_address>
         <run_address>0x7648</run_address>
         <size>0x160</size>
         <input_file_ref idref="fl-e"/>
      </object_component>
      <object_component id="oc-340">
         <name>.text:strtoull</name>
         <load_address>0x77a8</load_address>
         <run_address>0x77a8</run_address>
         <size>0x15c</size>
         <input_file_ref idref="fl-103"/>
      </object_component>
      <object_component id="oc-2f4">
         <name>.text:_pconv_e</name>
         <load_address>0x7904</load_address>
         <run_address>0x7904</run_address>
         <size>0x13c</size>
         <input_file_ref idref="fl-ec"/>
      </object_component>
      <object_component id="oc-274">
         <name>.text</name>
         <load_address>0x7a40</load_address>
         <run_address>0x7a40</run_address>
         <size>0x136</size>
         <input_file_ref idref="fl-d5"/>
      </object_component>
      <object_component id="oc-357">
         <name>.text:strtol</name>
         <load_address>0x7b78</load_address>
         <run_address>0x7b78</run_address>
         <size>0x130</size>
         <input_file_ref idref="fl-100"/>
      </object_component>
      <object_component id="oc-f0">
         <name>.text</name>
         <load_address>0x7ca8</load_address>
         <run_address>0x7ca8</run_address>
         <size>0x128</size>
         <input_file_ref idref="fl-12"/>
      </object_component>
      <object_component id="oc-436">
         <name>.text:fcvt</name>
         <load_address>0x7dd0</load_address>
         <run_address>0x7dd0</run_address>
         <size>0x124</size>
         <input_file_ref idref="fl-ec"/>
      </object_component>
      <object_component id="oc-44a">
         <name>.text:scalbn</name>
         <load_address>0x7ef4</load_address>
         <run_address>0x7ef4</run_address>
         <size>0x110</size>
         <input_file_ref idref="fl-106"/>
      </object_component>
      <object_component id="oc-346">
         <name>.text:strtoul</name>
         <load_address>0x8004</load_address>
         <run_address>0x8004</run_address>
         <size>0x110</size>
         <input_file_ref idref="fl-102"/>
      </object_component>
      <object_component id="oc-235">
         <name>.text</name>
         <load_address>0x8114</load_address>
         <run_address>0x8114</run_address>
         <size>0xfc</size>
         <input_file_ref idref="fl-d6"/>
      </object_component>
      <object_component id="oc-3c1">
         <name>.text:scalbnf</name>
         <load_address>0x8210</load_address>
         <run_address>0x8210</run_address>
         <size>0xd0</size>
         <input_file_ref idref="fl-d0"/>
      </object_component>
      <object_component id="oc-2dd">
         <name>.text:_ltostr</name>
         <load_address>0x82e0</load_address>
         <run_address>0x82e0</run_address>
         <size>0xb1</size>
         <input_file_ref idref="fl-ec"/>
      </object_component>
      <object_component id="oc-41">
         <name>.text</name>
         <load_address>0x8392</load_address>
         <run_address>0x8392</run_address>
         <size>0x9c</size>
         <input_file_ref idref="fl-dc"/>
      </object_component>
      <object_component id="oc-3b0">
         <name>.text</name>
         <load_address>0x842e</load_address>
         <run_address>0x842e</run_address>
         <size>0x96</size>
         <input_file_ref idref="fl-e0"/>
      </object_component>
      <object_component id="oc-2e3">
         <name>.text:__aeabi_cdcmple</name>
         <load_address>0x84c4</load_address>
         <run_address>0x84c4</run_address>
         <size>0x86</size>
         <input_file_ref idref="fl-ef"/>
      </object_component>
      <object_component id="oc-41e">
         <name>.text:__aeabi_cdrcmple</name>
         <load_address>0x854a</load_address>
         <run_address>0x854a</run_address>
         <size>0x86</size>
         <input_file_ref idref="fl-ef"/>
      </object_component>
      <object_component id="oc-105">
         <name>.text</name>
         <load_address>0x85d0</load_address>
         <run_address>0x85d0</run_address>
         <size>0x84</size>
         <input_file_ref idref="fl-5"/>
      </object_component>
      <object_component id="oc-a6">
         <name>.text</name>
         <load_address>0x8654</load_address>
         <run_address>0x8654</run_address>
         <size>0x7a</size>
         <input_file_ref idref="fl-de"/>
      </object_component>
      <object_component id="oc-42f">
         <name>.text:_mcpy</name>
         <load_address>0x86ce</load_address>
         <run_address>0x86ce</run_address>
         <size>0x6e</size>
         <input_file_ref idref="fl-ec"/>
      </object_component>
      <object_component id="oc-352">
         <name>.text</name>
         <load_address>0x873c</load_address>
         <run_address>0x873c</run_address>
         <size>0x6e</size>
         <input_file_ref idref="fl-f0"/>
      </object_component>
      <object_component id="oc-260">
         <name>.text</name>
         <load_address>0x87aa</load_address>
         <run_address>0x87aa</run_address>
         <size>0x6e</size>
         <input_file_ref idref="fl-df"/>
      </object_component>
      <object_component id="oc-215">
         <name>.text:_chkmbc</name>
         <load_address>0x8818</load_address>
         <run_address>0x8818</run_address>
         <size>0x68</size>
         <input_file_ref idref="fl-d2"/>
      </object_component>
      <object_component id="oc-15">
         <name>.text:decompress:lzss:__TI_decompress_lzss</name>
         <load_address>0x8880</load_address>
         <run_address>0x8880</run_address>
         <size>0x68</size>
         <input_file_ref idref="fl-e3"/>
      </object_component>
      <object_component id="oc-444">
         <name>.text:frexp</name>
         <load_address>0x88e8</load_address>
         <run_address>0x88e8</run_address>
         <size>0x64</size>
         <input_file_ref idref="fl-105"/>
      </object_component>
      <object_component id="oc-2ee">
         <name>.text:_pconv_f</name>
         <load_address>0x894c</load_address>
         <run_address>0x894c</run_address>
         <size>0x56</size>
         <input_file_ref idref="fl-ec"/>
      </object_component>
      <object_component id="oc-423">
         <name>.text:__TI_ltoa</name>
         <load_address>0x89a2</load_address>
         <run_address>0x89a2</run_address>
         <size>0x54</size>
         <input_file_ref idref="fl-f6"/>
      </object_component>
      <object_component id="oc-429">
         <name>.text:_ecpy</name>
         <load_address>0x89f6</load_address>
         <run_address>0x89f6</run_address>
         <size>0x52</size>
         <input_file_ref idref="fl-ec"/>
      </object_component>
      <object_component id="oc-2d7">
         <name>.text:atoi</name>
         <load_address>0x8a48</load_address>
         <run_address>0x8a48</run_address>
         <size>0x4c</size>
         <input_file_ref idref="fl-f8"/>
      </object_component>
      <object_component id="oc-f6">
         <name>.text:snprintf</name>
         <load_address>0x8a94</load_address>
         <run_address>0x8a94</run_address>
         <size>0x4c</size>
         <input_file_ref idref="fl-d1"/>
      </object_component>
      <object_component id="oc-288">
         <name>.text</name>
         <load_address>0x8ae0</load_address>
         <run_address>0x8ae0</run_address>
         <size>0x48</size>
         <input_file_ref idref="fl-d7"/>
      </object_component>
      <object_component id="oc-167">
         <name>.text:__TI_auto_init_nobinit_nopinit:__TI_auto_init_nobinit_nopinit</name>
         <load_address>0x8b28</load_address>
         <run_address>0x8b28</run_address>
         <size>0x44</size>
         <input_file_ref idref="fl-f1"/>
      </object_component>
      <object_component id="oc-23a">
         <name>.text</name>
         <load_address>0x8b6c</load_address>
         <run_address>0x8b6c</run_address>
         <size>0x44</size>
         <input_file_ref idref="fl-d8"/>
      </object_component>
      <object_component id="oc-117">
         <name>.text:strtok</name>
         <load_address>0x8bb0</load_address>
         <run_address>0x8bb0</run_address>
         <size>0x40</size>
         <input_file_ref idref="fl-e8"/>
      </object_component>
      <object_component id="oc-43c">
         <name>.text:_fcpy</name>
         <load_address>0x8bf0</load_address>
         <run_address>0x8bf0</run_address>
         <size>0x3e</size>
         <input_file_ref idref="fl-ec"/>
      </object_component>
      <object_component id="oc-27e">
         <name>.text</name>
         <load_address>0x8c2e</load_address>
         <run_address>0x8c2e</run_address>
         <size>0x38</size>
         <input_file_ref idref="fl-d9"/>
      </object_component>
      <object_component id="oc-111">
         <name>.text:sscanf</name>
         <load_address>0x8c68</load_address>
         <run_address>0x8c68</run_address>
         <size>0x38</size>
         <input_file_ref idref="fl-d2"/>
      </object_component>
      <object_component id="oc-5f">
         <name>.text:_c_int00_noargs:_c_int00_noargs</name>
         <load_address>0x8ca0</load_address>
         <run_address>0x8ca0</run_address>
         <size>0x34</size>
         <input_file_ref idref="fl-ea"/>
      </object_component>
      <object_component id="oc-1ca">
         <name>.text:_outs</name>
         <load_address>0x8cd4</load_address>
         <run_address>0x8cd4</run_address>
         <size>0x30</size>
         <input_file_ref idref="fl-d1"/>
      </object_component>
      <object_component id="oc-230">
         <name>.text</name>
         <load_address>0x8d04</load_address>
         <run_address>0x8d04</run_address>
         <size>0x2e</size>
         <input_file_ref idref="fl-da"/>
      </object_component>
      <object_component id="oc-21d">
         <name>.text:strspn</name>
         <load_address>0x8d32</load_address>
         <run_address>0x8d32</run_address>
         <size>0x2a</size>
         <input_file_ref idref="fl-fe"/>
      </object_component>
      <object_component id="oc-3bb">
         <name>.text:sqrtf</name>
         <load_address>0x8d5c</load_address>
         <run_address>0x8d5c</run_address>
         <size>0x28</size>
         <input_file_ref idref="fl-cf"/>
      </object_component>
      <object_component id="oc-24b">
         <name>.text:memcmp</name>
         <load_address>0x8d84</load_address>
         <run_address>0x8d84</run_address>
         <size>0x24</size>
         <input_file_ref idref="fl-e5"/>
      </object_component>
      <object_component id="oc-223">
         <name>.text:strcspn</name>
         <load_address>0x8da8</load_address>
         <run_address>0x8da8</run_address>
         <size>0x24</size>
         <input_file_ref idref="fl-fc"/>
      </object_component>
      <object_component id="oc-13d">
         <name>.text</name>
         <load_address>0x8dcc</load_address>
         <run_address>0x8dcc</run_address>
         <size>0x24</size>
         <input_file_ref idref="fl-14"/>
      </object_component>
      <object_component id="oc-283">
         <name>.text</name>
         <load_address>0x8df0</load_address>
         <run_address>0x8df0</run_address>
         <size>0x20</size>
         <input_file_ref idref="fl-dd"/>
      </object_component>
      <object_component id="oc-4d">
         <name>.text:decompress:ZI:__TI_zero_init_nomemset:__TI_zero_init_nomemset</name>
         <load_address>0x8e10</load_address>
         <run_address>0x8e10</run_address>
         <size>0x1c</size>
         <input_file_ref idref="fl-e1"/>
      </object_component>
      <object_component id="oc-300">
         <name>.text:memccpy</name>
         <load_address>0x8e2c</load_address>
         <run_address>0x8e2c</run_address>
         <size>0x1c</size>
         <input_file_ref idref="fl-f9"/>
      </object_component>
      <object_component id="oc-4c0">
         <name>.text:copysign</name>
         <load_address>0x8e48</load_address>
         <run_address>0x8e48</run_address>
         <size>0x1a</size>
         <input_file_ref idref="fl-107"/>
      </object_component>
      <object_component id="oc-1d0">
         <name>.text:_outc</name>
         <load_address>0x8e62</load_address>
         <run_address>0x8e62</run_address>
         <size>0x18</size>
         <input_file_ref idref="fl-d1"/>
      </object_component>
      <object_component id="oc-490">
         <name>.text:copysignf</name>
         <load_address>0x8e7a</load_address>
         <run_address>0x8e7a</run_address>
         <size>0x18</size>
         <input_file_ref idref="fl-d3"/>
      </object_component>
      <object_component id="oc-25b">
         <name>.text</name>
         <load_address>0x8e92</load_address>
         <run_address>0x8e92</run_address>
         <size>0x18</size>
         <input_file_ref idref="fl-db"/>
      </object_component>
      <object_component id="oc-11d">
         <name>.text:strcmp</name>
         <load_address>0x8eaa</load_address>
         <run_address>0x8eaa</run_address>
         <size>0x18</size>
         <input_file_ref idref="fl-e6"/>
      </object_component>
      <object_component id="oc-363">
         <name>.text:strrchr</name>
         <load_address>0x8ec2</load_address>
         <run_address>0x8ec2</run_address>
         <size>0x18</size>
         <input_file_ref idref="fl-fd"/>
      </object_component>
      <object_component id="oc-369">
         <name>.text:strchr</name>
         <load_address>0x8eda</load_address>
         <run_address>0x8eda</run_address>
         <size>0x16</size>
         <input_file_ref idref="fl-fa"/>
      </object_component>
      <object_component id="oc-33a">
         <name>.text:strcpy</name>
         <load_address>0x8ef0</load_address>
         <run_address>0x8ef0</run_address>
         <size>0x14</size>
         <input_file_ref idref="fl-fb"/>
      </object_component>
      <object_component id="oc-23f">
         <name>.text:strlen</name>
         <load_address>0x8f04</load_address>
         <run_address>0x8f04</run_address>
         <size>0x14</size>
         <input_file_ref idref="fl-e7"/>
      </object_component>
      <object_component id="oc-209">
         <name>.text:_inpchar</name>
         <load_address>0x8f18</load_address>
         <run_address>0x8f18</run_address>
         <size>0x12</size>
         <input_file_ref idref="fl-d2"/>
      </object_component>
      <object_component id="oc-306">
         <name>.text:wcslen</name>
         <load_address>0x8f2a</load_address>
         <run_address>0x8f2a</run_address>
         <size>0x12</size>
         <input_file_ref idref="fl-104"/>
      </object_component>
      <object_component id="oc-de">
         <name>.text</name>
         <load_address>0x8f3c</load_address>
         <run_address>0x8f3c</run_address>
         <size>0x10</size>
         <input_file_ref idref="fl-4"/>
      </object_component>
      <object_component id="oc-10b">
         <name>.text:tolower</name>
         <load_address>0x8f4c</load_address>
         <run_address>0x8f4c</run_address>
         <size>0x10</size>
         <input_file_ref idref="fl-e9"/>
      </object_component>
      <object_component id="oc-1b">
         <name>.text:decompress:none:__TI_decompress_none</name>
         <load_address>0x8f5c</load_address>
         <run_address>0x8f5c</run_address>
         <size>0xe</size>
         <input_file_ref idref="fl-e2"/>
      </object_component>
      <object_component id="oc-27">
         <name>.text</name>
         <load_address>0x8f6a</load_address>
         <run_address>0x8f6a</run_address>
         <size>0xc</size>
         <input_file_ref idref="fl-11"/>
      </object_component>
      <object_component id="oc-30c">
         <name>.text:__aeabi_errno_addr</name>
         <load_address>0x8f78</load_address>
         <run_address>0x8f78</run_address>
         <size>0x8</size>
         <input_file_ref idref="fl-eb"/>
      </object_component>
      <object_component id="oc-20f">
         <name>.text:_uninpchar</name>
         <load_address>0x8f80</load_address>
         <run_address>0x8f80</run_address>
         <size>0x8</size>
         <input_file_ref idref="fl-d2"/>
      </object_component>
      <object_component id="oc-ac">
         <name>.text:_system_pre_init</name>
         <load_address>0x8f88</load_address>
         <run_address>0x8f88</run_address>
         <size>0x4</size>
         <input_file_ref idref="fl-f2"/>
      </object_component>
      <object_component id="oc-15b">
         <name>.text:abort:abort</name>
         <load_address>0x8f8c</load_address>
         <run_address>0x8f8c</run_address>
         <size>0x4</size>
         <input_file_ref idref="fl-f4"/>
      </object_component>
      <object_component id="oc-1fe">
         <name>.const:.string:_ctypes_</name>
         <load_address>0x8f90</load_address>
         <run_address>0x8f90</run_address>
         <size>0x101</size>
         <input_file_ref idref="fl-e4"/>
      </object_component>
      <object_component id="oc-296">
         <name>.const:.string:$P$T0$1</name>
         <load_address>0x9091</load_address>
         <run_address>0x9091</run_address>
         <size>0x7</size>
         <input_file_ref idref="fl-f"/>
      </object_component>
      <object_component id="oc-473">
         <name>.const:$O1$$</name>
         <load_address>0x9098</load_address>
         <run_address>0x9098</run_address>
         <size>0xc8</size>
         <input_file_ref idref="fl-ff"/>
      </object_component>
      <object_component id="oc-26e">
         <name>.const:$P$T0$1</name>
         <load_address>0x9160</load_address>
         <run_address>0x9160</run_address>
         <size>0x40</size>
         <input_file_ref idref="fl-3"/>
      </object_component>
      <object_component id="oc-271">
         <name>.const:$P$T1$2</name>
         <load_address>0x91a0</load_address>
         <run_address>0x91a0</run_address>
         <size>0x40</size>
         <input_file_ref idref="fl-3"/>
      </object_component>
      <object_component id="oc-3c7">
         <name>.const:$O1$$</name>
         <load_address>0x91e0</load_address>
         <run_address>0x91e0</run_address>
         <size>0x18</size>
         <input_file_ref idref="fl-ce"/>
      </object_component>
      <object_component id="oc-36f">
         <name>.const:$O1$$</name>
         <load_address>0x91f8</load_address>
         <run_address>0x91f8</run_address>
         <size>0x10</size>
         <input_file_ref idref="fl-ed"/>
      </object_component>
      <object_component id="oc-248">
         <name>.const:.string:$P$T0$1</name>
         <load_address>0x9208</load_address>
         <run_address>0x9208</run_address>
         <size>0xb</size>
         <input_file_ref idref="fl-c"/>
      </object_component>
      <object_component id="oc-29d">
         <name>.const:.string:$P$T1$2</name>
         <load_address>0x9213</load_address>
         <run_address>0x9213</run_address>
         <size>0xa</size>
         <input_file_ref idref="fl-f"/>
      </object_component>
      <object_component id="oc-2a6">
         <name>.const:.string:$P$T4$5</name>
         <load_address>0x921d</load_address>
         <run_address>0x921d</run_address>
         <size>0x7</size>
         <input_file_ref idref="fl-f"/>
      </object_component>
      <object_component id="oc-2a3">
         <name>.const:.string:$P$T3$4</name>
         <load_address>0x9224</load_address>
         <run_address>0x9224</run_address>
         <size>0x4</size>
         <input_file_ref idref="fl-f"/>
      </object_component>
      <object_component id="oc-2a0">
         <name>.const:.string:$P$T2$3</name>
         <load_address>0x9228</load_address>
         <run_address>0x9228</run_address>
         <size>0x3</size>
         <input_file_ref idref="fl-f"/>
      </object_component>
      <object_component id="oc-52b">
         <name>.cinit..data.load</name>
         <load_address>0x9230</load_address>
         <run_address>0x9230</run_address>
         <size>0x1d</size>
      </object_component>
      <object_component id="oc-529">
         <name>__TI_handler_table</name>
         <load_address>0x9250</load_address>
         <run_address>0x9250</run_address>
         <size>0xc</size>
      </object_component>
      <object_component id="oc-52c">
         <name>.cinit..bss.load</name>
         <load_address>0x9260</load_address>
         <run_address>0x9260</run_address>
         <size>0x8</size>
      </object_component>
      <object_component id="oc-52a">
         <name>__TI_cinit_table</name>
         <load_address>0x9268</load_address>
         <run_address>0x9268</run_address>
         <size>0x10</size>
      </object_component>
      <object_component id="oc-265">
         <name>.data</name>
         <load_address>0x200012b8</load_address>
         <run_address>0x200012b8</run_address>
         <size>0xc</size>
         <input_file_ref idref="fl-3"/>
      </object_component>
      <object_component id="oc-1ba">
         <name>.data</name>
         <load_address>0x200012f0</load_address>
         <run_address>0x200012f0</run_address>
         <size>0x3</size>
         <input_file_ref idref="fl-6"/>
      </object_component>
      <object_component id="oc-1bd">
         <name>.data:hwAddress</name>
         <load_address>0x200012c4</load_address>
         <run_address>0x200012c4</run_address>
         <size>0x6</size>
         <input_file_ref idref="fl-6"/>
      </object_component>
      <object_component id="oc-102">
         <name>.data</name>
         <load_address>0x200012ca</load_address>
         <run_address>0x200012ca</run_address>
         <size>0x5</size>
         <input_file_ref idref="fl-7"/>
      </object_component>
      <object_component id="oc-1e7">
         <name>.data:ipAddress</name>
         <load_address>0x200012cf</load_address>
         <run_address>0x200012cf</run_address>
         <size>0x4</size>
         <input_file_ref idref="fl-a"/>
      </object_component>
      <object_component id="oc-1ea">
         <name>.data:ipSubnetMask</name>
         <load_address>0x200012df</load_address>
         <run_address>0x200012df</run_address>
         <size>0x4</size>
         <input_file_ref idref="fl-a"/>
      </object_component>
      <object_component id="oc-1ed">
         <name>.data:ipGwAddress</name>
         <load_address>0x200012d7</load_address>
         <run_address>0x200012d7</run_address>
         <size>0x4</size>
         <input_file_ref idref="fl-a"/>
      </object_component>
      <object_component id="oc-1f0">
         <name>.data:ipDnsAddress</name>
         <load_address>0x200012d3</load_address>
         <run_address>0x200012d3</run_address>
         <size>0x4</size>
         <input_file_ref idref="fl-a"/>
      </object_component>
      <object_component id="oc-1f3">
         <name>.data:ipTimeServerAddress</name>
         <load_address>0x200012e3</load_address>
         <run_address>0x200012e3</run_address>
         <size>0x4</size>
         <input_file_ref idref="fl-a"/>
      </object_component>
      <object_component id="oc-1f6">
         <name>.data:ipMqttBrokerAddress</name>
         <load_address>0x200012db</load_address>
         <run_address>0x200012db</run_address>
         <size>0x4</size>
         <input_file_ref idref="fl-a"/>
      </object_component>
      <object_component id="oc-252">
         <name>.data</name>
         <load_address>0x200012e7</load_address>
         <run_address>0x200012e7</run_address>
         <size>0x1</size>
         <input_file_ref idref="fl-c"/>
      </object_component>
      <object_component id="oc-29a">
         <name>.data</name>
         <load_address>0x200012f3</load_address>
         <run_address>0x200012f3</run_address>
         <size>0x1</size>
         <input_file_ref idref="fl-f"/>
      </object_component>
      <object_component id="oc-229">
         <name>.data</name>
         <load_address>0x200012ec</load_address>
         <run_address>0x200012ec</run_address>
         <size>0x4</size>
         <input_file_ref idref="fl-e8"/>
      </object_component>
      <object_component id="oc-45a">
         <name>.data</name>
         <load_address>0x200012e8</load_address>
         <run_address>0x200012e8</run_address>
         <size>0x4</size>
         <input_file_ref idref="fl-eb"/>
      </object_component>
      <object_component id="oc-3b6">
         <name>.common:bmeSpace</name>
         <uninitialized>true</uninitialized>
         <run_address>0x20001270</run_address>
         <size>0x14</size>
      </object_component>
      <object_component id="oc-3b7">
         <name>.common:bmeDataSpace</name>
         <uninitialized>true</uninitialized>
         <run_address>0x2000125c</run_address>
         <size>0x14</size>
      </object_component>
      <object_component id="oc-3b8">
         <name>.common:bmeCalSpace</name>
         <uninitialized>true</uninitialized>
         <run_address>0x200011bc</run_address>
         <size>0x28</size>
      </object_component>
      <object_component id="oc-12f">
         <name>.common:strInput</name>
         <uninitialized>true</uninitialized>
         <run_address>0x20001168</run_address>
         <size>0x54</size>
      </object_component>
      <object_component id="oc-130">
         <name>.common:token</name>
         <uninitialized>true</uninitialized>
         <run_address>0x200012b0</run_address>
         <size>0x4</size>
      </object_component>
      <object_component id="oc-245">
         <name>.common:KEEP_ALIVE</name>
         <uninitialized>true</uninitialized>
         <run_address>0x200012b4</run_address>
         <size>0x1</size>
      </object_component>
      <object_component id="oc-251">
         <name>.common:sub_list</name>
         <uninitialized>true</uninitialized>
         <run_address>0x20001284</run_address>
         <size>0x14</size>
      </object_component>
      <object_component id="oc-256">
         <name>.common:sockets</name>
         <uninitialized>true</uninitialized>
         <run_address>0x20001000</run_address>
         <size>0x168</size>
      </object_component>
      <object_component id="oc-299">
         <name>.common:tcpPorts</name>
         <uninitialized>true</uninitialized>
         <run_address>0x200012a4</run_address>
         <size>0x8</size>
      </object_component>
      <object_component id="oc-293">
         <name>.common:tcpState</name>
         <uninitialized>true</uninitialized>
         <run_address>0x200012ac</run_address>
         <size>0x4</size>
      </object_component>
      <object_component id="oc-78">
         <name>.common:fn</name>
         <uninitialized>true</uninitialized>
         <run_address>0x200011e4</run_address>
         <size>0x28</size>
      </object_component>
      <object_component id="oc-74">
         <name>.common:period</name>
         <uninitialized>true</uninitialized>
         <run_address>0x2000120c</run_address>
         <size>0x28</size>
      </object_component>
      <object_component id="oc-77">
         <name>.common:ticks</name>
         <uninitialized>true</uninitialized>
         <run_address>0x20001234</run_address>
         <size>0x28</size>
      </object_component>
      <object_component id="oc-79">
         <name>.common:reload</name>
         <uninitialized>true</uninitialized>
         <run_address>0x20001298</run_address>
         <size>0xc</size>
      </object_component>
      <object_component id="oc-24">
         <name>.stack</name>
         <uninitialized>true</uninitialized>
         <run_address>0x20000000</run_address>
         <size>0x4</size>
         <input_file_ref idref="fl-ea"/>
      </object_component>
      <object_component id="oc-52e">
         <name>.stack</name>
         <uninitialized>true</uninitialized>
         <run_address>0x20000000</run_address>
         <size>0x0</size>
      </object_component>
      <object_component id="oc-cd">
         <name>.debug_info</name>
         <load_address>0x0</load_address>
         <run_address>0x0</run_address>
         <size>0x253</size>
         <input_file_ref idref="fl-1"/>
      </object_component>
      <object_component id="oc-132">
         <name>.debug_info</name>
         <load_address>0x253</load_address>
         <run_address>0x253</run_address>
         <size>0x245</size>
         <input_file_ref idref="fl-1"/>
      </object_component>
      <object_component id="oc-8c">
         <name>.debug_info</name>
         <load_address>0x498</load_address>
         <run_address>0x498</run_address>
         <size>0x26b</size>
         <input_file_ref idref="fl-1"/>
      </object_component>
      <object_component id="oc-3c">
         <name>.debug_info</name>
         <load_address>0x703</load_address>
         <run_address>0x703</run_address>
         <size>0x84</size>
         <input_file_ref idref="fl-1"/>
      </object_component>
      <object_component id="oc-c6">
         <name>.debug_info</name>
         <load_address>0x787</load_address>
         <run_address>0x787</run_address>
         <size>0x2a4</size>
         <input_file_ref idref="fl-1"/>
      </object_component>
      <object_component id="oc-7b">
         <name>.debug_info</name>
         <load_address>0xa2b</load_address>
         <run_address>0xa2b</run_address>
         <size>0xbb</size>
         <input_file_ref idref="fl-1"/>
      </object_component>
      <object_component id="oc-292">
         <name>.debug_info</name>
         <load_address>0xae6</load_address>
         <run_address>0xae6</run_address>
         <size>0x349</size>
         <input_file_ref idref="fl-2"/>
      </object_component>
      <object_component id="oc-144">
         <name>.debug_info</name>
         <load_address>0xe2f</load_address>
         <run_address>0xe2f</run_address>
         <size>0x4ad</size>
         <input_file_ref idref="fl-2"/>
      </object_component>
      <object_component id="oc-80">
         <name>.debug_info</name>
         <load_address>0x12dc</load_address>
         <run_address>0x12dc</run_address>
         <size>0x8b</size>
         <input_file_ref idref="fl-2"/>
      </object_component>
      <object_component id="oc-1aa">
         <name>.debug_info</name>
         <load_address>0x1367</load_address>
         <run_address>0x1367</run_address>
         <size>0xcc</size>
         <input_file_ref idref="fl-2"/>
      </object_component>
      <object_component id="oc-1e2">
         <name>.debug_info</name>
         <load_address>0x1433</load_address>
         <run_address>0x1433</run_address>
         <size>0x2c</size>
         <input_file_ref idref="fl-2"/>
      </object_component>
      <object_component id="oc-39b">
         <name>.debug_info</name>
         <load_address>0x145f</load_address>
         <run_address>0x145f</run_address>
         <size>0xee</size>
         <input_file_ref idref="fl-2"/>
      </object_component>
      <object_component id="oc-19b">
         <name>.debug_info</name>
         <load_address>0x154d</load_address>
         <run_address>0x154d</run_address>
         <size>0xe1</size>
         <input_file_ref idref="fl-2"/>
      </object_component>
      <object_component id="oc-330">
         <name>.debug_info</name>
         <load_address>0x162e</load_address>
         <run_address>0x162e</run_address>
         <size>0x12e</size>
         <input_file_ref idref="fl-2"/>
      </object_component>
      <object_component id="oc-28e">
         <name>.debug_info</name>
         <load_address>0x175c</load_address>
         <run_address>0x175c</run_address>
         <size>0x47c</size>
         <input_file_ref idref="fl-3"/>
      </object_component>
      <object_component id="oc-266">
         <name>.debug_info</name>
         <load_address>0x1bd8</load_address>
         <run_address>0x1bd8</run_address>
         <size>0x102</size>
         <input_file_ref idref="fl-3"/>
      </object_component>
      <object_component id="oc-26f">
         <name>.debug_info</name>
         <load_address>0x1cda</load_address>
         <run_address>0x1cda</run_address>
         <size>0xc7</size>
         <input_file_ref idref="fl-3"/>
      </object_component>
      <object_component id="oc-272">
         <name>.debug_info</name>
         <load_address>0x1da1</load_address>
         <run_address>0x1da1</run_address>
         <size>0xc7</size>
         <input_file_ref idref="fl-3"/>
      </object_component>
      <object_component id="oc-139">
         <name>.debug_info</name>
         <load_address>0x1e68</load_address>
         <run_address>0x1e68</run_address>
         <size>0x1445</size>
         <input_file_ref idref="fl-3"/>
      </object_component>
      <object_component id="oc-3dd">
         <name>.debug_info</name>
         <load_address>0x32ad</load_address>
         <run_address>0x32ad</run_address>
         <size>0x35c</size>
         <input_file_ref idref="fl-3"/>
      </object_component>
      <object_component id="oc-df">
         <name>.debug_info</name>
         <load_address>0x3609</load_address>
         <run_address>0x3609</run_address>
         <size>0x111</size>
         <input_file_ref idref="fl-4"/>
      </object_component>
      <object_component id="oc-106">
         <name>.debug_info</name>
         <load_address>0x371a</load_address>
         <run_address>0x371a</run_address>
         <size>0x1f9</size>
         <input_file_ref idref="fl-5"/>
      </object_component>
      <object_component id="oc-1c1">
         <name>.debug_info</name>
         <load_address>0x3913</load_address>
         <run_address>0x3913</run_address>
         <size>0x45b</size>
         <input_file_ref idref="fl-6"/>
      </object_component>
      <object_component id="oc-1bb">
         <name>.debug_info</name>
         <load_address>0x3d6e</load_address>
         <run_address>0x3d6e</run_address>
         <size>0x122</size>
         <input_file_ref idref="fl-6"/>
      </object_component>
      <object_component id="oc-1be">
         <name>.debug_info</name>
         <load_address>0x3e90</load_address>
         <run_address>0x3e90</run_address>
         <size>0xca</size>
         <input_file_ref idref="fl-6"/>
      </object_component>
      <object_component id="oc-eb">
         <name>.debug_info</name>
         <load_address>0x3f5a</load_address>
         <run_address>0x3f5a</run_address>
         <size>0x187b</size>
         <input_file_ref idref="fl-6"/>
      </object_component>
      <object_component id="oc-1a5">
         <name>.debug_info</name>
         <load_address>0x57d5</load_address>
         <run_address>0x57d5</run_address>
         <size>0x88</size>
         <input_file_ref idref="fl-6"/>
      </object_component>
      <object_component id="oc-cb">
         <name>.debug_info</name>
         <load_address>0x585d</load_address>
         <run_address>0x585d</run_address>
         <size>0xf4d</size>
         <input_file_ref idref="fl-7"/>
      </object_component>
      <object_component id="oc-103">
         <name>.debug_info</name>
         <load_address>0x67aa</load_address>
         <run_address>0x67aa</run_address>
         <size>0x164</size>
         <input_file_ref idref="fl-7"/>
      </object_component>
      <object_component id="oc-b3">
         <name>.debug_info</name>
         <load_address>0x690e</load_address>
         <run_address>0x690e</run_address>
         <size>0x11ad</size>
         <input_file_ref idref="fl-7"/>
      </object_component>
      <object_component id="oc-85">
         <name>.debug_info</name>
         <load_address>0x7abb</load_address>
         <run_address>0x7abb</run_address>
         <size>0x2c</size>
         <input_file_ref idref="fl-7"/>
      </object_component>
      <object_component id="oc-3f4">
         <name>.debug_info</name>
         <load_address>0x7ae7</load_address>
         <run_address>0x7ae7</run_address>
         <size>0xb2</size>
         <input_file_ref idref="fl-7"/>
      </object_component>
      <object_component id="oc-38e">
         <name>.debug_info</name>
         <load_address>0x7b99</load_address>
         <run_address>0x7b99</run_address>
         <size>0x25e</size>
         <input_file_ref idref="fl-7"/>
      </object_component>
      <object_component id="oc-156">
         <name>.debug_info</name>
         <load_address>0x7df7</load_address>
         <run_address>0x7df7</run_address>
         <size>0x1a2</size>
         <input_file_ref idref="fl-7"/>
      </object_component>
      <object_component id="oc-3a0">
         <name>.debug_info</name>
         <load_address>0x7f99</load_address>
         <run_address>0x7f99</run_address>
         <size>0xee</size>
         <input_file_ref idref="fl-7"/>
      </object_component>
      <object_component id="oc-3a5">
         <name>.debug_info</name>
         <load_address>0x8087</load_address>
         <run_address>0x8087</run_address>
         <size>0x9e</size>
         <input_file_ref idref="fl-7"/>
      </object_component>
      <object_component id="oc-1a0">
         <name>.debug_info</name>
         <load_address>0x8125</load_address>
         <run_address>0x8125</run_address>
         <size>0x35</size>
         <input_file_ref idref="fl-7"/>
      </object_component>
      <object_component id="oc-1b3">
         <name>.debug_info</name>
         <load_address>0x815a</load_address>
         <run_address>0x815a</run_address>
         <size>0x25e</size>
         <input_file_ref idref="fl-8"/>
      </object_component>
      <object_component id="oc-e5">
         <name>.debug_info</name>
         <load_address>0x83b8</load_address>
         <run_address>0x83b8</run_address>
         <size>0x10de</size>
         <input_file_ref idref="fl-8"/>
      </object_component>
      <object_component id="oc-2ab">
         <name>.debug_info</name>
         <load_address>0x9496</load_address>
         <run_address>0x9496</run_address>
         <size>0x356</size>
         <input_file_ref idref="fl-9"/>
      </object_component>
      <object_component id="oc-151">
         <name>.debug_info</name>
         <load_address>0x97ec</load_address>
         <run_address>0x97ec</run_address>
         <size>0x366</size>
         <input_file_ref idref="fl-9"/>
      </object_component>
      <object_component id="oc-1fa">
         <name>.debug_info</name>
         <load_address>0x9b52</load_address>
         <run_address>0x9b52</run_address>
         <size>0x2c2</size>
         <input_file_ref idref="fl-a"/>
      </object_component>
      <object_component id="oc-1e8">
         <name>.debug_info</name>
         <load_address>0x9e14</load_address>
         <run_address>0x9e14</run_address>
         <size>0xc8</size>
         <input_file_ref idref="fl-a"/>
      </object_component>
      <object_component id="oc-1eb">
         <name>.debug_info</name>
         <load_address>0x9edc</load_address>
         <run_address>0x9edc</run_address>
         <size>0xce</size>
         <input_file_ref idref="fl-a"/>
      </object_component>
      <object_component id="oc-1ee">
         <name>.debug_info</name>
         <load_address>0x9faa</load_address>
         <run_address>0x9faa</run_address>
         <size>0xcc</size>
         <input_file_ref idref="fl-a"/>
      </object_component>
      <object_component id="oc-1f1">
         <name>.debug_info</name>
         <load_address>0xa076</load_address>
         <run_address>0xa076</run_address>
         <size>0xce</size>
         <input_file_ref idref="fl-a"/>
      </object_component>
      <object_component id="oc-1f4">
         <name>.debug_info</name>
         <load_address>0xa144</load_address>
         <run_address>0xa144</run_address>
         <size>0xdc</size>
         <input_file_ref idref="fl-a"/>
      </object_component>
      <object_component id="oc-1f7">
         <name>.debug_info</name>
         <load_address>0xa220</load_address>
         <run_address>0xa220</run_address>
         <size>0xdc</size>
         <input_file_ref idref="fl-a"/>
      </object_component>
      <object_component id="oc-fd">
         <name>.debug_info</name>
         <load_address>0xa2fc</load_address>
         <run_address>0xa2fc</run_address>
         <size>0xa8a</size>
         <input_file_ref idref="fl-a"/>
      </object_component>
      <object_component id="oc-246">
         <name>.debug_info</name>
         <load_address>0xad86</load_address>
         <run_address>0xad86</run_address>
         <size>0x525</size>
         <input_file_ref idref="fl-c"/>
      </object_component>
      <object_component id="oc-253">
         <name>.debug_info</name>
         <load_address>0xb2ab</load_address>
         <run_address>0xb2ab</run_address>
         <size>0xca</size>
         <input_file_ref idref="fl-c"/>
      </object_component>
      <object_component id="oc-249">
         <name>.debug_info</name>
         <load_address>0xb375</load_address>
         <run_address>0xb375</run_address>
         <size>0xc5</size>
         <input_file_ref idref="fl-c"/>
      </object_component>
      <object_component id="oc-125">
         <name>.debug_info</name>
         <load_address>0xb43a</load_address>
         <run_address>0xb43a</run_address>
         <size>0x9cc</size>
         <input_file_ref idref="fl-c"/>
      </object_component>
      <object_component id="oc-257">
         <name>.debug_info</name>
         <load_address>0xbe06</load_address>
         <run_address>0xbe06</run_address>
         <size>0x2f5</size>
         <input_file_ref idref="fl-d"/>
      </object_component>
      <object_component id="oc-12a">
         <name>.debug_info</name>
         <load_address>0xc0fb</load_address>
         <run_address>0xc0fb</run_address>
         <size>0x57e</size>
         <input_file_ref idref="fl-d"/>
      </object_component>
      <object_component id="oc-1b5">
         <name>.debug_info</name>
         <load_address>0xc679</load_address>
         <run_address>0xc679</run_address>
         <size>0x44b</size>
         <input_file_ref idref="fl-e"/>
      </object_component>
      <object_component id="oc-294">
         <name>.debug_info</name>
         <load_address>0xcac4</load_address>
         <run_address>0xcac4</run_address>
         <size>0x901</size>
         <input_file_ref idref="fl-f"/>
      </object_component>
      <object_component id="oc-29b">
         <name>.debug_info</name>
         <load_address>0xd3c5</load_address>
         <run_address>0xd3c5</run_address>
         <size>0xcf</size>
         <input_file_ref idref="fl-f"/>
      </object_component>
      <object_component id="oc-297">
         <name>.debug_info</name>
         <load_address>0xd494</load_address>
         <run_address>0xd494</run_address>
         <size>0xc5</size>
         <input_file_ref idref="fl-f"/>
      </object_component>
      <object_component id="oc-29e">
         <name>.debug_info</name>
         <load_address>0xd559</load_address>
         <run_address>0xd559</run_address>
         <size>0xc5</size>
         <input_file_ref idref="fl-f"/>
      </object_component>
      <object_component id="oc-2a1">
         <name>.debug_info</name>
         <load_address>0xd61e</load_address>
         <run_address>0xd61e</run_address>
         <size>0xc5</size>
         <input_file_ref idref="fl-f"/>
      </object_component>
      <object_component id="oc-2a4">
         <name>.debug_info</name>
         <load_address>0xd6e3</load_address>
         <run_address>0xd6e3</run_address>
         <size>0xc5</size>
         <input_file_ref idref="fl-f"/>
      </object_component>
      <object_component id="oc-2a7">
         <name>.debug_info</name>
         <load_address>0xd7a8</load_address>
         <run_address>0xd7a8</run_address>
         <size>0xc5</size>
         <input_file_ref idref="fl-f"/>
      </object_component>
      <object_component id="oc-14d">
         <name>.debug_info</name>
         <load_address>0xd86d</load_address>
         <run_address>0xd86d</run_address>
         <size>0x1593</size>
         <input_file_ref idref="fl-f"/>
      </object_component>
      <object_component id="oc-75">
         <name>.debug_info</name>
         <load_address>0xee00</load_address>
         <run_address>0xee00</run_address>
         <size>0x31e</size>
         <input_file_ref idref="fl-10"/>
      </object_component>
      <object_component id="oc-2e">
         <name>.debug_info</name>
         <load_address>0xf11e</load_address>
         <run_address>0xf11e</run_address>
         <size>0x4a0</size>
         <input_file_ref idref="fl-10"/>
      </object_component>
      <object_component id="oc-35">
         <name>.debug_info</name>
         <load_address>0xf5be</load_address>
         <run_address>0xf5be</run_address>
         <size>0x2bb</size>
         <input_file_ref idref="fl-11"/>
      </object_component>
      <object_component id="oc-13">
         <name>.debug_info</name>
         <load_address>0xf879</load_address>
         <run_address>0xf879</run_address>
         <size>0xe4</size>
         <input_file_ref idref="fl-11"/>
      </object_component>
      <object_component id="oc-28">
         <name>.debug_info</name>
         <load_address>0xf95d</load_address>
         <run_address>0xf95d</run_address>
         <size>0x260</size>
         <input_file_ref idref="fl-11"/>
      </object_component>
      <object_component id="oc-1c3">
         <name>.debug_info</name>
         <load_address>0xfbbd</load_address>
         <run_address>0xfbbd</run_address>
         <size>0x344</size>
         <input_file_ref idref="fl-12"/>
      </object_component>
      <object_component id="oc-f2">
         <name>.debug_info</name>
         <load_address>0xff01</load_address>
         <run_address>0xff01</run_address>
         <size>0x3bd</size>
         <input_file_ref idref="fl-12"/>
      </object_component>
      <object_component id="oc-13e">
         <name>.debug_info</name>
         <load_address>0x102be</load_address>
         <run_address>0x102be</run_address>
         <size>0x11b</size>
         <input_file_ref idref="fl-14"/>
      </object_component>
      <object_component id="oc-3d0">
         <name>.debug_info</name>
         <load_address>0x103d9</load_address>
         <run_address>0x103d9</run_address>
         <size>0x35e</size>
         <input_file_ref idref="fl-ce"/>
      </object_component>
      <object_component id="oc-3c8">
         <name>.debug_info</name>
         <load_address>0x10737</load_address>
         <run_address>0x10737</run_address>
         <size>0x129</size>
         <input_file_ref idref="fl-ce"/>
      </object_component>
      <object_component id="oc-269">
         <name>.debug_info</name>
         <load_address>0x10860</load_address>
         <run_address>0x10860</run_address>
         <size>0x323</size>
         <input_file_ref idref="fl-ce"/>
      </object_component>
      <object_component id="oc-49f">
         <name>.debug_info</name>
         <load_address>0x10b83</load_address>
         <run_address>0x10b83</run_address>
         <size>0x46</size>
         <input_file_ref idref="fl-ce"/>
      </object_component>
      <object_component id="oc-3cb">
         <name>.debug_info</name>
         <load_address>0x10bc9</load_address>
         <run_address>0x10bc9</run_address>
         <size>0x39</size>
         <input_file_ref idref="fl-ce"/>
      </object_component>
      <object_component id="oc-48f">
         <name>.debug_info</name>
         <load_address>0x10c02</load_address>
         <run_address>0x10c02</run_address>
         <size>0x2c1</size>
         <input_file_ref idref="fl-cf"/>
      </object_component>
      <object_component id="oc-3bc">
         <name>.debug_info</name>
         <load_address>0x10ec3</load_address>
         <run_address>0x10ec3</run_address>
         <size>0x171</size>
         <input_file_ref idref="fl-cf"/>
      </object_component>
      <object_component id="oc-497">
         <name>.debug_info</name>
         <load_address>0x11034</load_address>
         <run_address>0x11034</run_address>
         <size>0x2f6</size>
         <input_file_ref idref="fl-d0"/>
      </object_component>
      <object_component id="oc-3c3">
         <name>.debug_info</name>
         <load_address>0x1132a</load_address>
         <run_address>0x1132a</run_address>
         <size>0x1cc</size>
         <input_file_ref idref="fl-d0"/>
      </object_component>
      <object_component id="oc-4f2">
         <name>.debug_info</name>
         <load_address>0x114f6</load_address>
         <run_address>0x114f6</run_address>
         <size>0x39</size>
         <input_file_ref idref="fl-d0"/>
      </object_component>
      <object_component id="oc-498">
         <name>.debug_info</name>
         <load_address>0x1152f</load_address>
         <run_address>0x1152f</run_address>
         <size>0x2c</size>
         <input_file_ref idref="fl-d0"/>
      </object_component>
      <object_component id="oc-1d7">
         <name>.debug_info</name>
         <load_address>0x1155b</load_address>
         <run_address>0x1155b</run_address>
         <size>0x33a</size>
         <input_file_ref idref="fl-d1"/>
      </object_component>
      <object_component id="oc-f7">
         <name>.debug_info</name>
         <load_address>0x11895</load_address>
         <run_address>0x11895</run_address>
         <size>0x1ee</size>
         <input_file_ref idref="fl-d1"/>
      </object_component>
      <object_component id="oc-1cc">
         <name>.debug_info</name>
         <load_address>0x11a83</load_address>
         <run_address>0x11a83</run_address>
         <size>0x1c3</size>
         <input_file_ref idref="fl-d1"/>
      </object_component>
      <object_component id="oc-1d2">
         <name>.debug_info</name>
         <load_address>0x11c46</load_address>
         <run_address>0x11c46</run_address>
         <size>0x176</size>
         <input_file_ref idref="fl-d1"/>
      </object_component>
      <object_component id="oc-1d8">
         <name>.debug_info</name>
         <load_address>0x11dbc</load_address>
         <run_address>0x11dbc</run_address>
         <size>0x2c</size>
         <input_file_ref idref="fl-d1"/>
      </object_component>
      <object_component id="oc-1dd">
         <name>.debug_info</name>
         <load_address>0x11de8</load_address>
         <run_address>0x11de8</run_address>
         <size>0x69</size>
         <input_file_ref idref="fl-d1"/>
      </object_component>
      <object_component id="oc-21c">
         <name>.debug_info</name>
         <load_address>0x11e51</load_address>
         <run_address>0x11e51</run_address>
         <size>0x37a</size>
         <input_file_ref idref="fl-d2"/>
      </object_component>
      <object_component id="oc-113">
         <name>.debug_info</name>
         <load_address>0x121cb</load_address>
         <run_address>0x121cb</run_address>
         <size>0x17e</size>
         <input_file_ref idref="fl-d2"/>
      </object_component>
      <object_component id="oc-211">
         <name>.debug_info</name>
         <load_address>0x12349</load_address>
         <run_address>0x12349</run_address>
         <size>0x171</size>
         <input_file_ref idref="fl-d2"/>
      </object_component>
      <object_component id="oc-20b">
         <name>.debug_info</name>
         <load_address>0x124ba</load_address>
         <run_address>0x124ba</run_address>
         <size>0x17e</size>
         <input_file_ref idref="fl-d2"/>
      </object_component>
      <object_component id="oc-217">
         <name>.debug_info</name>
         <load_address>0x12638</load_address>
         <run_address>0x12638</run_address>
         <size>0x1de</size>
         <input_file_ref idref="fl-d2"/>
      </object_component>
      <object_component id="oc-4ef">
         <name>.debug_info</name>
         <load_address>0x12816</load_address>
         <run_address>0x12816</run_address>
         <size>0x289</size>
         <input_file_ref idref="fl-d3"/>
      </object_component>
      <object_component id="oc-494">
         <name>.debug_info</name>
         <load_address>0x12a9f</load_address>
         <run_address>0x12a9f</run_address>
         <size>0x17e</size>
         <input_file_ref idref="fl-d3"/>
      </object_component>
      <object_component id="oc-27b">
         <name>.debug_info</name>
         <load_address>0x12c1d</load_address>
         <run_address>0x12c1d</run_address>
         <size>0x14c</size>
         <input_file_ref idref="fl-d4"/>
      </object_component>
      <object_component id="oc-276">
         <name>.debug_info</name>
         <load_address>0x12d69</load_address>
         <run_address>0x12d69</run_address>
         <size>0x13a</size>
         <input_file_ref idref="fl-d5"/>
      </object_component>
      <object_component id="oc-238">
         <name>.debug_info</name>
         <load_address>0x12ea3</load_address>
         <run_address>0x12ea3</run_address>
         <size>0x13a</size>
         <input_file_ref idref="fl-d6"/>
      </object_component>
      <object_component id="oc-289">
         <name>.debug_info</name>
         <load_address>0x12fdd</load_address>
         <run_address>0x12fdd</run_address>
         <size>0x12e</size>
         <input_file_ref idref="fl-d7"/>
      </object_component>
      <object_component id="oc-23d">
         <name>.debug_info</name>
         <load_address>0x1310b</load_address>
         <run_address>0x1310b</run_address>
         <size>0x139</size>
         <input_file_ref idref="fl-d8"/>
      </object_component>
      <object_component id="oc-281">
         <name>.debug_info</name>
         <load_address>0x13244</load_address>
         <run_address>0x13244</run_address>
         <size>0x12c</size>
         <input_file_ref idref="fl-d9"/>
      </object_component>
      <object_component id="oc-232">
         <name>.debug_info</name>
         <load_address>0x13370</load_address>
         <run_address>0x13370</run_address>
         <size>0x12c</size>
         <input_file_ref idref="fl-da"/>
      </object_component>
      <object_component id="oc-25d">
         <name>.debug_info</name>
         <load_address>0x1349c</load_address>
         <run_address>0x1349c</run_address>
         <size>0x122</size>
         <input_file_ref idref="fl-db"/>
      </object_component>
      <object_component id="oc-44">
         <name>.debug_info</name>
         <load_address>0x135be</load_address>
         <run_address>0x135be</run_address>
         <size>0x119</size>
         <input_file_ref idref="fl-dc"/>
      </object_component>
      <object_component id="oc-285">
         <name>.debug_info</name>
         <load_address>0x136d7</load_address>
         <run_address>0x136d7</run_address>
         <size>0x12e</size>
[...]
         <name>disconnectMqtt</name>
         <value>0x5603</value>
         <object_component_ref idref="oc-123"/>
      </symbol>
      <symbol id="sm-489">
         <name>sockets</name>
         <value>0x20001000</value>
      </symbol>
      <symbol id="sm-48a">
         <name>getSocketInfoFromArpResponse</name>
         <value>0x66bf</value>
         <object_component_ref idref="oc-129"/>
      </symbol>
      <symbol id="sm-48b">
         <name>getSocket</name>
         <value>0x688b</value>
         <object_component_ref idref="oc-129"/>
      </symbol>
      <symbol id="sm-48c">
         <name>initSockets</name>
         <value>0x65b5</value>
         <object_component_ref idref="oc-129"/>
      </symbol>
      <symbol id="sm-48d">
         <name>newSocket</name>
         <value>0x65ed</value>
         <object_component_ref idref="oc-129"/>
      </symbol>
      <symbol id="sm-48e">
         <name>deleteSocket</name>
         <value>0x6657</value>
         <object_component_ref idref="oc-129"/>
      </symbol>
      <symbol id="sm-48f">
         <name>getSocketInfoFromTcpPacket</name>
         <value>0x67e1</value>
         <object_component_ref idref="oc-129"/>
      </symbol>
      <symbol id="sm-490">
         <name>getSocketInfoFromUdpPacket</name>
         <value>0x6737</value>
         <object_component_ref idref="oc-129"/>
      </symbol>
      <symbol id="sm-4ac">
         <name>setSpi0Mode</name>
         <value>0x771b</value>
         <object_component_ref idref="oc-1b4"/>
      </symbol>
      <symbol id="sm-4ad">
         <name>readSpi0Data</name>
         <value>0x7781</value>
         <object_component_ref idref="oc-1b4"/>
      </symbol>
      <symbol id="sm-4ae">
         <name>writeSpi0Data</name>
         <value>0x7769</value>
         <object_component_ref idref="oc-1b4"/>
      </symbol>
      <symbol id="sm-4af">
         <name>initSpi0</name>
         <value>0x7649</value>
         <object_component_ref idref="oc-1b4"/>
      </symbol>
      <symbol id="sm-4b0">
         <name>setSpi0BaudRate</name>
         <value>0x76e5</value>
         <object_component_ref idref="oc-1b4"/>
      </symbol>
      <symbol id="sm-56a">
         <name>tcpPorts</name>
         <value>0x200012a4</value>
      </symbol>
      <symbol id="sm-56b">
         <name>tcpState</name>
         <value>0x200012ac</value>
      </symbol>
      <symbol id="sm-56c">
         <name>isTcp</name>
         <value>0x1155</value>
         <object_component_ref idref="oc-149"/>
      </symbol>
      <symbol id="sm-56d">
         <name>tcpPortCount</name>
         <value>0x200012f3</value>
         <object_component_ref idref="oc-29a"/>
      </symbol>
      <symbol id="sm-56e">
         <name>sendTcpResponse</name>
         <value>0x1b35</value>
         <object_component_ref idref="oc-149"/>
      </symbol>
      <symbol id="sm-56f">
         <name>setTcpPortList</name>
         <value>0x1a69</value>
         <object_component_ref idref="oc-149"/>
      </symbol>
      <symbol id="sm-570">
         <name>isTcpSyn</name>
         <value>0x121b</value>
         <object_component_ref idref="oc-149"/>
      </symbol>
      <symbol id="sm-571">
         <name>processTcpArpResponse</name>
         <value>0x19af</value>
         <object_component_ref idref="oc-149"/>
      </symbol>
      <symbol id="sm-572">
         <name>getTcpState</name>
         <value>0x1141</value>
         <object_component_ref idref="oc-149"/>
      </symbol>
      <symbol id="sm-573">
         <name>sendTcpPendingMessages</name>
         <value>0x12b9</value>
         <object_component_ref idref="oc-149"/>
      </symbol>
      <symbol id="sm-574">
         <name>isTcpAck</name>
         <value>0x1267</value>
         <object_component_ref idref="oc-149"/>
      </symbol>
      <symbol id="sm-575">
         <name>setTcpState</name>
         <value>0x1125</value>
         <object_component_ref idref="oc-149"/>
      </symbol>
      <symbol id="sm-576">
         <name>tcpSynTimeout</name>
         <value>0x1e19</value>
         <object_component_ref idref="oc-149"/>
      </symbol>
      <symbol id="sm-577">
         <name>sendTcpMessage</name>
         <value>0x1b65</value>
         <object_component_ref idref="oc-149"/>
      </symbol>
      <symbol id="sm-578">
         <name>processTcpResponse</name>
         <value>0x16c1</value>
         <object_component_ref idref="oc-149"/>
      </symbol>
      <symbol id="sm-579">
         <name>isTcpPortOpen</name>
         <value>0x1ab5</value>
         <object_component_ref idref="oc-149"/>
      </symbol>
      <symbol id="sm-5ba">
         <name>fn</name>
         <value>0x200011e4</value>
      </symbol>
      <symbol id="sm-5bb">
         <name>period</name>
         <value>0x2000120c</value>
      </symbol>
      <symbol id="sm-5bc">
         <name>ticks</name>
         <value>0x20001234</value>
      </symbol>
      <symbol id="sm-5bd">
         <name>reload</name>
         <value>0x20001298</value>
      </symbol>
      <symbol id="sm-5be">
         <name>initTimer</name>
         <value>0x627d</value>
         <object_component_ref idref="oc-2d"/>
      </symbol>
      <symbol id="sm-5bf">
         <name>stopTimer</name>
         <value>0x6429</value>
         <object_component_ref idref="oc-2d"/>
      </symbol>
      <symbol id="sm-5c0">
         <name>startOneshotTimer</name>
         <value>0x631d</value>
         <object_component_ref idref="oc-2d"/>
      </symbol>
      <symbol id="sm-5c1">
         <name>restartTimer</name>
         <value>0x648f</value>
         <object_component_ref idref="oc-2d"/>
      </symbol>
      <symbol id="sm-5c2">
         <name>random32</name>
         <value>0x6577</value>
         <object_component_ref idref="oc-2d"/>
      </symbol>
      <symbol id="sm-5c3">
         <name>tickIsr</name>
         <value>0x64fd</value>
         <object_component_ref idref="oc-2d"/>
      </symbol>
      <symbol id="sm-5c4">
         <name>startPeriodicTimer</name>
         <value>0x63a3</value>
         <object_component_ref idref="oc-2d"/>
      </symbol>
      <symbol id="sm-5e0">
         <name>ResetISR</name>
         <value>0x8f6b</value>
         <object_component_ref idref="oc-27"/>
      </symbol>
      <symbol id="sm-5e1">
         <name>g_pfnVectors</name>
         <value>0x0</value>
         <object_component_ref idref="oc-12"/>
      </symbol>
      <symbol id="sm-604">
         <name>getcUart0</name>
         <value>0x7d7f</value>
         <object_component_ref idref="oc-f0"/>
      </symbol>
      <symbol id="sm-605">
         <name>kbhitUart0</name>
         <value>0x7d93</value>
         <object_component_ref idref="oc-f0"/>
      </symbol>
      <symbol id="sm-606">
         <name>setUart0BaudRate</name>
         <value>0x7cf3</value>
         <object_component_ref idref="oc-f0"/>
      </symbol>
      <symbol id="sm-607">
         <name>putsUart0</name>
         <value>0x7d53</value>
         <object_component_ref idref="oc-f0"/>
      </symbol>
      <symbol id="sm-608">
         <name>initUart0</name>
         <value>0x7ca9</value>
         <object_component_ref idref="oc-f0"/>
      </symbol>
      <symbol id="sm-609">
         <name>putcUart0</name>
         <value>0x7d37</value>
         <object_component_ref idref="oc-f0"/>
      </symbol>
      <symbol id="sm-618">
         <name>waitMicrosecond</name>
         <value>0x8dcd</value>
         <object_component_ref idref="oc-13d"/>
      </symbol>
      <symbol id="sm-686">
         <name>powf</name>
         <value>0x4f25</value>
         <object_component_ref idref="oc-268"/>
      </symbol>
      <symbol id="sm-696">
         <name>sqrtf</name>
         <value>0x8d5d</value>
         <object_component_ref idref="oc-3bb"/>
      </symbol>
      <symbol id="sm-6bd">
         <name>scalbnf</name>
         <value>0x8211</value>
         <object_component_ref idref="oc-3c1"/>
      </symbol>
      <symbol id="sm-6be">
         <name>ldexpf</name>
         <value>0x8211</value>
         <object_component_ref idref="oc-3c1"/>
      </symbol>
      <symbol id="sm-6ed">
         <name>snprintf</name>
         <value>0x8a95</value>
         <object_component_ref idref="oc-f6"/>
      </symbol>
      <symbol id="sm-724">
         <name>sscanf</name>
         <value>0x8c69</value>
         <object_component_ref idref="oc-111"/>
      </symbol>
      <symbol id="sm-731">
         <name>copysignf</name>
         <value>0x8e7b</value>
         <object_component_ref idref="oc-490"/>
      </symbol>
      <symbol id="sm-748">
         <name>__aeabi_dsub</name>
         <value>0x71bd</value>
         <object_component_ref idref="oc-279"/>
      </symbol>
      <symbol id="sm-749">
         <name>__aeabi_dadd</name>
         <value>0x71c7</value>
         <object_component_ref idref="oc-279"/>
      </symbol>
      <symbol id="sm-75d">
         <name>__aeabi_ddiv</name>
         <value>0x7a41</value>
         <object_component_ref idref="oc-274"/>
      </symbol>
      <symbol id="sm-768">
         <name>__aeabi_dmul</name>
         <value>0x8115</value>
         <object_component_ref idref="oc-235"/>
      </symbol>
      <symbol id="sm-772">
         <name>__aeabi_d2iz</name>
         <value>0x8ae1</value>
         <object_component_ref idref="oc-288"/>
      </symbol>
      <symbol id="sm-77c">
         <name>__aeabi_d2uiz</name>
         <value>0x8b6d</value>
         <object_component_ref idref="oc-23a"/>
      </symbol>
      <symbol id="sm-787">
         <name>__aeabi_f2d</name>
         <value>0x8c2f</value>
         <object_component_ref idref="oc-27e"/>
      </symbol>
      <symbol id="sm-791">
         <name>__aeabi_i2d</name>
         <value>0x8d05</value>
         <object_component_ref idref="oc-230"/>
      </symbol>
      <symbol id="sm-79a">
         <name>__aeabi_lmul</name>
         <value>0x8e93</value>
         <object_component_ref idref="oc-25b"/>
      </symbol>
      <symbol id="sm-7b5">
         <name>memcpy</name>
         <value>0x8393</value>
         <object_component_ref idref="oc-41"/>
      </symbol>
      <symbol id="sm-7b6">
         <name>__aeabi_memcpy</name>
         <value>0x8393</value>
         <object_component_ref idref="oc-41"/>
      </symbol>
      <symbol id="sm-7b7">
         <name>__aeabi_memcpy8</name>
         <value>0x8393</value>
         <object_component_ref idref="oc-41"/>
      </symbol>
      <symbol id="sm-7b8">
         <name>__aeabi_memcpy4</name>
         <value>0x8393</value>
         <object_component_ref idref="oc-41"/>
      </symbol>
      <symbol id="sm-7c2">
         <name>__aeabi_ui2d</name>
         <value>0x8df1</value>
         <object_component_ref idref="oc-283"/>
      </symbol>
      <symbol id="sm-7d1">
         <name>__aeabi_memset</name>
         <value>0x8657</value>
         <object_component_ref idref="oc-a6"/>
      </symbol>
      <symbol id="sm-7d2">
         <name>memset</name>
         <value>0x865d</value>
         <object_component_ref idref="oc-a6"/>
      </symbol>
      <symbol id="sm-7d3">
         <name>__aeabi_memset8</name>
         <value>0x8657</value>
         <object_component_ref idref="oc-a6"/>
      </symbol>
      <symbol id="sm-7d4">
         <name>__aeabi_memset4</name>
         <value>0x8657</value>
         <object_component_ref idref="oc-a6"/>
      </symbol>
      <symbol id="sm-7d5">
         <name>__aeabi_memclr8</name>
         <value>0x8655</value>
         <object_component_ref idref="oc-a6"/>
      </symbol>
      <symbol id="sm-7d6">
         <name>__aeabi_memclr4</name>
         <value>0x8655</value>
         <object_component_ref idref="oc-a6"/>
      </symbol>
      <symbol id="sm-7d7">
         <name>__aeabi_memclr</name>
         <value>0x8655</value>
         <object_component_ref idref="oc-a6"/>
      </symbol>
      <symbol id="sm-7e5">
         <name>__aeabi_ldivmod</name>
         <value>0x87ab</value>
         <object_component_ref idref="oc-260"/>
      </symbol>
      <symbol id="sm-7f2">
         <name>__aeabi_uldivmod</name>
         <value>0x842f</value>
         <object_component_ref idref="oc-3b0"/>
      </symbol>
      <symbol id="sm-80b">
         <name>__TI_zero_init_nomemset</name>
         <value>0x8e11</value>
         <object_component_ref idref="oc-4d"/>
      </symbol>
      <symbol id="sm-822">
         <name>__TI_decompress_none</name>
         <value>0x8f5d</value>
         <object_component_ref idref="oc-1b"/>
      </symbol>
      <symbol id="sm-845">
         <name>__TI_decompress_lzss</name>
         <value>0x8881</value>
         <object_component_ref idref="oc-15"/>
      </symbol>
      <symbol id="sm-850">
         <name>_ctypes_</name>
         <value>0x8f90</value>
         <object_component_ref idref="oc-1fe"/>
      </symbol>
      <symbol id="sm-860">
         <name>memcmp</name>
         <value>0x8d85</value>
         <object_component_ref idref="oc-24b"/>
      </symbol>
      <symbol id="sm-86f">
         <name>strcmp</name>
         <value>0x8eab</value>
         <object_component_ref idref="oc-11d"/>
      </symbol>
      <symbol id="sm-87d">
         <name>strlen</name>
         <value>0x8f05</value>
         <object_component_ref idref="oc-23f"/>
      </symbol>
      <symbol id="sm-895">
         <name>strtok</name>
         <value>0x8bb1</value>
         <object_component_ref idref="oc-117"/>
      </symbol>
      <symbol id="sm-8a4">
         <name>tolower</name>
         <value>0x8f4d</value>
         <object_component_ref idref="oc-10b"/>
      </symbol>
      <symbol id="sm-8b7">
         <name>__stack</name>
         <value>0x20000000</value>
         <object_component_ref idref="oc-24"/>
      </symbol>
      <symbol id="sm-8b8">
         <name>_c_int00_noargs</name>
         <value>0x8ca1</value>
         <object_component_ref idref="oc-5f"/>
      </symbol>
      <symbol id="sm-8ce">
         <name>__aeabi_errno_addr</name>
         <value>0x8f79</value>
         <object_component_ref idref="oc-30c"/>
      </symbol>
      <symbol id="sm-8cf">
         <name>errno</name>
         <value>0x200012e8</value>
         <object_component_ref idref="oc-45a"/>
      </symbol>
      <symbol id="sm-a34">
         <name>__TI_printfi</name>
         <value>0x35b9</value>
         <object_component_ref idref="oc-1c4"/>
      </symbol>
      <symbol id="sm-aea">
         <name>__TI_scanfi</name>
         <value>0x2aa5</value>
         <object_component_ref idref="oc-203"/>
      </symbol>
      <symbol id="sm-af4">
         <name>__aeabi_idiv0</name>
         <value>0x4007</value>
         <object_component_ref idref="oc-3ab"/>
      </symbol>
      <symbol id="sm-af5">
         <name>__aeabi_ldiv0</name>
         <value>0x4007</value>
         <object_component_ref idref="oc-3ab"/>
      </symbol>
      <symbol id="sm-b17">
         <name>__aeabi_cdcmpeq</name>
         <value>0x84c5</value>
         <object_component_ref idref="oc-2e3"/>
      </symbol>
      <symbol id="sm-b18">
         <name>__aeabi_cdcmple</name>
         <value>0x84c5</value>
         <object_component_ref idref="oc-2e3"/>
      </symbol>
      <symbol id="sm-b19">
         <name>__aeabi_cdrcmple</name>
         <value>0x854b</value>
         <object_component_ref idref="oc-41e"/>
      </symbol>
      <symbol id="sm-b25">
         <name>__aeabi_d2f</name>
         <value>0x873d</value>
         <object_component_ref idref="oc-352"/>
      </symbol>
      <symbol id="sm-b4d">
         <name>__TI_auto_init_nobinit_nopinit</name>
         <value>0x8b29</value>
         <object_component_ref idref="oc-167"/>
      </symbol>
      <symbol id="sm-b57">
         <name>_system_pre_init</name>
         <value>0x8f89</value>
         <object_component_ref idref="oc-ac"/>
      </symbol>
      <symbol id="sm-b63">
         <name>C$$EXIT</name>
         <value>0x8f8d</value>
         <object_component_ref idref="oc-15b"/>
      </symbol>
      <symbol id="sm-b64">
         <name>abort</name>
         <value>0x8f8d</value>
         <object_component_ref idref="oc-15b"/>
      </symbol>
      <symbol id="sm-b74">
         <name>__TI_ltoa</name>
         <value>0x89a3</value>
         <object_component_ref idref="oc-423"/>
      </symbol>
      <symbol id="sm-b8b">
         <name>atoi</name>
         <value>0x8a49</value>
         <object_component_ref idref="oc-2d7"/>
      </symbol>
      <symbol id="sm-b9b">
         <name>memccpy</name>
         <value>0x8e2d</value>
         <object_component_ref idref="oc-300"/>
      </symbol>
      <symbol id="sm-bab">
         <name>strchr</name>
         <value>0x8edb</value>
         <object_component_ref idref="oc-369"/>
      </symbol>
      <symbol id="sm-bb9">
         <name>strcpy</name>
         <value>0x8ef1</value>
         <object_component_ref idref="oc-33a"/>
      </symbol>
      <symbol id="sm-bca">
         <name>strcspn</name>
         <value>0x8da9</value>
         <object_component_ref idref="oc-223"/>
      </symbol>
      <symbol id="sm-bd9">
         <name>strrchr</name>
         <value>0x8ec3</value>
         <object_component_ref idref="oc-363"/>
      </symbol>
      <symbol id="sm-beb">
         <name>strspn</name>
         <value>0x8d33</value>
         <object_component_ref idref="oc-21d"/>
      </symbol>
      <symbol id="sm-c4b">
         <name>strtold</name>
         <value>0x5e1d</value>
         <object_component_ref idref="oc-34c"/>
      </symbol>
      <symbol id="sm-c4c">
         <name>strtod</name>
         <value>0x5e1d</value>
         <object_component_ref idref="oc-34c"/>
      </symbol>
      <symbol id="sm-c70">
         <name>strtol</name>
         <value>0x7b79</value>
         <object_component_ref idref="oc-357"/>
      </symbol>
      <symbol id="sm-c96">
         <name>strtoll</name>
         <value>0x6e11</value>
         <object_component_ref idref="oc-35d"/>
      </symbol>
      <symbol id="sm-cb6">
         <name>strtoul</name>
         <value>0x8005</value>
         <object_component_ref idref="oc-346"/>
      </symbol>
      <symbol id="sm-cd9">
         <name>strtoull</name>
         <value>0x77a9</value>
         <object_component_ref idref="oc-340"/>
      </symbol>
      <symbol id="sm-cf2">
         <name>wcslen</name>
         <value>0x8f2b</value>
         <object_component_ref idref="oc-306"/>
      </symbol>
      <symbol id="sm-d08">
         <name>frexpl</name>
         <value>0x88e9</value>
         <object_component_ref idref="oc-444"/>
      </symbol>
      <symbol id="sm-d09">
         <name>frexp</name>
         <value>0x88e9</value>
         <object_component_ref idref="oc-444"/>
      </symbol>
      <symbol id="sm-d26">
         <name>scalbn</name>
         <value>0x7ef5</value>
         <object_component_ref idref="oc-44a"/>
      </symbol>
      <symbol id="sm-d27">
         <name>scalbnl</name>
         <value>0x7ef5</value>
         <object_component_ref idref="oc-44a"/>
      </symbol>
      <symbol id="sm-d28">
         <name>ldexpl</name>
         <value>0x7ef5</value>
         <object_component_ref idref="oc-44a"/>
      </symbol>
      <symbol id="sm-d29">
         <name>ldexp</name>
         <value>0x7ef5</value>
         <object_component_ref idref="oc-44a"/>
      </symbol>
      <symbol id="sm-d33">
         <name>copysign</name>
         <value>0x8e49</value>
         <object_component_ref idref="oc-4c0"/>
      </symbol>
      <symbol id="sm-d34">
         <name>copysignl</name>
         <value>0x8e49</value>
         <object_component_ref idref="oc-4c0"/>
      </symbol>
      <symbol id="sm-d35">
         <name>__TI_static_base__</name>
         <value>0x0</value>
      </symbol>
      <symbol id="sm-d38">
         <name>__mpu_init</name>
         <value>0x0</value>
      </symbol>
      <symbol id="sm-d39">
         <name>_system_post_cinit</name>
         <value>0x0</value>
      </symbol>
   </symbol_table>
   <title>Link successful</title>
</link_info>
